2026-09-01 04:52:51 [INFO]: Reading local database (read_db_file db.py:36)
2026-09-01 04:52:51 [INFO]: Reading cache of recent posts. (read_cache db.py:159)
2026-09-01 04:52:51 [DEBUG]: Cache: {} (read_cache db.py:179)
2026-09-01 04:52:51 [DEBUG]: Deleted: [] (read_cache db.py:180)
2026-09-01 04:52:51 [INFO]: Connecting to Bluesky: None. (bsky_connect connections.py:58)
2026-09-01 04:52:51 [INFO]: Reading session cache (session_cache_read connections.py:111)
2026-09-01 04:52:51 [INFO]: Connecting to Bluesky using saved session. (bsky_connect connections.py:66)
2026-09-01 04:52:51 [INFO]: Session changed: (on_session_change connections.py:104)
2026-09-01 04:52:52 [INFO]: Session changed: (on_session_change connections.py:104)
2026-09-01 04:52:52 [INFO]: Saving changed session (on_session_change connections.py:106)
2026-09-01 04:52:52 [INFO]: Saving session cache (session_cache_write connections.py:120)
2026-09-01 04:52:52 [INFO]: Successfully logged in to Bluesky using saved session. (bsky_connect connections.py:68)
2026-09-01 04:52:52 [INFO]: Saving session cache (session_cache_write connections.py:120)
2026-09-01 04:52:52 [INFO]: Gathering posts from Bluesky (get_posts bluesky.py:18)
2026-09-01 04:52:52 [DEBUG]: Post created at: 2026-08-28 12:41:35 (get_posts bluesky.py:33)
2026-09-01 04:52:52 [INFO]: Post bafyreidfv7ws6pchpxfyj346zpkrykxpxpgww6vfsjjnpbjunxfoqwh3mq posted outside time limit. (get_posts bluesky.py:39)
2026-09-01 04:52:52 [DEBUG]: Post created at: 2026-08-19 17:08:43 (get_posts bluesky.py:33)
2026-09-01 04:52:52 [INFO]: Post bafyreiaoyoxdgjrdqbjwnwsqt7nhrjlyn24pmjsmuw7gj2vwkyg354uo24 posted outside time limit. (get_posts bluesky.py:39)
2026-09-01 04:52:52 [DEBUG]: Post created at: 2026-08-11 18:33:44 (get_posts bluesky.py:33)
2026-09-01 04:52:52 [INFO]: Post bafyreif6z4mshhjzw7nskbqsktlhq7d5i6vyhy2jxtmu3t2zgw4m2fhavq posted outside time limit. (get_posts bluesky.py:39)
2026-09-01 04:52:52 [DEBUG]: Post created at: 2026-08-06 12:27:25 (get_posts bluesky.py:33)
2026-09-01 04:52:52 [INFO]: Post bafyreibx2vnv3hheqm2susm6rhiultlk6eaptkwbnjmhajzicwe22gfbjm posted outside time limit. (get_posts bluesky.py:39)
2026-09-01 04:52:52 [DEBUG]: Post created at: 2026-08-05 13:39:02 (get_posts bluesky.py:33)
2026-09-01 04:52:52 [INFO]: Post bafyreihtizm7ymakkbho3vywrcve77otdl2txadgxgoyrni5hseaisrszy posted outside time limit. (get_posts bluesky.py:39)
2026-09-01 04:52:52 [DEBUG]: Post created at: 2026-07-23 15:16:51 (get_posts bluesky.py:33)
2026-09-01 04:52:52 [INFO]: Post bafyreif6f2ek3doxuknizkn2jatdtqesoby5hz3wipn4vbnlm6aof6titm posted outside time limit. (get_posts bluesky.py:39)
2026-09-01 04:52:52 [DEBUG]: Post created at: 2026-07-22 15:15:36 (get_posts bluesky.py:33)
2026-09-01 04:52:52 [INFO]: Post bafyreigbxvo544aahrqrrukb3i2h6nnnjv73bddkd5gewt73b2fqovobui posted outside time limit. (get_posts bluesky.py:39)
2026-09-01 04:52:52 [DEBUG]: Post created at: 2026-07-20 12:33:32 (get_posts bluesky.py:33)
2026-09-01 04:52:52 [INFO]: Post bafyreibrtm3v3ucg73br5shdear4zmw4w5f33w5q2ulxbcrf4suakyhmpq posted outside time limit. (get_posts bluesky.py:39)
2026-09-01 04:52:52 [DEBUG]: Post created at: 2026-07-17 11:35:56 (get_posts bluesky.py:33)
2026-09-01 04:52:52 [INFO]: Post bafyreidtxvowahst6h6tvquj5g3uo26gjcgmkvggwg3e44pchoyq4unb4i posted outside time limit. (get_posts bluesky.py:39)
2026-09-01 04:52:52 [DEBUG]: Post created at: 2026-07-06 14:05:46 (get_posts bluesky.py:33)
2026-09-01 04:52:52 [INFO]: Post bafyreiblrulfzvgmmsltp3nywyhksmj4dr257fkhuhoquhhh4vkwr4zzsu posted outside time limit. (get_posts bluesky.py:39)
2026-09-01 04:52:52 [DEBUG]: Post created at: 2026-06-30 16:37:16 (get_posts bluesky.py:33)
2026-09-01 04:52:52 [INFO]: Post bafyreib46tjmeeqwcvj6wiw75b24fza7oug4heiy2ciuww366uibqrqsbe posted outside time limit. (get_posts bluesky.py:39)
2026-09-01 04:52:52 [DEBUG]: Post created at: 2026-06-24 11:17:45 (get_posts bluesky.py:33)
2026-09-01 04:52:52 [INFO]: Post bafyreidt2ygeayems7i7paeb24ig5l2v7lcmtfhrdi4uhrxfjm4thubecq posted outside time limit. (get_posts bluesky.py:39)
2026-09-01 04:52:52 [DEBUG]: Post created at: 2026-06-17 13:46:03 (get_posts bluesky.py:33)
2026-09-01 04:52:52 [INFO]: Post bafyreieekpu7ys5y3dujnzaoq62fikjxndci6yr6qzasdfictup376i3lq posted outside time limit. (get_posts bluesky.py:39)
2026-09-01 04:52:52 [DEBUG]: Post created at: 2026-06-02 18:05:16 (get_posts bluesky.py:33)
2026-09-01 04:52:52 [INFO]: Post bafyreibwhlbkkwktshb56dytljna7wlvy45dkdd7vqawv5xpvqd3btb5tu posted outside time limit. (get_posts bluesky.py:39)
2026-09-01 04:52:52 [DEBUG]: Post created at: 2026-05-28 12:42:25 (get_posts bluesky.py:33)
2026-09-01 04:52:52 [INFO]: Post bafyreigew3jv7boj7icxdil3sho3r5u6qnvgmiwkfvx5yszmyzbwuz7pwu posted outside time limit. (get_posts bluesky.py:39)
2026-09-01 04:52:52 [DEBUG]: Post created at: 2026-05-27 18:13:32 (get_posts bluesky.py:33)
2026-09-01 04:52:52 [INFO]: Post bafyreicomu6cn7rxnkk4gmfp235wbntlseyony4hstbw3m5ipnxjqzma54 posted outside time limit. (get_posts bluesky.py:39)
2026-09-01 04:52:52 [DEBUG]: Post created at: 2026-05-21 16:52:19 (get_posts bluesky.py:33)
2026-09-01 04:52:52 [INFO]: Post bafyreifgxpvh535rsbgturdrvuix3yrkwwzdxxfvmcif3tgn5ae46i25ca posted outside time limit. (get_posts bluesky.py:39)
2026-09-01 04:52:52 [DEBUG]: Post created at: 2026-05-18 11:38:35 (get_posts bluesky.py:33)
2026-09-01 04:52:52 [INFO]: Post bafyreif3vacnffmfmavpf7x2gwtddexvcrqmcetogbnzbca52sfygsnl3i posted outside time limit. (get_posts bluesky.py:39)
2026-09-01 04:52:52 [DEBUG]: Post created at: 2026-05-12 12:15:04 (get_posts bluesky.py:33)
2026-09-01 04:52:52 [INFO]: Post bafyreigir5vldhynmmhee7b5scolawrc2twgukmpbfvlrc66aqji4vlbbu posted outside time limit. (get_posts bluesky.py:39)
2026-09-01 04:52:52 [DEBUG]: Post created at: 2026-05-07 13:44:19 (get_posts bluesky.py:33)
2026-09-01 04:52:52 [INFO]: Post bafyreibmmqchdd5ocewgcdwj2zawtqsn5jlx7jumuqdij7nn6f77t3tpri posted outside time limit. (get_posts bluesky.py:39)
2026-09-01 04:52:52 [DEBUG]: Post created at: 2026-05-04 12:46:03 (get_posts bluesky.py:33)
2026-09-01 04:52:52 [INFO]: Post bafyreicpdt7qhotsxspx6lo4xl5rwzxeeanscduabrvruycpppoonyz6tm posted outside time limit. (get_posts bluesky.py:39)
2026-09-01 04:52:52 [DEBUG]: Post created at: 2026-04-30 14:02:43 (get_posts bluesky.py:33)
2026-09-01 04:52:52 [INFO]: Post bafyreie2qsbv7gjgphjshteqeuzf4pe2dkr4cu3aty2a27kjai4swzebtq posted outside time limit. (get_posts bluesky.py:39)
2026-09-01 04:52:52 [DEBUG]: Post created at: 2026-04-22 14:53:48 (get_posts bluesky.py:33)
2026-09-01 04:52:52 [INFO]: Post bafyreicdui5gpvu6eri4oggsvvgxqb4rb3oy3l2ymmnmffpwz6t3oz2yne posted outside time limit. (get_posts bluesky.py:39)
2026-09-01 04:52:52 [DEBUG]: Post created at: 2026-04-15 13:40:00 (get_posts bluesky.py:33)
2026-09-01 04:52:52 [INFO]: Post bafyreidshdytdhy7f6q3a5yuchedy53verbugnulbbwvllnxofvzpze4re posted outside time limit. (get_posts bluesky.py:39)
2026-09-01 04:52:52 [DEBUG]: Post created at: 2026-04-13 16:38:02 (get_posts bluesky.py:33)
2026-09-01 04:52:52 [INFO]: Post bafyreiauh7o5v67ac256ngxkoqkqnio2e2kmdzdzzqt6vxq32td7gatkmy posted outside time limit. (get_posts bluesky.py:39)
2026-09-01 04:52:52 [DEBUG]: Post created at: 2026-04-10 13:14:36 (get_posts bluesky.py:33)
2026-09-01 04:52:52 [INFO]: Post bafyreifrh7fshwfax4ntkkzh4kal7hstv46kgxa4qlogxu7z7gjxr3ppgu posted outside time limit. (get_posts bluesky.py:39)
2026-09-01 04:52:52 [DEBUG]: Post created at: 2026-04-01 14:22:07 (get_posts bluesky.py:33)
2026-09-01 04:52:52 [INFO]: Post bafyreih2ht6th7xmwvmptcmfdfr5cbdgeavpps6jqyt6xysm37j34w6rge posted outside time limit. (get_posts bluesky.py:39)
2026-09-01 04:52:52 [DEBUG]: Post created at: 2026-03-26 14:42:37 (get_posts bluesky.py:33)
2026-09-01 04:52:52 [INFO]: Post bafyreicfxh453sypukedfr6mfj76tr6uz3osxwb3jfv5ywwecuvhbf267u posted outside time limit. (get_posts bluesky.py:39)
2026-09-01 04:52:52 [DEBUG]: Post created at: 2026-03-26 13:54:10 (get_posts bluesky.py:33)
2026-09-01 04:52:52 [INFO]: Post bafyreifuq22kydpi7ctnxtvy6zww2yzomvsrhq6x2dleqjas62m3p5zo3m posted outside time limit. (get_posts bluesky.py:39)
2026-09-01 04:52:52 [DEBUG]: Post created at: 2026-03-24 22:10:18 (get_posts bluesky.py:33)
2026-09-01 04:52:52 [INFO]: Post bafyreigv5zvvt4yc5xsxkjjliryumxazef75ib5hsmnhtibcncwxoxvnfm posted outside time limit. (get_posts bluesky.py:39)
2026-09-01 04:52:52 [DEBUG]: Post created at: 2026-03-19 14:44:04 (get_posts bluesky.py:33)
2026-09-01 04:52:52 [INFO]: Post bafyreif2f6qv2mgg6cd7amog5rhlfce6br7a6jwoygh7j5szpujkxbw7lq posted outside time limit. (get_posts bluesky.py:39)
2026-09-01 04:52:52 [DEBUG]: Post created at: 2026-03-11 15:06:56 (get_posts bluesky.py:33)
2026-09-01 04:52:52 [INFO]: Post bafyreicdvogziwifeeulpxdanjzw2hhz2x563zmhsulsol6cc2g4awgdzm posted outside time limit. (get_posts bluesky.py:39)
2026-09-01 04:52:52 [DEBUG]: Post created at: 2026-03-10 13:42:44 (get_posts bluesky.py:33)
2026-09-01 04:52:52 [INFO]: Post bafyreievqd6tqe2jmv27cfpq5qfipsop37wgy5tmnrxcgj5pg6c73ziqhe posted outside time limit. (get_posts bluesky.py:39)
2026-09-01 04:52:52 [DEBUG]: Post created at: 2026-02-27 13:14:55 (get_posts bluesky.py:33)
2026-09-01 04:52:52 [INFO]: Post bafyreihnhuuasms57pqkf7igt3c76hf6yngh75wdqpi2zsjqkyv33mn45e posted outside time limit. (get_posts bluesky.py:39)
2026-09-01 04:52:52 [DEBUG]: Post created at: 2026-02-24 16:23:10 (get_posts bluesky.py:33)
2026-09-01 04:52:52 [INFO]: Post bafyreide2tzdyz3qhqvp6dvacl4lo2xhv6sr6gx3jq6ogve525scwql7mi posted outside time limit. (get_posts bluesky.py:39)
2026-09-01 04:52:52 [DEBUG]: Post created at: 2026-02-18 15:42:15 (get_posts bluesky.py:33)
2026-09-01 04:52:52 [INFO]: Post bafyreierb4dlpinmyb7vig7fxqcvt3jgwebafz4bjndrkfzydb5hago4py posted outside time limit. (get_posts bluesky.py:39)
2026-09-01 04:52:52 [DEBUG]: Post created at: 2026-02-13 13:50:14 (get_posts bluesky.py:33)
2026-09-01 04:52:52 [INFO]: Post bafyreiaig2my7kiizjlekleu7edp5chbzu4tonydswkd7j4xawrrklnpea posted outside time limit. (get_posts bluesky.py:39)
2026-09-01 04:52:52 [DEBUG]: Post created at: 2026-02-11 15:17:23 (get_posts bluesky.py:33)
2026-09-01 04:52:52 [INFO]: Post bafyreiaggywu7xfcr3hdbey7tqklccqal2ixepuh6oxtqkyabjhrfpey5y posted outside time limit. (get_posts bluesky.py:39)
2026-09-01 04:52:52 [DEBUG]: Post created at: 2026-02-09 20:47:56 (get_posts bluesky.py:33)
2026-09-01 04:52:52 [INFO]: Post bafyreiegxryprnsav7l5m2duvjrdpuxmd62pglm6dfhladwumo6hb7n73m posted outside time limit. (get_posts bluesky.py:39)
2026-09-01 04:52:52 [DEBUG]: Post created at: 2026-02-04 21:31:32 (get_posts bluesky.py:33)
2026-09-01 04:52:52 [INFO]: Post bafyreiauk2lyeyl7tomeltjaadmgz4auvla2j6itigb2wsu6n52sqbwndu posted outside time limit. (get_posts bluesky.py:39)
2026-09-01 04:52:52 [DEBUG]: Post created at: 2026-02-03 15:53:41 (get_posts bluesky.py:33)
2026-09-01 04:52:52 [INFO]: Post bafyreidbfzjy6zmupb6yp2zrp77ulb7ejvdfu2lawhjkdhg7ekkfoyfzke posted outside time limit. (get_posts bluesky.py:39)
2026-09-01 04:52:52 [DEBUG]: Post created at: 2026-02-02 14:12:40 (get_posts bluesky.py:33)
2026-09-01 04:52:52 [INFO]: Post bafyreibs77nvnmgxegsi2a3q34gvw6gvtffjrta3mgvjmmxq6dagrlaprq posted outside time limit. (get_posts bluesky.py:39)
2026-09-01 04:52:52 [DEBUG]: Post created at: 2026-01-31 17:16:33 (get_posts bluesky.py:33)
2026-09-01 04:52:52 [INFO]: Post bafyreidu7qm22ionzyatpqfiuqfyiio3royiaf4beodokuiwns6f6cl53i posted outside time limit. (get_posts bluesky.py:39)
2026-09-01 04:52:52 [DEBUG]: Post created at: 2026-01-28 13:09:15 (get_posts bluesky.py:33)
2026-09-01 04:52:52 [INFO]: Post bafyreiagqnn3nlo5ftumr3kbsm6zji76ga24ki2373uhb3xxl4o6orajka posted outside time limit. (get_posts bluesky.py:39)
2026-09-01 04:52:52 [DEBUG]: Post created at: 2026-01-27 12:33:02 (get_posts bluesky.py:33)
2026-09-01 04:52:52 [INFO]: Post bafyreifuscbokcel27xngzhkrzopzkb632pmpljpmmbbure5jn5hevtsgq posted outside time limit. (get_posts bluesky.py:39)
2026-09-01 04:52:52 [DEBUG]: Post created at: 2026-01-22 14:21:10 (get_posts bluesky.py:33)
2026-09-01 04:52:52 [INFO]: Post bafyreiagapzgbtv5j2rsn573qr7o7kz73t74l7ypk2eyfahtf6sc5fdjsi posted outside time limit. (get_posts bluesky.py:39)
2026-09-01 04:52:52 [DEBUG]: Post created at: 2026-01-21 13:15:06 (get_posts bluesky.py:33)
2026-09-01 04:52:52 [INFO]: Post bafyreie6wukbdijlqzvjkk4ifh26mdphsaajw26hlqdkohpqcwhuvinmyq posted outside time limit. (get_posts bluesky.py:39)
2026-09-01 04:52:52 [DEBUG]: Post created at: 2026-01-16 16:05:12 (get_posts bluesky.py:33)
2026-09-01 04:52:52 [INFO]: Post bafyreicxzwxqthabj7pnlubsgptgkrsy3x7oxqkp3xahy6tv4gg5yqf2ju posted outside time limit. (get_posts bluesky.py:39)
2026-09-01 04:52:52 [DEBUG]: Post created at: 2026-01-12 13:15:19 (get_posts bluesky.py:33)
2026-09-01 04:52:52 [INFO]: Post bafyreibdn3xxyolwdpeqkewnnprrra2cgk5kbcxcbxywh4lkz3ulcilrqi posted outside time limit. (get_posts bluesky.py:39)
2026-09-01 04:52:52 [DEBUG]: Post created at: 2026-01-08 13:18:56 (get_posts bluesky.py:33)
2026-09-01 04:52:52 [INFO]: Post bafyreietgnh4gc7s4leq7bvqmrgmvznpshszycyy34rd4rnwavw5oghegy posted outside time limit. (get_posts bluesky.py:39)
2026-09-01 04:52:52 [WARNING]: No posts found from input. (get_posts fetch.py:18)
2026-09-01 11:32:33 [INFO]: Reading local database (read_db_file db.py:36)
2026-09-01 11:32:33 [INFO]: Reading cache of recent posts. (read_cache db.py:159)
2026-09-01 11:32:33 [DEBUG]: Cache: {} (read_cache db.py:179)
2026-09-01 11:32:33 [DEBUG]: Deleted: [] (read_cache db.py:180)
2026-09-01 11:32:33 [INFO]: Connecting to Bluesky: None. (bsky_connect connections.py:58)
2026-09-01 11:32:33 [INFO]: Reading session cache (session_cache_read connections.py:111)
2026-09-01 11:32:33 [INFO]: Connecting to Bluesky using saved session. (bsky_connect connections.py:66)
2026-09-01 11:32:33 [INFO]: Session changed: (on_session_change connections.py:104)
2026-09-01 11:32:33 [INFO]: Session changed: (on_session_change connections.py:104)
2026-09-01 11:32:33 [INFO]: Saving changed session (on_session_change connections.py:106)
2026-09-01 11:32:33 [INFO]: Saving session cache (session_cache_write connections.py:120)
2026-09-01 11:32:34 [INFO]: Successfully logged in to Bluesky using saved session. (bsky_connect connections.py:68)
2026-09-01 11:32:34 [INFO]: Saving session cache (session_cache_write connections.py:120)
2026-09-01 11:32:34 [INFO]: Gathering posts from Bluesky (get_posts bluesky.py:18)
2026-09-01 11:32:34 [DEBUG]: Post created at: 2026-08-28 12:41:35 (get_posts bluesky.py:33)
2026-09-01 11:32:34 [INFO]: Post bafyreidfv7ws6pchpxfyj346zpkrykxpxpgww6vfsjjnpbjunxfoqwh3mq posted outside time limit. (get_posts bluesky.py:39)
2026-09-01 11:32:34 [DEBUG]: Post created at: 2026-08-19 17:08:43 (get_posts bluesky.py:33)
2026-09-01 11:32:34 [INFO]: Post bafyreiaoyoxdgjrdqbjwnwsqt7nhrjlyn24pmjsmuw7gj2vwkyg354uo24 posted outside time limit. (get_posts bluesky.py:39)
2026-09-01 11:32:34 [DEBUG]: Post created at: 2026-08-11 18:33:44 (get_posts bluesky.py:33)
2026-09-01 11:32:34 [INFO]: Post bafyreif6z4mshhjzw7nskbqsktlhq7d5i6vyhy2jxtmu3t2zgw4m2fhavq posted outside time limit. (get_posts bluesky.py:39)
2026-09-01 11:32:34 [DEBUG]: Post created at: 2026-08-06 12:27:25 (get_posts bluesky.py:33)
2026-09-01 11:32:34 [INFO]: Post bafyreibx2vnv3hheqm2susm6rhiultlk6eaptkwbnjmhajzicwe22gfbjm posted outside time limit. (get_posts bluesky.py:39)
2026-09-01 11:32:34 [DEBUG]: Post created at: 2026-08-05 13:39:02 (get_posts bluesky.py:33)
2026-09-01 11:32:34 [INFO]: Post bafyreihtizm7ymakkbho3vywrcve77otdl2txadgxgoyrni5hseaisrszy posted outside time limit. (get_posts bluesky.py:39)
2026-09-01 11:32:34 [DEBUG]: Post created at: 2026-07-23 15:16:51 (get_posts bluesky.py:33)
2026-09-01 11:32:34 [INFO]: Post bafyreif6f2ek3doxuknizkn2jatdtqesoby5hz3wipn4vbnlm6aof6titm posted outside time limit. (get_posts bluesky.py:39)
2026-09-01 11:32:34 [DEBUG]: Post created at: 2026-07-22 15:15:36 (get_posts bluesky.py:33)
2026-09-01 11:32:34 [INFO]: Post bafyreigbxvo544aahrqrrukb3i2h6nnnjv73bddkd5gewt73b2fqovobui posted outside time limit. (get_posts bluesky.py:39)
2026-09-01 11:32:34 [DEBUG]: Post created at: 2026-07-20 12:33:32 (get_posts bluesky.py:33)
2026-09-01 11:32:34 [INFO]: Post bafyreibrtm3v3ucg73br5shdear4zmw4w5f33w5q2ulxbcrf4suakyhmpq posted outside time limit. (get_posts bluesky.py:39)
2026-09-01 11:32:34 [DEBUG]: Post created at: 2026-07-17 11:35:56 (get_posts bluesky.py:33)
2026-09-01 11:32:34 [INFO]: Post bafyreidtxvowahst6h6tvquj5g3uo26gjcgmkvggwg3e44pchoyq4unb4i posted outside time limit. (get_posts bluesky.py:39)
2026-09-01 11:32:34 [DEBUG]: Post created at: 2026-07-06 14:05:46 (get_posts bluesky.py:33)
2026-09-01 11:32:34 [INFO]: Post bafyreiblrulfzvgmmsltp3nywyhksmj4dr257fkhuhoquhhh4vkwr4zzsu posted outside time limit. (get_posts bluesky.py:39)
2026-09-01 11:32:34 [DEBUG]: Post created at: 2026-06-30 16:37:16 (get_posts bluesky.py:33)
2026-09-01 11:32:34 [INFO]: Post bafyreib46tjmeeqwcvj6wiw75b24fza7oug4heiy2ciuww366uibqrqsbe posted outside time limit. (get_posts bluesky.py:39)
2026-09-01 11:32:34 [DEBUG]: Post created at: 2026-06-24 11:17:45 (get_posts bluesky.py:33)
2026-09-01 11:32:34 [INFO]: Post bafyreidt2ygeayems7i7paeb24ig5l2v7lcmtfhrdi4uhrxfjm4thubecq posted outside time limit. (get_posts bluesky.py:39)
2026-09-01 11:32:34 [DEBUG]: Post created at: 2026-06-17 13:46:03 (get_posts bluesky.py:33)
2026-09-01 11:32:34 [INFO]: Post bafyreieekpu7ys5y3dujnzaoq62fikjxndci6yr6qzasdfictup376i3lq posted outside time limit. (get_posts bluesky.py:39)
2026-09-01 11:32:34 [DEBUG]: Post created at: 2026-06-02 18:05:16 (get_posts bluesky.py:33)
2026-09-01 11:32:34 [INFO]: Post bafyreibwhlbkkwktshb56dytljna7wlvy45dkdd7vqawv5xpvqd3btb5tu posted outside time limit. (get_posts bluesky.py:39)
2026-09-01 11:32:34 [DEBUG]: Post created at: 2026-05-28 12:42:25 (get_posts bluesky.py:33)
2026-09-01 11:32:34 [INFO]: Post bafyreigew3jv7boj7icxdil3sho3r5u6qnvgmiwkfvx5yszmyzbwuz7pwu posted outside time limit. (get_posts bluesky.py:39)
2026-09-01 11:32:34 [DEBUG]: Post created at: 2026-05-27 18:13:32 (get_posts bluesky.py:33)
2026-09-01 11:32:34 [INFO]: Post bafyreicomu6cn7rxnkk4gmfp235wbntlseyony4hstbw3m5ipnxjqzma54 posted outside time limit. (get_posts bluesky.py:39)
2026-09-01 11:32:34 [DEBUG]: Post created at: 2026-05-21 16:52:19 (get_posts bluesky.py:33)
2026-09-01 11:32:34 [INFO]: Post bafyreifgxpvh535rsbgturdrvuix3yrkwwzdxxfvmcif3tgn5ae46i25ca posted outside time limit. (get_posts bluesky.py:39)
2026-09-01 11:32:34 [DEBUG]: Post created at: 2026-05-18 11:38:35 (get_posts bluesky.py:33)
2026-09-01 11:32:34 [INFO]: Post bafyreif3vacnffmfmavpf7x2gwtddexvcrqmcetogbnzbca52sfygsnl3i posted outside time limit. (get_posts bluesky.py:39)
2026-09-01 11:32:34 [DEBUG]: Post created at: 2026-05-12 12:15:04 (get_posts bluesky.py:33)
2026-09-01 11:32:34 [INFO]: Post bafyreigir5vldhynmmhee7b5scolawrc2twgukmpbfvlrc66aqji4vlbbu posted outside time limit. (get_posts bluesky.py:39)
2026-09-01 11:32:34 [DEBUG]: Post created at: 2026-05-07 13:44:19 (get_posts bluesky.py:33)
2026-09-01 11:32:34 [INFO]: Post bafyreibmmqchdd5ocewgcdwj2zawtqsn5jlx7jumuqdij7nn6f77t3tpri posted outside time limit. (get_posts bluesky.py:39)
2026-09-01 11:32:34 [DEBUG]: Post created at: 2026-05-04 12:46:03 (get_posts bluesky.py:33)
2026-09-01 11:32:34 [INFO]: Post bafyreicpdt7qhotsxspx6lo4xl5rwzxeeanscduabrvruycpppoonyz6tm posted outside time limit. (get_posts bluesky.py:39)
2026-09-01 11:32:34 [DEBUG]: Post created at: 2026-04-30 14:02:43 (get_posts bluesky.py:33)
2026-09-01 11:32:34 [INFO]: Post bafyreie2qsbv7gjgphjshteqeuzf4pe2dkr4cu3aty2a27kjai4swzebtq posted outside time limit. (get_posts bluesky.py:39)
2026-09-01 11:32:34 [DEBUG]: Post created at: 2026-04-22 14:53:48 (get_posts bluesky.py:33)
2026-09-01 11:32:34 [INFO]: Post bafyreicdui5gpvu6eri4oggsvvgxqb4rb3oy3l2ymmnmffpwz6t3oz2yne posted outside time limit. (get_posts bluesky.py:39)
2026-09-01 11:32:34 [DEBUG]: Post created at: 2026-04-15 13:40:00 (get_posts bluesky.py:33)
2026-09-01 11:32:34 [INFO]: Post bafyreidshdytdhy7f6q3a5yuchedy53verbugnulbbwvllnxofvzpze4re posted outside time limit. (get_posts bluesky.py:39)
2026-09-01 11:32:34 [DEBUG]: Post created at: 2026-04-13 16:38:02 (get_posts bluesky.py:33)
2026-09-01 11:32:34 [INFO]: Post bafyreiauh7o5v67ac256ngxkoqkqnio2e2kmdzdzzqt6vxq32td7gatkmy posted outside time limit. (get_posts bluesky.py:39)
2026-09-01 11:32:34 [DEBUG]: Post created at: 2026-04-10 13:14:36 (get_posts bluesky.py:33)
2026-09-01 11:32:34 [INFO]: Post bafyreifrh7fshwfax4ntkkzh4kal7hstv46kgxa4qlogxu7z7gjxr3ppgu posted outside time limit. (get_posts bluesky.py:39)
2026-09-01 11:32:34 [DEBUG]: Post created at: 2026-04-01 14:22:07 (get_posts bluesky.py:33)
2026-09-01 11:32:34 [INFO]: Post bafyreih2ht6th7xmwvmptcmfdfr5cbdgeavpps6jqyt6xysm37j34w6rge posted outside time limit. (get_posts bluesky.py:39)
2026-09-01 11:32:34 [DEBUG]: Post created at: 2026-03-26 14:42:37 (get_posts bluesky.py:33)
2026-09-01 11:32:34 [INFO]: Post bafyreicfxh453sypukedfr6mfj76tr6uz3osxwb3jfv5ywwecuvhbf267u posted outside time limit. (get_posts bluesky.py:39)
2026-09-01 11:32:34 [DEBUG]: Post created at: 2026-03-26 13:54:10 (get_posts bluesky.py:33)
2026-09-01 11:32:34 [INFO]: Post bafyreifuq22kydpi7ctnxtvy6zww2yzomvsrhq6x2dleqjas62m3p5zo3m posted outside time limit. (get_posts bluesky.py:39)
2026-09-01 11:32:34 [DEBUG]: Post created at: 2026-03-24 22:10:18 (get_posts bluesky.py:33)
2026-09-01 11:32:34 [INFO]: Post bafyreigv5zvvt4yc5xsxkjjliryumxazef75ib5hsmnhtibcncwxoxvnfm posted outside time limit. (get_posts bluesky.py:39)
2026-09-01 11:32:34 [DEBUG]: Post created at: 2026-03-19 14:44:04 (get_posts bluesky.py:33)
2026-09-01 11:32:34 [INFO]: Post bafyreif2f6qv2mgg6cd7amog5rhlfce6br7a6jwoygh7j5szpujkxbw7lq posted outside time limit. (get_posts bluesky.py:39)
2026-09-01 11:32:34 [DEBUG]: Post created at: 2026-03-11 15:06:56 (get_posts bluesky.py:33)
2026-09-01 11:32:34 [INFO]: Post bafyreicdvogziwifeeulpxdanjzw2hhz2x563zmhsulsol6cc2g4awgdzm posted outside time limit. (get_posts bluesky.py:39)
2026-09-01 11:32:34 [DEBUG]: Post created at: 2026-03-10 13:42:44 (get_posts bluesky.py:33)
2026-09-01 11:32:34 [INFO]: Post bafyreievqd6tqe2jmv27cfpq5qfipsop37wgy5tmnrxcgj5pg6c73ziqhe posted outside time limit. (get_posts bluesky.py:39)
2026-09-01 11:32:34 [DEBUG]: Post created at: 2026-02-27 13:14:55 (get_posts bluesky.py:33)
2026-09-01 11:32:34 [INFO]: Post bafyreihnhuuasms57pqkf7igt3c76hf6yngh75wdqpi2zsjqkyv33mn45e posted outside time limit. (get_posts bluesky.py:39)
2026-09-01 11:32:34 [DEBUG]: Post created at: 2026-02-24 16:23:10 (get_posts bluesky.py:33)
2026-09-01 11:32:34 [INFO]: Post bafyreide2tzdyz3qhqvp6dvacl4lo2xhv6sr6gx3jq6ogve525scwql7mi posted outside time limit. (get_posts bluesky.py:39)
2026-09-01 11:32:34 [DEBUG]: Post created at: 2026-02-18 15:42:15 (get_posts bluesky.py:33)
2026-09-01 11:32:34 [INFO]: Post bafyreierb4dlpinmyb7vig7fxqcvt3jgwebafz4bjndrkfzydb5hago4py posted outside time limit. (get_posts bluesky.py:39)
2026-09-01 11:32:34 [DEBUG]: Post created at: 2026-02-13 13:50:14 (get_posts bluesky.py:33)
2026-09-01 11:32:34 [INFO]: Post bafyreiaig2my7kiizjlekleu7edp5chbzu4tonydswkd7j4xawrrklnpea posted outside time limit. (get_posts bluesky.py:39)
2026-09-01 11:32:34 [DEBUG]: Post created at: 2026-02-11 15:17:23 (get_posts bluesky.py:33)
2026-09-01 11:32:34 [INFO]: Post bafyreiaggywu7xfcr3hdbey7tqklccqal2ixepuh6oxtqkyabjhrfpey5y posted outside time limit. (get_posts bluesky.py:39)
2026-09-01 11:32:34 [DEBUG]: Post created at: 2026-02-09 20:47:56 (get_posts bluesky.py:33)
2026-09-01 11:32:34 [INFO]: Post bafyreiegxryprnsav7l5m2duvjrdpuxmd62pglm6dfhladwumo6hb7n73m posted outside time limit. (get_posts bluesky.py:39)
2026-09-01 11:32:34 [DEBUG]: Post created at: 2026-02-04 21:31:32 (get_posts bluesky.py:33)
2026-09-01 11:32:34 [INFO]: Post bafyreiauk2lyeyl7tomeltjaadmgz4auvla2j6itigb2wsu6n52sqbwndu posted outside time limit. (get_posts bluesky.py:39)
2026-09-01 11:32:34 [DEBUG]: Post created at: 2026-02-03 15:53:41 (get_posts bluesky.py:33)
2026-09-01 11:32:34 [INFO]: Post bafyreidbfzjy6zmupb6yp2zrp77ulb7ejvdfu2lawhjkdhg7ekkfoyfzke posted outside time limit. (get_posts bluesky.py:39)
2026-09-01 11:32:34 [DEBUG]: Post created at: 2026-02-02 14:12:40 (get_posts bluesky.py:33)
2026-09-01 11:32:34 [INFO]: Post bafyreibs77nvnmgxegsi2a3q34gvw6gvtffjrta3mgvjmmxq6dagrlaprq posted outside time limit. (get_posts bluesky.py:39)
2026-09-01 11:32:34 [DEBUG]: Post created at: 2026-01-31 17:16:33 (get_posts bluesky.py:33)
2026-09-01 11:32:34 [INFO]: Post bafyreidu7qm22ionzyatpqfiuqfyiio3royiaf4beodokuiwns6f6cl53i posted outside time limit. (get_posts bluesky.py:39)
2026-09-01 11:32:34 [DEBUG]: Post created at: 2026-01-28 13:09:15 (get_posts bluesky.py:33)
2026-09-01 11:32:34 [INFO]: Post bafyreiagqnn3nlo5ftumr3kbsm6zji76ga24ki2373uhb3xxl4o6orajka posted outside time limit. (get_posts bluesky.py:39)
2026-09-01 11:32:34 [DEBUG]: Post created at: 2026-01-27 12:33:02 (get_posts bluesky.py:33)
2026-09-01 11:32:34 [INFO]: Post bafyreifuscbokcel27xngzhkrzopzkb632pmpljpmmbbure5jn5hevtsgq posted outside time limit. (get_posts bluesky.py:39)
2026-09-01 11:32:34 [DEBUG]: Post created at: 2026-01-22 14:21:10 (get_posts bluesky.py:33)
2026-09-01 11:32:34 [INFO]: Post bafyreiagapzgbtv5j2rsn573qr7o7kz73t74l7ypk2eyfahtf6sc5fdjsi posted outside time limit. (get_posts bluesky.py:39)
2026-09-01 11:32:34 [DEBUG]: Post created at: 2026-01-21 13:15:06 (get_posts bluesky.py:33)
2026-09-01 11:32:34 [INFO]: Post bafyreie6wukbdijlqzvjkk4ifh26mdphsaajw26hlqdkohpqcwhuvinmyq posted outside time limit. (get_posts bluesky.py:39)
2026-09-01 11:32:34 [DEBUG]: Post created at: 2026-01-16 16:05:12 (get_posts bluesky.py:33)
2026-09-01 11:32:34 [INFO]: Post bafyreicxzwxqthabj7pnlubsgptgkrsy3x7oxqkp3xahy6tv4gg5yqf2ju posted outside time limit. (get_posts bluesky.py:39)
2026-09-01 11:32:34 [DEBUG]: Post created at: 2026-01-12 13:15:19 (get_posts bluesky.py:33)
2026-09-01 11:32:34 [INFO]: Post bafyreibdn3xxyolwdpeqkewnnprrra2cgk5kbcxcbxywh4lkz3ulcilrqi posted outside time limit. (get_posts bluesky.py:39)
2026-09-01 11:32:34 [DEBUG]: Post created at: 2026-01-08 13:18:56 (get_posts bluesky.py:33)
2026-09-01 11:32:34 [INFO]: Post bafyreietgnh4gc7s4leq7bvqmrgmvznpshszycyy34rd4rnwavw5oghegy posted outside time limit. (get_posts bluesky.py:39)
2026-09-01 11:32:34 [WARNING]: No posts found from input. (get_posts fetch.py:18)
2026-09-01 16:30:01 [INFO]: Reading local database (read_db_file db.py:36)
2026-09-01 16:30:01 [INFO]: Reading cache of recent posts. (read_cache db.py:159)
2026-09-01 16:30:01 [DEBUG]: Cache: {} (read_cache db.py:179)
2026-09-01 16:30:01 [DEBUG]: Deleted: [] (read_cache db.py:180)
2026-09-01 16:30:01 [INFO]: Connecting to Bluesky: None. (bsky_connect connections.py:58)
2026-09-01 16:30:01 [INFO]: Reading session cache (session_cache_read connections.py:111)
2026-09-01 16:30:01 [INFO]: Connecting to Bluesky using saved session. (bsky_connect connections.py:66)
2026-09-01 16:30:01 [INFO]: Session changed: (on_session_change connections.py:104)
2026-09-01 16:30:02 [INFO]: Session changed: (on_session_change connections.py:104)
2026-09-01 16:30:02 [INFO]: Saving changed session (on_session_change connections.py:106)
2026-09-01 16:30:02 [INFO]: Saving session cache (session_cache_write connections.py:120)
2026-09-01 16:30:02 [INFO]: Successfully logged in to Bluesky using saved session. (bsky_connect connections.py:68)
2026-09-01 16:30:02 [INFO]: Saving session cache (session_cache_write connections.py:120)
2026-09-01 16:30:02 [INFO]: Gathering posts from Bluesky (get_posts bluesky.py:18)
2026-09-01 16:30:02 [DEBUG]: Post created at: 2026-09-01 12:18:24 (get_posts bluesky.py:33)
2026-09-01 16:30:02 [INFO]: bafyreifcztcuxirehcso76aslxe6ls44yvyd65ynoz4ugtgeqrccqtz5ru not found in post list (posted db.py:70)
2026-09-01 16:30:02 [INFO]: Adding post to database (add db.py:100)
2026-09-01 16:30:02 [DEBUG]: post=PostView(author=ProfileViewBasic(did='did:plc:s4xzyzfwqcnl3jjbejehnzbg', handle='ashevilleforall.org', associated=ProfileAssociated(activity_subscription=ProfileAssociatedActivitySubscription(allow_subscriptions='followers', py_type='app.bsky.actor.defs#profileAssociatedActivitySubscription'), chat=ProfileAssociatedChat(allow_incoming='all', allow_group_invites=None, py_type='app.bsky.actor.defs#profileAssociatedChat'), feedgens=None, germ=None, labeler=None, lists=None, starter_packs=None, py_type='app.bsky.actor.defs#profileAssociated'), avatar='https://cdn.bsky.app/img/avatar/plain/did:plc:s4xzyzfwqcnl3jjbejehnzbg/bafkreia6eqyinixs5yaawndpbxbrmb3xtxu6dcsx3bkuwpnatelegesway', created_at='2024-10-28T12:30:56.811Z', debug=None, display_name='Asheville For All', labels=[], pronouns=None, status=None, verification=None, viewer=ViewerState(activity_subscription=None, blocked_by=False, blocking=None, blocking_by_list=None, followed_by=None, following=None, known_followers=None, muted=False, muted_by_list=None, py_type='app.bsky.actor.defs#viewerState', mutedOnlyReposts=False, mutedOnlyQuoteposts=False), py_type='app.bsky.actor.defs#profileViewBasic'), cid='bafyreifcztcuxirehcso76aslxe6ls44yvyd65ynoz4ugtgeqrccqtz5ru', indexed_at='2026-09-01T12:18:25.499Z', record=Record(created_at='2026-09-01T12:18:24.037Z', text="What housing changes were approved at Asheville City Council last week? We've got a recap!\n\n ashevilleforall.org/2026-08-31-c...", embed=Main(images=[Image(alt='An internet meme from the movie Toy Story shows a kid dropping a cowboy doll. The kid is marked "Asheville" and the doll is marked "single family only zoning."', image=BlobRef(mime_type='image/png', size=845026, ref=IpldLink(link='bafkreie35ejoqh755ewuw55ne5xgarjpq7d4hzuraheae5yojjfedtfutq'), py_type='blob'), aspect_ratio=AspectRatio(height=1350, width=1080, py_type='app.bsky.embed.defs#aspectRatio'), py_type='app.bsky.embed.images#image')], py_type='app.bsky.embed.images'), entities=None, facets=[Main(features=[Link(uri='https://ashevilleforall.org/2026-08-31-city-council-recap.html', py_type='app.bsky.richtext.facet#link')], index=ByteSlice(byte_end=128, byte_start=93, py_type='app.bsky.richtext.facet#byteSlice'), py_type='app.bsky.richtext.facet')], labels=None, langs=None, reply=None, tags=None, py_type='app.bsky.feed.post'), uri='at://did:plc:s4xzyzfwqcnl3jjbejehnzbg/app.bsky.feed.post/3muhfp6u63u24', bookmark_count=0, debug=None, embed=View(images=[ViewImage(alt='An internet meme from the movie Toy Story shows a kid dropping a cowboy doll. The kid is marked "Asheville" and the doll is marked "single family only zoning."', fullsize='https://cdn.bsky.app/img/feed_fullsize/plain/did:plc:s4xzyzfwqcnl3jjbejehnzbg/bafkreie35ejoqh755ewuw55ne5xgarjpq7d4hzuraheae5yojjfedtfutq', thumb='https://cdn.bsky.app/img/feed_thumbnail/plain/did:plc:s4xzyzfwqcnl3jjbejehnzbg/bafkreie35ejoqh755ewuw55ne5xgarjpq7d4hzuraheae5yojjfedtfutq', aspect_ratio=AspectRatio(height=1350, width=1080, py_type='app.bsky.embed.defs#aspectRatio'), py_type='app.bsky.embed.images#viewImage')], py_type='app.bsky.embed.images#view'), labels=[], like_count=1, quote_count=0, reply_count=0, repost_count=0, threadgate=None, viewer=ViewerState(bookmarked=False, embedding_disabled=False, like=None, pinned=None, reply_disabled=None, repost=None, thread_muted=False, py_type='app.bsky.feed.defs#viewerState'), py_type='app.bsky.feed.defs#postView') feed_context=None reason=None reply=None req_id=None py_type='app.bsky.feed.defs#feedViewPost' (get_posts bluesky.py:49)
2026-09-01 16:30:02 [DEBUG]: {'post_id': 'bafyreifcztcuxirehcso76aslxe6ls44yvyd65ynoz4ugtgeqrccqtz5ru', 'text': "What housing changes were approved at Asheville City Council last week? We've got a recap!\n\n https://ashevilleforall.org/2026-08-31-city-council-recap.html", 'urls': ['https://ashevilleforall.org/2026-08-31-city-council-recap.html'], 'tags': [], 'reply_id': '', 'quote_id': '', 'quote_url': '', 'media': {'type': 'image', 'items': [{'url': 'https://cdn.bsky.app/img/feed_fullsize/plain/did:plc:s4xzyzfwqcnl3jjbejehnzbg/bafkreie35ejoqh755ewuw55ne5xgarjpq7d4hzuraheae5yojjfedtfutq', 'alt': 'An internet meme from the movie Toy Story shows a kid dropping a cowboy doll. The kid is marked "Asheville" and the doll is marked "single family only zoning."'}]}, 'sensitive': False, 'language': None, 'privacy': 'public', 'repost': False, 'created_at': <Arrow [2026-09-01T12:18:24.037000+00:00]>} (get_posts bluesky.py:167)
2026-09-01 16:30:02 [DEBUG]: Post created at: 2026-08-28 12:41:35 (get_posts bluesky.py:33)
2026-09-01 16:30:02 [INFO]: Post bafyreidfv7ws6pchpxfyj346zpkrykxpxpgww6vfsjjnpbjunxfoqwh3mq posted outside time limit. (get_posts bluesky.py:39)
2026-09-01 16:30:02 [DEBUG]: Post created at: 2026-08-19 17:08:43 (get_posts bluesky.py:33)
2026-09-01 16:30:02 [INFO]: Post bafyreiaoyoxdgjrdqbjwnwsqt7nhrjlyn24pmjsmuw7gj2vwkyg354uo24 posted outside time limit. (get_posts bluesky.py:39)
2026-09-01 16:30:02 [DEBUG]: Post created at: 2026-08-11 18:33:44 (get_posts bluesky.py:33)
2026-09-01 16:30:02 [INFO]: Post bafyreif6z4mshhjzw7nskbqsktlhq7d5i6vyhy2jxtmu3t2zgw4m2fhavq posted outside time limit. (get_posts bluesky.py:39)
2026-09-01 16:30:02 [DEBUG]: Post created at: 2026-08-06 12:27:25 (get_posts bluesky.py:33)
2026-09-01 16:30:02 [INFO]: Post bafyreibx2vnv3hheqm2susm6rhiultlk6eaptkwbnjmhajzicwe22gfbjm posted outside time limit. (get_posts bluesky.py:39)
2026-09-01 16:30:02 [DEBUG]: Post created at: 2026-08-05 13:39:02 (get_posts bluesky.py:33)
2026-09-01 16:30:02 [INFO]: Post bafyreihtizm7ymakkbho3vywrcve77otdl2txadgxgoyrni5hseaisrszy posted outside time limit. (get_posts bluesky.py:39)
2026-09-01 16:30:02 [DEBUG]: Post created at: 2026-07-23 15:16:51 (get_posts bluesky.py:33)
2026-09-01 16:30:02 [INFO]: Post bafyreif6f2ek3doxuknizkn2jatdtqesoby5hz3wipn4vbnlm6aof6titm posted outside time limit. (get_posts bluesky.py:39)
2026-09-01 16:30:02 [DEBUG]: Post created at: 2026-07-22 15:15:36 (get_posts bluesky.py:33)
2026-09-01 16:30:02 [INFO]: Post bafyreigbxvo544aahrqrrukb3i2h6nnnjv73bddkd5gewt73b2fqovobui posted outside time limit. (get_posts bluesky.py:39)
2026-09-01 16:30:02 [DEBUG]: Post created at: 2026-07-20 12:33:32 (get_posts bluesky.py:33)
2026-09-01 16:30:02 [INFO]: Post bafyreibrtm3v3ucg73br5shdear4zmw4w5f33w5q2ulxbcrf4suakyhmpq posted outside time limit. (get_posts bluesky.py:39)
2026-09-01 16:30:02 [DEBUG]: Post created at: 2026-07-17 11:35:56 (get_posts bluesky.py:33)
2026-09-01 16:30:02 [INFO]: Post bafyreidtxvowahst6h6tvquj5g3uo26gjcgmkvggwg3e44pchoyq4unb4i posted outside time limit. (get_posts bluesky.py:39)
2026-09-01 16:30:02 [DEBUG]: Post created at: 2026-07-06 14:05:46 (get_posts bluesky.py:33)
2026-09-01 16:30:02 [INFO]: Post bafyreiblrulfzvgmmsltp3nywyhksmj4dr257fkhuhoquhhh4vkwr4zzsu posted outside time limit. (get_posts bluesky.py:39)
2026-09-01 16:30:02 [DEBUG]: Post created at: 2026-06-30 16:37:16 (get_posts bluesky.py:33)
2026-09-01 16:30:02 [INFO]: Post bafyreib46tjmeeqwcvj6wiw75b24fza7oug4heiy2ciuww366uibqrqsbe posted outside time limit. (get_posts bluesky.py:39)
2026-09-01 16:30:02 [DEBUG]: Post created at: 2026-06-24 11:17:45 (get_posts bluesky.py:33)
2026-09-01 16:30:02 [INFO]: Post bafyreidt2ygeayems7i7paeb24ig5l2v7lcmtfhrdi4uhrxfjm4thubecq posted outside time limit. (get_posts bluesky.py:39)
2026-09-01 16:30:02 [DEBUG]: Post created at: 2026-06-17 13:46:03 (get_posts bluesky.py:33)
2026-09-01 16:30:02 [INFO]: Post bafyreieekpu7ys5y3dujnzaoq62fikjxndci6yr6qzasdfictup376i3lq posted outside time limit. (get_posts bluesky.py:39)
2026-09-01 16:30:02 [DEBUG]: Post created at: 2026-06-02 18:05:16 (get_posts bluesky.py:33)
2026-09-01 16:30:02 [INFO]: Post bafyreibwhlbkkwktshb56dytljna7wlvy45dkdd7vqawv5xpvqd3btb5tu posted outside time limit. (get_posts bluesky.py:39)
2026-09-01 16:30:02 [DEBUG]: Post created at: 2026-05-28 12:42:25 (get_posts bluesky.py:33)
2026-09-01 16:30:02 [INFO]: Post bafyreigew3jv7boj7icxdil3sho3r5u6qnvgmiwkfvx5yszmyzbwuz7pwu posted outside time limit. (get_posts bluesky.py:39)
2026-09-01 16:30:02 [DEBUG]: Post created at: 2026-05-27 18:13:32 (get_posts bluesky.py:33)
2026-09-01 16:30:02 [INFO]: Post bafyreicomu6cn7rxnkk4gmfp235wbntlseyony4hstbw3m5ipnxjqzma54 posted outside time limit. (get_posts bluesky.py:39)
2026-09-01 16:30:02 [DEBUG]: Post created at: 2026-05-21 16:52:19 (get_posts bluesky.py:33)
2026-09-01 16:30:02 [INFO]: Post bafyreifgxpvh535rsbgturdrvuix3yrkwwzdxxfvmcif3tgn5ae46i25ca posted outside time limit. (get_posts bluesky.py:39)
2026-09-01 16:30:02 [DEBUG]: Post created at: 2026-05-18 11:38:35 (get_posts bluesky.py:33)
2026-09-01 16:30:02 [INFO]: Post bafyreif3vacnffmfmavpf7x2gwtddexvcrqmcetogbnzbca52sfygsnl3i posted outside time limit. (get_posts bluesky.py:39)
2026-09-01 16:30:02 [DEBUG]: Post created at: 2026-05-12 12:15:04 (get_posts bluesky.py:33)
2026-09-01 16:30:02 [INFO]: Post bafyreigir5vldhynmmhee7b5scolawrc2twgukmpbfvlrc66aqji4vlbbu posted outside time limit. (get_posts bluesky.py:39)
2026-09-01 16:30:02 [DEBUG]: Post created at: 2026-05-07 13:44:19 (get_posts bluesky.py:33)
2026-09-01 16:30:02 [INFO]: Post bafyreibmmqchdd5ocewgcdwj2zawtqsn5jlx7jumuqdij7nn6f77t3tpri posted outside time limit. (get_posts bluesky.py:39)
2026-09-01 16:30:02 [DEBUG]: Post created at: 2026-05-04 12:46:03 (get_posts bluesky.py:33)
2026-09-01 16:30:02 [INFO]: Post bafyreicpdt7qhotsxspx6lo4xl5rwzxeeanscduabrvruycpppoonyz6tm posted outside time limit. (get_posts bluesky.py:39)
2026-09-01 16:30:02 [DEBUG]: Post created at: 2026-04-30 14:02:43 (get_posts bluesky.py:33)
2026-09-01 16:30:02 [INFO]: Post bafyreie2qsbv7gjgphjshteqeuzf4pe2dkr4cu3aty2a27kjai4swzebtq posted outside time limit. (get_posts bluesky.py:39)
2026-09-01 16:30:02 [DEBUG]: Post created at: 2026-04-22 14:53:48 (get_posts bluesky.py:33)
2026-09-01 16:30:02 [INFO]: Post bafyreicdui5gpvu6eri4oggsvvgxqb4rb3oy3l2ymmnmffpwz6t3oz2yne posted outside time limit. (get_posts bluesky.py:39)
2026-09-01 16:30:02 [DEBUG]: Post created at: 2026-04-15 13:40:00 (get_posts bluesky.py:33)
2026-09-01 16:30:02 [INFO]: Post bafyreidshdytdhy7f6q3a5yuchedy53verbugnulbbwvllnxofvzpze4re posted outside time limit. (get_posts bluesky.py:39)
2026-09-01 16:30:02 [DEBUG]: Post created at: 2026-04-13 16:38:02 (get_posts bluesky.py:33)
2026-09-01 16:30:02 [INFO]: Post bafyreiauh7o5v67ac256ngxkoqkqnio2e2kmdzdzzqt6vxq32td7gatkmy posted outside time limit. (get_posts bluesky.py:39)
2026-09-01 16:30:02 [DEBUG]: Post created at: 2026-04-10 13:14:36 (get_posts bluesky.py:33)
2026-09-01 16:30:02 [INFO]: Post bafyreifrh7fshwfax4ntkkzh4kal7hstv46kgxa4qlogxu7z7gjxr3ppgu posted outside time limit. (get_posts bluesky.py:39)
2026-09-01 16:30:02 [DEBUG]: Post created at: 2026-04-01 14:22:07 (get_posts bluesky.py:33)
2026-09-01 16:30:02 [INFO]: Post bafyreih2ht6th7xmwvmptcmfdfr5cbdgeavpps6jqyt6xysm37j34w6rge posted outside time limit. (get_posts bluesky.py:39)
2026-09-01 16:30:02 [DEBUG]: Post created at: 2026-03-26 14:42:37 (get_posts bluesky.py:33)
2026-09-01 16:30:02 [INFO]: Post bafyreicfxh453sypukedfr6mfj76tr6uz3osxwb3jfv5ywwecuvhbf267u posted outside time limit. (get_posts bluesky.py:39)
2026-09-01 16:30:02 [DEBUG]: Post created at: 2026-03-26 13:54:10 (get_posts bluesky.py:33)
2026-09-01 16:30:02 [INFO]: Post bafyreifuq22kydpi7ctnxtvy6zww2yzomvsrhq6x2dleqjas62m3p5zo3m posted outside time limit. (get_posts bluesky.py:39)
2026-09-01 16:30:02 [DEBUG]: Post created at: 2026-03-24 22:10:18 (get_posts bluesky.py:33)
2026-09-01 16:30:02 [INFO]: Post bafyreigv5zvvt4yc5xsxkjjliryumxazef75ib5hsmnhtibcncwxoxvnfm posted outside time limit. (get_posts bluesky.py:39)
2026-09-01 16:30:02 [DEBUG]: Post created at: 2026-03-19 14:44:04 (get_posts bluesky.py:33)
2026-09-01 16:30:02 [INFO]: Post bafyreif2f6qv2mgg6cd7amog5rhlfce6br7a6jwoygh7j5szpujkxbw7lq posted outside time limit. (get_posts bluesky.py:39)
2026-09-01 16:30:02 [DEBUG]: Post created at: 2026-03-11 15:06:56 (get_posts bluesky.py:33)
2026-09-01 16:30:02 [INFO]: Post bafyreicdvogziwifeeulpxdanjzw2hhz2x563zmhsulsol6cc2g4awgdzm posted outside time limit. (get_posts bluesky.py:39)
2026-09-01 16:30:02 [DEBUG]: Post created at: 2026-03-10 13:42:44 (get_posts bluesky.py:33)
2026-09-01 16:30:02 [INFO]: Post bafyreievqd6tqe2jmv27cfpq5qfipsop37wgy5tmnrxcgj5pg6c73ziqhe posted outside time limit. (get_posts bluesky.py:39)
2026-09-01 16:30:02 [DEBUG]: Post created at: 2026-02-27 13:14:55 (get_posts bluesky.py:33)
2026-09-01 16:30:02 [INFO]: Post bafyreihnhuuasms57pqkf7igt3c76hf6yngh75wdqpi2zsjqkyv33mn45e posted outside time limit. (get_posts bluesky.py:39)
2026-09-01 16:30:02 [DEBUG]: Post created at: 2026-02-24 16:23:10 (get_posts bluesky.py:33)
2026-09-01 16:30:02 [INFO]: Post bafyreide2tzdyz3qhqvp6dvacl4lo2xhv6sr6gx3jq6ogve525scwql7mi posted outside time limit. (get_posts bluesky.py:39)
2026-09-01 16:30:02 [DEBUG]: Post created at: 2026-02-18 15:42:15 (get_posts bluesky.py:33)
2026-09-01 16:30:02 [INFO]: Post bafyreierb4dlpinmyb7vig7fxqcvt3jgwebafz4bjndrkfzydb5hago4py posted outside time limit. (get_posts bluesky.py:39)
2026-09-01 16:30:02 [DEBUG]: Post created at: 2026-02-13 13:50:14 (get_posts bluesky.py:33)
2026-09-01 16:30:02 [INFO]: Post bafyreiaig2my7kiizjlekleu7edp5chbzu4tonydswkd7j4xawrrklnpea posted outside time limit. (get_posts bluesky.py:39)
2026-09-01 16:30:02 [DEBUG]: Post created at: 2026-02-11 15:17:23 (get_posts bluesky.py:33)
2026-09-01 16:30:02 [INFO]: Post bafyreiaggywu7xfcr3hdbey7tqklccqal2ixepuh6oxtqkyabjhrfpey5y posted outside time limit. (get_posts bluesky.py:39)
2026-09-01 16:30:02 [DEBUG]: Post created at: 2026-02-09 20:47:56 (get_posts bluesky.py:33)
2026-09-01 16:30:02 [INFO]: Post bafyreiegxryprnsav7l5m2duvjrdpuxmd62pglm6dfhladwumo6hb7n73m posted outside time limit. (get_posts bluesky.py:39)
2026-09-01 16:30:02 [DEBUG]: Post created at: 2026-02-04 21:31:32 (get_posts bluesky.py:33)
2026-09-01 16:30:02 [INFO]: Post bafyreiauk2lyeyl7tomeltjaadmgz4auvla2j6itigb2wsu6n52sqbwndu posted outside time limit. (get_posts bluesky.py:39)
2026-09-01 16:30:02 [DEBUG]: Post created at: 2026-02-03 15:53:41 (get_posts bluesky.py:33)
2026-09-01 16:30:02 [INFO]: Post bafyreidbfzjy6zmupb6yp2zrp77ulb7ejvdfu2lawhjkdhg7ekkfoyfzke posted outside time limit. (get_posts bluesky.py:39)
2026-09-01 16:30:02 [DEBUG]: Post created at: 2026-02-02 14:12:40 (get_posts bluesky.py:33)
2026-09-01 16:30:02 [INFO]: Post bafyreibs77nvnmgxegsi2a3q34gvw6gvtffjrta3mgvjmmxq6dagrlaprq posted outside time limit. (get_posts bluesky.py:39)
2026-09-01 16:30:02 [DEBUG]: Post created at: 2026-01-31 17:16:33 (get_posts bluesky.py:33)
2026-09-01 16:30:02 [INFO]: Post bafyreidu7qm22ionzyatpqfiuqfyiio3royiaf4beodokuiwns6f6cl53i posted outside time limit. (get_posts bluesky.py:39)
2026-09-01 16:30:02 [DEBUG]: Post created at: 2026-01-28 13:09:15 (get_posts bluesky.py:33)
2026-09-01 16:30:02 [INFO]: Post bafyreiagqnn3nlo5ftumr3kbsm6zji76ga24ki2373uhb3xxl4o6orajka posted outside time limit. (get_posts bluesky.py:39)
2026-09-01 16:30:02 [DEBUG]: Post created at: 2026-01-27 12:33:02 (get_posts bluesky.py:33)
2026-09-01 16:30:02 [INFO]: Post bafyreifuscbokcel27xngzhkrzopzkb632pmpljpmmbbure5jn5hevtsgq posted outside time limit. (get_posts bluesky.py:39)
2026-09-01 16:30:02 [DEBUG]: Post created at: 2026-01-22 14:21:10 (get_posts bluesky.py:33)
2026-09-01 16:30:02 [INFO]: Post bafyreiagapzgbtv5j2rsn573qr7o7kz73t74l7ypk2eyfahtf6sc5fdjsi posted outside time limit. (get_posts bluesky.py:39)
2026-09-01 16:30:02 [DEBUG]: Post created at: 2026-01-21 13:15:06 (get_posts bluesky.py:33)
2026-09-01 16:30:02 [INFO]: Post bafyreie6wukbdijlqzvjkk4ifh26mdphsaajw26hlqdkohpqcwhuvinmyq posted outside time limit. (get_posts bluesky.py:39)
2026-09-01 16:30:02 [DEBUG]: Post created at: 2026-01-16 16:05:12 (get_posts bluesky.py:33)
2026-09-01 16:30:02 [INFO]: Post bafyreicxzwxqthabj7pnlubsgptgkrsy3x7oxqkp3xahy6tv4gg5yqf2ju posted outside time limit. (get_posts bluesky.py:39)
2026-09-01 16:30:02 [DEBUG]: Post created at: 2026-01-12 13:15:19 (get_posts bluesky.py:33)
2026-09-01 16:30:02 [INFO]: Post bafyreibdn3xxyolwdpeqkewnnprrra2cgk5kbcxcbxywh4lkz3ulcilrqi posted outside time limit. (get_posts bluesky.py:39)
2026-09-01 16:30:02 [DEBUG]: Generating post based on {'post_id': 'bafyreifcztcuxirehcso76aslxe6ls44yvyd65ynoz4ugtgeqrccqtz5ru', 'text': "What housing changes were approved at Asheville City Council last week? We've got a recap!\n\n https://ashevilleforall.org/2026-08-31-city-council-recap.html", 'urls': ['https://ashevilleforall.org/2026-08-31-city-council-recap.html'], 'tags': [], 'reply_id': '', 'quote_id': '', 'quote_url': '', 'media': {'type': 'image', 'items': [{'url': 'https://cdn.bsky.app/img/feed_fullsize/plain/did:plc:s4xzyzfwqcnl3jjbejehnzbg/bafkreie35ejoqh755ewuw55ne5xgarjpq7d4hzuraheae5yojjfedtfutq', 'alt': 'An internet meme from the movie Toy Story shows a kid dropping a cowboy doll. The kid is marked "Asheville" and the doll is marked "single family only zoning."'}]}, 'sensitive': False, 'language': None, 'privacy': 'public', 'repost': False, 'created_at': <Arrow [2026-09-01T12:18:24.037000+00:00]>} (__init__ post.py:28)
2026-09-01 16:30:02 [INFO]: Checking if bafyreifcztcuxirehcso76aslxe6ls44yvyd65ynoz4ugtgeqrccqtz5ru has been posted to mastodon (posted db.py:77)
2026-09-01 16:30:02 [DEBUG]:  (posted db.py:78)
2026-09-01 16:30:02 [INFO]: bafyreifcztcuxirehcso76aslxe6ls44yvyd65ynoz4ugtgeqrccqtz5ru has not been posted to mastodon (get_posts fetch.py:40)
2026-09-01 16:30:02 [INFO]: Downloading image from https://cdn.bsky.app/img/feed_fullsize/plain/did:plc:s4xzyzfwqcnl3jjbejehnzbg/bafkreie35ejoqh755ewuw55ne5xgarjpq7d4hzuraheae5yojjfedtfutq as ./images/wobdgocrvi (get_images post.py:74)
2026-09-01 16:30:02 [DEBUG]: Found posts {'mastodon': [{'id': 'bafyreifcztcuxirehcso76aslxe6ls44yvyd65ynoz4ugtgeqrccqtz5ru', 'type': 'post', 'post': <main.post.Post object at 0x7f601715aa50>}]} (run run.py:18)
2026-09-01 16:30:02 [INFO]: Posting queue to Mastodon. (output mastodon.py:11)
2026-09-01 16:30:02 [INFO]: Connecting to Mastodon API. (mastodon_connect connections.py:16)
2026-09-01 16:30:02 [DEBUG]: Shortened urls: What housing changes were approved at Asheville City Council last week? We've got a recap!

 01_https://ashevillefor (shorten_urls post.py:141)
2026-09-01 16:30:02 [DEBUG]: "What housing changes were approved at Asheville City Council last week? We've got a recap!

 01_https://ashevillefor" will be viewed as 116 characters by mastodon. (check_length functions.py:204)
2026-09-01 16:30:02 [INFO]: Uploading media ./images/wobdgocrvi with alt: An internet meme from the movie Toy Story shows a kid dropping a cowboy doll. The kid is marked "Asheville" and the doll is marked "single family only zoning." to mastodon (post mastodon.py:75)
2026-09-01 16:30:04 [INFO]: Posting "What housing changes were approved at Asheville City Council last week? We've got a recap!

 https://ashevilleforall.org/2026-08-31-city-council-recap.html" to Mastodon (post mastodon.py:79)
2026-09-01 16:30:04 [DEBUG]: mastodon_client.status_post(What housing changes were approved at Asheville City Council last week? We've got a recap!

 https://ashevilleforall.org/2026-08-31-city-council-recap.html, in_reply_to_id=None, media_ids=[117196731422179325], visibility=public, language=None), sensitive=False (post mastodon.py:83)
2026-09-01 16:30:04 [DEBUG]: Status({'id': 117196731481825424, 'uri': 'https://mastodon.online/users/ashevilleforall/statuses/117196731481825424', 'url': 'https://mastodon.online/@ashevilleforall/117196731481825424', 'account': Account({'id': 109263273845318667, 'username': 'ashevilleforall', 'acct': 'ashevilleforall', 'display_name': 'Asheville For All', 'discoverable': False, 'group': False, 'locked': False, 'created_at': datetime.datetime(2022, 10, 31, 0, 0, tzinfo=tzlocal()), 'following_count': 0, 'followers_count': 47, 'statuses_count': 225, 'note': '<p>WNC&#39;s chapter of YIMBY Action. We’re advocating for housing abundance, and diverse, affordable, and walkable communities in Asheville.</p>', 'url': 'https://mastodon.online/@ashevilleforall', 'uri': 'https://mastodon.online/users/ashevilleforall', 'avatar': 'https://files.mastodon.online/accounts/avatars/109/263/273/845/318/667/original/7ab5d880e7134a8b.png', 'header': 'https://mastodon.online/headers/original/missing.png', 'avatar_static': 'https://files.mastodon.online/accounts/avatars/109/263/273/845/318/667/original/7ab5d880e7134a8b.png', 'header_static': 'https://mastodon.online/headers/original/missing.png', 'moved_to_account': None, 'suspended': None, 'limited': None, 'bot': False, 'fields': [AccountField({'name': 'website', 'value': '<a href="https://ashevilleforall.org" target="_blank" rel="nofollow noopener me" translate="no"><span class="invisible">https://</span><span class="">ashevilleforall.org</span><span class="invisible"></span></a>', 'verified_at': None})], 'emojis': [], 'last_status_at': datetime.datetime(2026, 9, 1, 0, 0), 'noindex': False, 'roles': [], 'role': None, 'source': None, 'mute_expires_at': None, 'indexable': False, 'hide_collections': False, 'memorial': None, 'avatar_description': '', 'header_description': '', 'show_media': True, 'show_media_replies': True, 'show_featured': True, 'feature_approval': AttribAccessDict({'automatic': [], 'manual': [], 'current_user': 'denied'})}), 'in_reply_to_id': None, 'in_reply_to_account_id': None, 'reblog': None, 'content': '<p>What housing changes were approved at Asheville City Council last week? We&#39;ve got a recap!</p><p> <a href="https://ashevilleforall.org/2026-08-31-city-council-recap.html" target="_blank" rel="nofollow noopener" translate="no"><span class="invisible">https://</span><span class="ellipsis">ashevilleforall.org/2026-08-31</span><span class="invisible">-city-council-recap.html</span></a></p>', 'created_at': datetime.datetime(2026, 9, 1, 16, 30, 4, 503000, tzinfo=tzlocal()), 'reblogs_count': 0, 'favourites_count': 0, 'reblogged': False, 'favourited': False, 'sensitive': False, 'spoiler_text': '', 'visibility': 'public', 'mentions': [], 'media_attachments': [MediaAttachment({'id': 117196731422179325, 'type': 'image', 'url': 'https://files.mastodon.online/media_attachments/files/117/196/731/422/179/325/original/baeca6df328c4e64.webp', 'remote_url': None, 'preview_url': 'https://files.mastodon.online/media_attachments/files/117/196/731/422/179/325/small/baeca6df328c4e64.webp', 'text_url': None, 'meta': MediaAttachmentMetadataContainer({'original': MediaAttachmentImageMetadata({'width': 648, 'height': 810, 'aspect': 0.8, 'size': '648x810'}), 'small': MediaAttachmentImageMetadata({'width': 429, 'height': 536, 'aspect': 0.8003731343283582, 'size': '429x536'}), 'colors': None, 'focus': None}), 'blurhash': 'UFFPE1Khogaw@tR.ofj]?=EMjFo#$*t2s;n#', 'description': 'An internet meme from the movie Toy Story shows a kid dropping a cowboy doll. The kid is marked "Asheville" and the doll is marked "single family only zoning."', 'preview_remote_url': None})], 'emojis': [], 'tags': [], 'bookmarked': False, 'application': Application({'id': None, 'name': 'cross_poster', 'website': None, 'vapid_key': None, 'redirect_uri': None, 'redirect_uris': None, 'scopes': None}), 'language': 'en', 'muted': False, 'pinned': False, 'replies_count': 0, 'card': None, 'poll': None, 'edited_at': None, 'filtered': [], 'quotes_count': 0, 'tagged_collections': [], 'quote': None, 'quote_approval': AttribAccessDict({'automatic': ['public'], 'manual': [], 'current_user': 'automatic'})}) (post mastodon.py:85)
2026-09-01 16:30:04 [INFO]: Posted to mastodon (post mastodon.py:99)
2026-09-01 16:30:04 [INFO]: Saving database (save db.py:140)
2026-09-01 16:30:04 [INFO]: Saving cache. (save_cache db.py:184)
2026-09-01 16:30:04 [DEBUG]: {'bafyreifcztcuxirehcso76aslxe6ls44yvyd65ynoz4ugtgeqrccqtz5ru': <Arrow [2026-09-01T16:30:04.822281+00:00]>} (save_cache db.py:185)
2026-09-01 16:30:04 [INFO]: Saving post cache. (save_cache db.py:191)
2026-09-01 16:30:04 [INFO]: Deleting local images (cleanup functions.py:44)
