2026-09-08 04:20:26 [INFO]: Reading local database (read_db_file db.py:36)
2026-09-08 04:20:26 [INFO]: Reading cache of recent posts. (read_cache db.py:159)
2026-09-08 04:20:26 [DEBUG]: Cache: {} (read_cache db.py:179)
2026-09-08 04:20:26 [DEBUG]: Deleted: [] (read_cache db.py:180)
2026-09-08 04:20:26 [INFO]: Connecting to Bluesky: None. (bsky_connect connections.py:58)
2026-09-08 04:20:26 [INFO]: Reading session cache (session_cache_read connections.py:111)
2026-09-08 04:20:26 [INFO]: Connecting to Bluesky using saved session. (bsky_connect connections.py:66)
2026-09-08 04:20:26 [INFO]: Session changed: (on_session_change connections.py:104)
2026-09-08 04:20:27 [INFO]: Session changed: (on_session_change connections.py:104)
2026-09-08 04:20:27 [INFO]: Saving changed session (on_session_change connections.py:106)
2026-09-08 04:20:27 [INFO]: Saving session cache (session_cache_write connections.py:120)
2026-09-08 04:20:27 [INFO]: Successfully logged in to Bluesky using saved session. (bsky_connect connections.py:68)
2026-09-08 04:20:27 [INFO]: Saving session cache (session_cache_write connections.py:120)
2026-09-08 04:20:27 [INFO]: Gathering posts from Bluesky (get_posts bluesky.py:18)
2026-09-08 04:20:27 [DEBUG]: Post created at: 2026-09-03 15:37:00 (get_posts bluesky.py:33)
2026-09-08 04:20:27 [INFO]: Post bafyreiehn22wcurw5npenw6v2t6h5lwaphz7xrytqmjhctunhlog56m5za posted outside time limit. (get_posts bluesky.py:39)
2026-09-08 04:20:27 [DEBUG]: Post created at: 2026-09-01 12:18:24 (get_posts bluesky.py:33)
2026-09-08 04:20:27 [INFO]: Post bafyreifcztcuxirehcso76aslxe6ls44yvyd65ynoz4ugtgeqrccqtz5ru posted outside time limit. (get_posts bluesky.py:39)
2026-09-08 04:20:27 [DEBUG]: Post created at: 2026-08-28 12:41:35 (get_posts bluesky.py:33)
2026-09-08 04:20:27 [INFO]: Post bafyreidfv7ws6pchpxfyj346zpkrykxpxpgww6vfsjjnpbjunxfoqwh3mq posted outside time limit. (get_posts bluesky.py:39)
2026-09-08 04:20:27 [DEBUG]: Post created at: 2026-08-19 17:08:43 (get_posts bluesky.py:33)
2026-09-08 04:20:27 [INFO]: Post bafyreiaoyoxdgjrdqbjwnwsqt7nhrjlyn24pmjsmuw7gj2vwkyg354uo24 posted outside time limit. (get_posts bluesky.py:39)
2026-09-08 04:20:27 [DEBUG]: Post created at: 2026-08-11 18:33:44 (get_posts bluesky.py:33)
2026-09-08 04:20:27 [INFO]: Post bafyreif6z4mshhjzw7nskbqsktlhq7d5i6vyhy2jxtmu3t2zgw4m2fhavq posted outside time limit. (get_posts bluesky.py:39)
2026-09-08 04:20:27 [DEBUG]: Post created at: 2026-08-06 12:27:25 (get_posts bluesky.py:33)
2026-09-08 04:20:27 [INFO]: Post bafyreibx2vnv3hheqm2susm6rhiultlk6eaptkwbnjmhajzicwe22gfbjm posted outside time limit. (get_posts bluesky.py:39)
2026-09-08 04:20:27 [DEBUG]: Post created at: 2026-08-05 13:39:02 (get_posts bluesky.py:33)
2026-09-08 04:20:27 [INFO]: Post bafyreihtizm7ymakkbho3vywrcve77otdl2txadgxgoyrni5hseaisrszy posted outside time limit. (get_posts bluesky.py:39)
2026-09-08 04:20:27 [DEBUG]: Post created at: 2026-07-23 15:16:51 (get_posts bluesky.py:33)
2026-09-08 04:20:27 [INFO]: Post bafyreif6f2ek3doxuknizkn2jatdtqesoby5hz3wipn4vbnlm6aof6titm posted outside time limit. (get_posts bluesky.py:39)
2026-09-08 04:20:27 [DEBUG]: Post created at: 2026-07-22 15:15:36 (get_posts bluesky.py:33)
2026-09-08 04:20:27 [INFO]: Post bafyreigbxvo544aahrqrrukb3i2h6nnnjv73bddkd5gewt73b2fqovobui posted outside time limit. (get_posts bluesky.py:39)
2026-09-08 04:20:27 [DEBUG]: Post created at: 2026-07-20 12:33:32 (get_posts bluesky.py:33)
2026-09-08 04:20:27 [INFO]: Post bafyreibrtm3v3ucg73br5shdear4zmw4w5f33w5q2ulxbcrf4suakyhmpq posted outside time limit. (get_posts bluesky.py:39)
2026-09-08 04:20:27 [DEBUG]: Post created at: 2026-07-17 11:35:56 (get_posts bluesky.py:33)
2026-09-08 04:20:27 [INFO]: Post bafyreidtxvowahst6h6tvquj5g3uo26gjcgmkvggwg3e44pchoyq4unb4i posted outside time limit. (get_posts bluesky.py:39)
2026-09-08 04:20:27 [DEBUG]: Post created at: 2026-07-06 14:05:46 (get_posts bluesky.py:33)
2026-09-08 04:20:27 [INFO]: Post bafyreiblrulfzvgmmsltp3nywyhksmj4dr257fkhuhoquhhh4vkwr4zzsu posted outside time limit. (get_posts bluesky.py:39)
2026-09-08 04:20:27 [DEBUG]: Post created at: 2026-06-30 16:37:16 (get_posts bluesky.py:33)
2026-09-08 04:20:27 [INFO]: Post bafyreib46tjmeeqwcvj6wiw75b24fza7oug4heiy2ciuww366uibqrqsbe posted outside time limit. (get_posts bluesky.py:39)
2026-09-08 04:20:27 [DEBUG]: Post created at: 2026-06-24 11:17:45 (get_posts bluesky.py:33)
2026-09-08 04:20:27 [INFO]: Post bafyreidt2ygeayems7i7paeb24ig5l2v7lcmtfhrdi4uhrxfjm4thubecq posted outside time limit. (get_posts bluesky.py:39)
2026-09-08 04:20:27 [DEBUG]: Post created at: 2026-06-17 13:46:03 (get_posts bluesky.py:33)
2026-09-08 04:20:27 [INFO]: Post bafyreieekpu7ys5y3dujnzaoq62fikjxndci6yr6qzasdfictup376i3lq posted outside time limit. (get_posts bluesky.py:39)
2026-09-08 04:20:27 [DEBUG]: Post created at: 2026-06-02 18:05:16 (get_posts bluesky.py:33)
2026-09-08 04:20:27 [INFO]: Post bafyreibwhlbkkwktshb56dytljna7wlvy45dkdd7vqawv5xpvqd3btb5tu posted outside time limit. (get_posts bluesky.py:39)
2026-09-08 04:20:27 [DEBUG]: Post created at: 2026-05-28 12:42:25 (get_posts bluesky.py:33)
2026-09-08 04:20:27 [INFO]: Post bafyreigew3jv7boj7icxdil3sho3r5u6qnvgmiwkfvx5yszmyzbwuz7pwu posted outside time limit. (get_posts bluesky.py:39)
2026-09-08 04:20:27 [DEBUG]: Post created at: 2026-05-27 18:13:32 (get_posts bluesky.py:33)
2026-09-08 04:20:27 [INFO]: Post bafyreicomu6cn7rxnkk4gmfp235wbntlseyony4hstbw3m5ipnxjqzma54 posted outside time limit. (get_posts bluesky.py:39)
2026-09-08 04:20:27 [DEBUG]: Post created at: 2026-05-21 16:52:19 (get_posts bluesky.py:33)
2026-09-08 04:20:27 [INFO]: Post bafyreifgxpvh535rsbgturdrvuix3yrkwwzdxxfvmcif3tgn5ae46i25ca posted outside time limit. (get_posts bluesky.py:39)
2026-09-08 04:20:27 [DEBUG]: Post created at: 2026-05-18 11:38:35 (get_posts bluesky.py:33)
2026-09-08 04:20:27 [INFO]: Post bafyreif3vacnffmfmavpf7x2gwtddexvcrqmcetogbnzbca52sfygsnl3i posted outside time limit. (get_posts bluesky.py:39)
2026-09-08 04:20:27 [DEBUG]: Post created at: 2026-05-12 12:15:04 (get_posts bluesky.py:33)
2026-09-08 04:20:27 [INFO]: Post bafyreigir5vldhynmmhee7b5scolawrc2twgukmpbfvlrc66aqji4vlbbu posted outside time limit. (get_posts bluesky.py:39)
2026-09-08 04:20:27 [DEBUG]: Post created at: 2026-05-07 13:44:19 (get_posts bluesky.py:33)
2026-09-08 04:20:27 [INFO]: Post bafyreibmmqchdd5ocewgcdwj2zawtqsn5jlx7jumuqdij7nn6f77t3tpri posted outside time limit. (get_posts bluesky.py:39)
2026-09-08 04:20:27 [DEBUG]: Post created at: 2026-05-04 12:46:03 (get_posts bluesky.py:33)
2026-09-08 04:20:27 [INFO]: Post bafyreicpdt7qhotsxspx6lo4xl5rwzxeeanscduabrvruycpppoonyz6tm posted outside time limit. (get_posts bluesky.py:39)
2026-09-08 04:20:27 [DEBUG]: Post created at: 2026-04-30 14:02:43 (get_posts bluesky.py:33)
2026-09-08 04:20:27 [INFO]: Post bafyreie2qsbv7gjgphjshteqeuzf4pe2dkr4cu3aty2a27kjai4swzebtq posted outside time limit. (get_posts bluesky.py:39)
2026-09-08 04:20:27 [DEBUG]: Post created at: 2026-04-22 14:53:48 (get_posts bluesky.py:33)
2026-09-08 04:20:27 [INFO]: Post bafyreicdui5gpvu6eri4oggsvvgxqb4rb3oy3l2ymmnmffpwz6t3oz2yne posted outside time limit. (get_posts bluesky.py:39)
2026-09-08 04:20:27 [DEBUG]: Post created at: 2026-04-15 13:40:00 (get_posts bluesky.py:33)
2026-09-08 04:20:27 [INFO]: Post bafyreidshdytdhy7f6q3a5yuchedy53verbugnulbbwvllnxofvzpze4re posted outside time limit. (get_posts bluesky.py:39)
2026-09-08 04:20:27 [DEBUG]: Post created at: 2026-04-13 16:38:02 (get_posts bluesky.py:33)
2026-09-08 04:20:27 [INFO]: Post bafyreiauh7o5v67ac256ngxkoqkqnio2e2kmdzdzzqt6vxq32td7gatkmy posted outside time limit. (get_posts bluesky.py:39)
2026-09-08 04:20:27 [DEBUG]: Post created at: 2026-04-10 13:14:36 (get_posts bluesky.py:33)
2026-09-08 04:20:27 [INFO]: Post bafyreifrh7fshwfax4ntkkzh4kal7hstv46kgxa4qlogxu7z7gjxr3ppgu posted outside time limit. (get_posts bluesky.py:39)
2026-09-08 04:20:27 [DEBUG]: Post created at: 2026-04-01 14:22:07 (get_posts bluesky.py:33)
2026-09-08 04:20:27 [INFO]: Post bafyreih2ht6th7xmwvmptcmfdfr5cbdgeavpps6jqyt6xysm37j34w6rge posted outside time limit. (get_posts bluesky.py:39)
2026-09-08 04:20:27 [DEBUG]: Post created at: 2026-03-26 14:42:37 (get_posts bluesky.py:33)
2026-09-08 04:20:27 [INFO]: Post bafyreicfxh453sypukedfr6mfj76tr6uz3osxwb3jfv5ywwecuvhbf267u posted outside time limit. (get_posts bluesky.py:39)
2026-09-08 04:20:27 [DEBUG]: Post created at: 2026-03-26 13:54:10 (get_posts bluesky.py:33)
2026-09-08 04:20:27 [INFO]: Post bafyreifuq22kydpi7ctnxtvy6zww2yzomvsrhq6x2dleqjas62m3p5zo3m posted outside time limit. (get_posts bluesky.py:39)
2026-09-08 04:20:27 [DEBUG]: Post created at: 2026-03-24 22:10:18 (get_posts bluesky.py:33)
2026-09-08 04:20:27 [INFO]: Post bafyreigv5zvvt4yc5xsxkjjliryumxazef75ib5hsmnhtibcncwxoxvnfm posted outside time limit. (get_posts bluesky.py:39)
2026-09-08 04:20:27 [DEBUG]: Post created at: 2026-03-19 14:44:04 (get_posts bluesky.py:33)
2026-09-08 04:20:27 [INFO]: Post bafyreif2f6qv2mgg6cd7amog5rhlfce6br7a6jwoygh7j5szpujkxbw7lq posted outside time limit. (get_posts bluesky.py:39)
2026-09-08 04:20:27 [DEBUG]: Post created at: 2026-03-11 15:06:56 (get_posts bluesky.py:33)
2026-09-08 04:20:27 [INFO]: Post bafyreicdvogziwifeeulpxdanjzw2hhz2x563zmhsulsol6cc2g4awgdzm posted outside time limit. (get_posts bluesky.py:39)
2026-09-08 04:20:27 [DEBUG]: Post created at: 2026-03-10 13:42:44 (get_posts bluesky.py:33)
2026-09-08 04:20:27 [INFO]: Post bafyreievqd6tqe2jmv27cfpq5qfipsop37wgy5tmnrxcgj5pg6c73ziqhe posted outside time limit. (get_posts bluesky.py:39)
2026-09-08 04:20:27 [DEBUG]: Post created at: 2026-02-27 13:14:55 (get_posts bluesky.py:33)
2026-09-08 04:20:27 [INFO]: Post bafyreihnhuuasms57pqkf7igt3c76hf6yngh75wdqpi2zsjqkyv33mn45e posted outside time limit. (get_posts bluesky.py:39)
2026-09-08 04:20:27 [DEBUG]: Post created at: 2026-02-24 16:23:10 (get_posts bluesky.py:33)
2026-09-08 04:20:27 [INFO]: Post bafyreide2tzdyz3qhqvp6dvacl4lo2xhv6sr6gx3jq6ogve525scwql7mi posted outside time limit. (get_posts bluesky.py:39)
2026-09-08 04:20:27 [DEBUG]: Post created at: 2026-02-18 15:42:15 (get_posts bluesky.py:33)
2026-09-08 04:20:27 [INFO]: Post bafyreierb4dlpinmyb7vig7fxqcvt3jgwebafz4bjndrkfzydb5hago4py posted outside time limit. (get_posts bluesky.py:39)
2026-09-08 04:20:27 [DEBUG]: Post created at: 2026-02-13 13:50:14 (get_posts bluesky.py:33)
2026-09-08 04:20:27 [INFO]: Post bafyreiaig2my7kiizjlekleu7edp5chbzu4tonydswkd7j4xawrrklnpea posted outside time limit. (get_posts bluesky.py:39)
2026-09-08 04:20:27 [DEBUG]: Post created at: 2026-02-11 15:17:23 (get_posts bluesky.py:33)
2026-09-08 04:20:27 [INFO]: Post bafyreiaggywu7xfcr3hdbey7tqklccqal2ixepuh6oxtqkyabjhrfpey5y posted outside time limit. (get_posts bluesky.py:39)
2026-09-08 04:20:27 [DEBUG]: Post created at: 2026-02-09 20:47:56 (get_posts bluesky.py:33)
2026-09-08 04:20:27 [INFO]: Post bafyreiegxryprnsav7l5m2duvjrdpuxmd62pglm6dfhladwumo6hb7n73m posted outside time limit. (get_posts bluesky.py:39)
2026-09-08 04:20:27 [DEBUG]: Post created at: 2026-02-04 21:31:32 (get_posts bluesky.py:33)
2026-09-08 04:20:27 [INFO]: Post bafyreiauk2lyeyl7tomeltjaadmgz4auvla2j6itigb2wsu6n52sqbwndu posted outside time limit. (get_posts bluesky.py:39)
2026-09-08 04:20:27 [DEBUG]: Post created at: 2026-02-03 15:53:41 (get_posts bluesky.py:33)
2026-09-08 04:20:27 [INFO]: Post bafyreidbfzjy6zmupb6yp2zrp77ulb7ejvdfu2lawhjkdhg7ekkfoyfzke posted outside time limit. (get_posts bluesky.py:39)
2026-09-08 04:20:27 [DEBUG]: Post created at: 2026-02-02 14:12:40 (get_posts bluesky.py:33)
2026-09-08 04:20:27 [INFO]: Post bafyreibs77nvnmgxegsi2a3q34gvw6gvtffjrta3mgvjmmxq6dagrlaprq posted outside time limit. (get_posts bluesky.py:39)
2026-09-08 04:20:27 [DEBUG]: Post created at: 2026-01-31 17:16:33 (get_posts bluesky.py:33)
2026-09-08 04:20:27 [INFO]: Post bafyreidu7qm22ionzyatpqfiuqfyiio3royiaf4beodokuiwns6f6cl53i posted outside time limit. (get_posts bluesky.py:39)
2026-09-08 04:20:27 [DEBUG]: Post created at: 2026-01-28 13:09:15 (get_posts bluesky.py:33)
2026-09-08 04:20:27 [INFO]: Post bafyreiagqnn3nlo5ftumr3kbsm6zji76ga24ki2373uhb3xxl4o6orajka posted outside time limit. (get_posts bluesky.py:39)
2026-09-08 04:20:27 [DEBUG]: Post created at: 2026-01-27 12:33:02 (get_posts bluesky.py:33)
2026-09-08 04:20:27 [INFO]: Post bafyreifuscbokcel27xngzhkrzopzkb632pmpljpmmbbure5jn5hevtsgq posted outside time limit. (get_posts bluesky.py:39)
2026-09-08 04:20:27 [DEBUG]: Post created at: 2026-01-22 14:21:10 (get_posts bluesky.py:33)
2026-09-08 04:20:27 [INFO]: Post bafyreiagapzgbtv5j2rsn573qr7o7kz73t74l7ypk2eyfahtf6sc5fdjsi posted outside time limit. (get_posts bluesky.py:39)
2026-09-08 04:20:27 [DEBUG]: Post created at: 2026-01-21 13:15:06 (get_posts bluesky.py:33)
2026-09-08 04:20:27 [INFO]: Post bafyreie6wukbdijlqzvjkk4ifh26mdphsaajw26hlqdkohpqcwhuvinmyq posted outside time limit. (get_posts bluesky.py:39)
2026-09-08 04:20:27 [DEBUG]: Post created at: 2026-01-16 16:05:12 (get_posts bluesky.py:33)
2026-09-08 04:20:27 [INFO]: Post bafyreicxzwxqthabj7pnlubsgptgkrsy3x7oxqkp3xahy6tv4gg5yqf2ju posted outside time limit. (get_posts bluesky.py:39)
2026-09-08 04:20:27 [WARNING]: No posts found from input. (get_posts fetch.py:18)
2026-09-08 11:06:32 [INFO]: Reading local database (read_db_file db.py:36)
2026-09-08 11:06:32 [INFO]: Reading cache of recent posts. (read_cache db.py:159)
2026-09-08 11:06:32 [DEBUG]: Cache: {} (read_cache db.py:179)
2026-09-08 11:06:32 [DEBUG]: Deleted: [] (read_cache db.py:180)
2026-09-08 11:06:32 [INFO]: Connecting to Bluesky: None. (bsky_connect connections.py:58)
2026-09-08 11:06:32 [INFO]: Reading session cache (session_cache_read connections.py:111)
2026-09-08 11:06:32 [INFO]: Connecting to Bluesky using saved session. (bsky_connect connections.py:66)
2026-09-08 11:06:32 [INFO]: Session changed: (on_session_change connections.py:104)
2026-09-08 11:06:32 [INFO]: Session changed: (on_session_change connections.py:104)
2026-09-08 11:06:32 [INFO]: Saving changed session (on_session_change connections.py:106)
2026-09-08 11:06:32 [INFO]: Saving session cache (session_cache_write connections.py:120)
2026-09-08 11:06:32 [INFO]: Successfully logged in to Bluesky using saved session. (bsky_connect connections.py:68)
2026-09-08 11:06:32 [INFO]: Saving session cache (session_cache_write connections.py:120)
2026-09-08 11:06:32 [INFO]: Gathering posts from Bluesky (get_posts bluesky.py:18)
2026-09-08 11:06:33 [DEBUG]: Post created at: 2026-09-03 15:37:00 (get_posts bluesky.py:33)
2026-09-08 11:06:33 [INFO]: Post bafyreiehn22wcurw5npenw6v2t6h5lwaphz7xrytqmjhctunhlog56m5za posted outside time limit. (get_posts bluesky.py:39)
2026-09-08 11:06:33 [DEBUG]: Post created at: 2026-09-01 12:18:24 (get_posts bluesky.py:33)
2026-09-08 11:06:33 [INFO]: Post bafyreifcztcuxirehcso76aslxe6ls44yvyd65ynoz4ugtgeqrccqtz5ru posted outside time limit. (get_posts bluesky.py:39)
2026-09-08 11:06:33 [DEBUG]: Post created at: 2026-08-28 12:41:35 (get_posts bluesky.py:33)
2026-09-08 11:06:33 [INFO]: Post bafyreidfv7ws6pchpxfyj346zpkrykxpxpgww6vfsjjnpbjunxfoqwh3mq posted outside time limit. (get_posts bluesky.py:39)
2026-09-08 11:06:33 [DEBUG]: Post created at: 2026-08-19 17:08:43 (get_posts bluesky.py:33)
2026-09-08 11:06:33 [INFO]: Post bafyreiaoyoxdgjrdqbjwnwsqt7nhrjlyn24pmjsmuw7gj2vwkyg354uo24 posted outside time limit. (get_posts bluesky.py:39)
2026-09-08 11:06:33 [DEBUG]: Post created at: 2026-08-11 18:33:44 (get_posts bluesky.py:33)
2026-09-08 11:06:33 [INFO]: Post bafyreif6z4mshhjzw7nskbqsktlhq7d5i6vyhy2jxtmu3t2zgw4m2fhavq posted outside time limit. (get_posts bluesky.py:39)
2026-09-08 11:06:33 [DEBUG]: Post created at: 2026-08-06 12:27:25 (get_posts bluesky.py:33)
2026-09-08 11:06:33 [INFO]: Post bafyreibx2vnv3hheqm2susm6rhiultlk6eaptkwbnjmhajzicwe22gfbjm posted outside time limit. (get_posts bluesky.py:39)
2026-09-08 11:06:33 [DEBUG]: Post created at: 2026-08-05 13:39:02 (get_posts bluesky.py:33)
2026-09-08 11:06:33 [INFO]: Post bafyreihtizm7ymakkbho3vywrcve77otdl2txadgxgoyrni5hseaisrszy posted outside time limit. (get_posts bluesky.py:39)
2026-09-08 11:06:33 [DEBUG]: Post created at: 2026-07-23 15:16:51 (get_posts bluesky.py:33)
2026-09-08 11:06:33 [INFO]: Post bafyreif6f2ek3doxuknizkn2jatdtqesoby5hz3wipn4vbnlm6aof6titm posted outside time limit. (get_posts bluesky.py:39)
2026-09-08 11:06:33 [DEBUG]: Post created at: 2026-07-22 15:15:36 (get_posts bluesky.py:33)
2026-09-08 11:06:33 [INFO]: Post bafyreigbxvo544aahrqrrukb3i2h6nnnjv73bddkd5gewt73b2fqovobui posted outside time limit. (get_posts bluesky.py:39)
2026-09-08 11:06:33 [DEBUG]: Post created at: 2026-07-20 12:33:32 (get_posts bluesky.py:33)
2026-09-08 11:06:33 [INFO]: Post bafyreibrtm3v3ucg73br5shdear4zmw4w5f33w5q2ulxbcrf4suakyhmpq posted outside time limit. (get_posts bluesky.py:39)
2026-09-08 11:06:33 [DEBUG]: Post created at: 2026-07-17 11:35:56 (get_posts bluesky.py:33)
2026-09-08 11:06:33 [INFO]: Post bafyreidtxvowahst6h6tvquj5g3uo26gjcgmkvggwg3e44pchoyq4unb4i posted outside time limit. (get_posts bluesky.py:39)
2026-09-08 11:06:33 [DEBUG]: Post created at: 2026-07-06 14:05:46 (get_posts bluesky.py:33)
2026-09-08 11:06:33 [INFO]: Post bafyreiblrulfzvgmmsltp3nywyhksmj4dr257fkhuhoquhhh4vkwr4zzsu posted outside time limit. (get_posts bluesky.py:39)
2026-09-08 11:06:33 [DEBUG]: Post created at: 2026-06-30 16:37:16 (get_posts bluesky.py:33)
2026-09-08 11:06:33 [INFO]: Post bafyreib46tjmeeqwcvj6wiw75b24fza7oug4heiy2ciuww366uibqrqsbe posted outside time limit. (get_posts bluesky.py:39)
2026-09-08 11:06:33 [DEBUG]: Post created at: 2026-06-24 11:17:45 (get_posts bluesky.py:33)
2026-09-08 11:06:33 [INFO]: Post bafyreidt2ygeayems7i7paeb24ig5l2v7lcmtfhrdi4uhrxfjm4thubecq posted outside time limit. (get_posts bluesky.py:39)
2026-09-08 11:06:33 [DEBUG]: Post created at: 2026-06-17 13:46:03 (get_posts bluesky.py:33)
2026-09-08 11:06:33 [INFO]: Post bafyreieekpu7ys5y3dujnzaoq62fikjxndci6yr6qzasdfictup376i3lq posted outside time limit. (get_posts bluesky.py:39)
2026-09-08 11:06:33 [DEBUG]: Post created at: 2026-06-02 18:05:16 (get_posts bluesky.py:33)
2026-09-08 11:06:33 [INFO]: Post bafyreibwhlbkkwktshb56dytljna7wlvy45dkdd7vqawv5xpvqd3btb5tu posted outside time limit. (get_posts bluesky.py:39)
2026-09-08 11:06:33 [DEBUG]: Post created at: 2026-05-28 12:42:25 (get_posts bluesky.py:33)
2026-09-08 11:06:33 [INFO]: Post bafyreigew3jv7boj7icxdil3sho3r5u6qnvgmiwkfvx5yszmyzbwuz7pwu posted outside time limit. (get_posts bluesky.py:39)
2026-09-08 11:06:33 [DEBUG]: Post created at: 2026-05-27 18:13:32 (get_posts bluesky.py:33)
2026-09-08 11:06:33 [INFO]: Post bafyreicomu6cn7rxnkk4gmfp235wbntlseyony4hstbw3m5ipnxjqzma54 posted outside time limit. (get_posts bluesky.py:39)
2026-09-08 11:06:33 [DEBUG]: Post created at: 2026-05-21 16:52:19 (get_posts bluesky.py:33)
2026-09-08 11:06:33 [INFO]: Post bafyreifgxpvh535rsbgturdrvuix3yrkwwzdxxfvmcif3tgn5ae46i25ca posted outside time limit. (get_posts bluesky.py:39)
2026-09-08 11:06:33 [DEBUG]: Post created at: 2026-05-18 11:38:35 (get_posts bluesky.py:33)
2026-09-08 11:06:33 [INFO]: Post bafyreif3vacnffmfmavpf7x2gwtddexvcrqmcetogbnzbca52sfygsnl3i posted outside time limit. (get_posts bluesky.py:39)
2026-09-08 11:06:33 [DEBUG]: Post created at: 2026-05-12 12:15:04 (get_posts bluesky.py:33)
2026-09-08 11:06:33 [INFO]: Post bafyreigir5vldhynmmhee7b5scolawrc2twgukmpbfvlrc66aqji4vlbbu posted outside time limit. (get_posts bluesky.py:39)
2026-09-08 11:06:33 [DEBUG]: Post created at: 2026-05-07 13:44:19 (get_posts bluesky.py:33)
2026-09-08 11:06:33 [INFO]: Post bafyreibmmqchdd5ocewgcdwj2zawtqsn5jlx7jumuqdij7nn6f77t3tpri posted outside time limit. (get_posts bluesky.py:39)
2026-09-08 11:06:33 [DEBUG]: Post created at: 2026-05-04 12:46:03 (get_posts bluesky.py:33)
2026-09-08 11:06:33 [INFO]: Post bafyreicpdt7qhotsxspx6lo4xl5rwzxeeanscduabrvruycpppoonyz6tm posted outside time limit. (get_posts bluesky.py:39)
2026-09-08 11:06:33 [DEBUG]: Post created at: 2026-04-30 14:02:43 (get_posts bluesky.py:33)
2026-09-08 11:06:33 [INFO]: Post bafyreie2qsbv7gjgphjshteqeuzf4pe2dkr4cu3aty2a27kjai4swzebtq posted outside time limit. (get_posts bluesky.py:39)
2026-09-08 11:06:33 [DEBUG]: Post created at: 2026-04-22 14:53:48 (get_posts bluesky.py:33)
2026-09-08 11:06:33 [INFO]: Post bafyreicdui5gpvu6eri4oggsvvgxqb4rb3oy3l2ymmnmffpwz6t3oz2yne posted outside time limit. (get_posts bluesky.py:39)
2026-09-08 11:06:33 [DEBUG]: Post created at: 2026-04-15 13:40:00 (get_posts bluesky.py:33)
2026-09-08 11:06:33 [INFO]: Post bafyreidshdytdhy7f6q3a5yuchedy53verbugnulbbwvllnxofvzpze4re posted outside time limit. (get_posts bluesky.py:39)
2026-09-08 11:06:33 [DEBUG]: Post created at: 2026-04-13 16:38:02 (get_posts bluesky.py:33)
2026-09-08 11:06:33 [INFO]: Post bafyreiauh7o5v67ac256ngxkoqkqnio2e2kmdzdzzqt6vxq32td7gatkmy posted outside time limit. (get_posts bluesky.py:39)
2026-09-08 11:06:33 [DEBUG]: Post created at: 2026-04-10 13:14:36 (get_posts bluesky.py:33)
2026-09-08 11:06:33 [INFO]: Post bafyreifrh7fshwfax4ntkkzh4kal7hstv46kgxa4qlogxu7z7gjxr3ppgu posted outside time limit. (get_posts bluesky.py:39)
2026-09-08 11:06:33 [DEBUG]: Post created at: 2026-04-01 14:22:07 (get_posts bluesky.py:33)
2026-09-08 11:06:33 [INFO]: Post bafyreih2ht6th7xmwvmptcmfdfr5cbdgeavpps6jqyt6xysm37j34w6rge posted outside time limit. (get_posts bluesky.py:39)
2026-09-08 11:06:33 [DEBUG]: Post created at: 2026-03-26 14:42:37 (get_posts bluesky.py:33)
2026-09-08 11:06:33 [INFO]: Post bafyreicfxh453sypukedfr6mfj76tr6uz3osxwb3jfv5ywwecuvhbf267u posted outside time limit. (get_posts bluesky.py:39)
2026-09-08 11:06:33 [DEBUG]: Post created at: 2026-03-26 13:54:10 (get_posts bluesky.py:33)
2026-09-08 11:06:33 [INFO]: Post bafyreifuq22kydpi7ctnxtvy6zww2yzomvsrhq6x2dleqjas62m3p5zo3m posted outside time limit. (get_posts bluesky.py:39)
2026-09-08 11:06:33 [DEBUG]: Post created at: 2026-03-24 22:10:18 (get_posts bluesky.py:33)
2026-09-08 11:06:33 [INFO]: Post bafyreigv5zvvt4yc5xsxkjjliryumxazef75ib5hsmnhtibcncwxoxvnfm posted outside time limit. (get_posts bluesky.py:39)
2026-09-08 11:06:33 [DEBUG]: Post created at: 2026-03-19 14:44:04 (get_posts bluesky.py:33)
2026-09-08 11:06:33 [INFO]: Post bafyreif2f6qv2mgg6cd7amog5rhlfce6br7a6jwoygh7j5szpujkxbw7lq posted outside time limit. (get_posts bluesky.py:39)
2026-09-08 11:06:33 [DEBUG]: Post created at: 2026-03-11 15:06:56 (get_posts bluesky.py:33)
2026-09-08 11:06:33 [INFO]: Post bafyreicdvogziwifeeulpxdanjzw2hhz2x563zmhsulsol6cc2g4awgdzm posted outside time limit. (get_posts bluesky.py:39)
2026-09-08 11:06:33 [DEBUG]: Post created at: 2026-03-10 13:42:44 (get_posts bluesky.py:33)
2026-09-08 11:06:33 [INFO]: Post bafyreievqd6tqe2jmv27cfpq5qfipsop37wgy5tmnrxcgj5pg6c73ziqhe posted outside time limit. (get_posts bluesky.py:39)
2026-09-08 11:06:33 [DEBUG]: Post created at: 2026-02-27 13:14:55 (get_posts bluesky.py:33)
2026-09-08 11:06:33 [INFO]: Post bafyreihnhuuasms57pqkf7igt3c76hf6yngh75wdqpi2zsjqkyv33mn45e posted outside time limit. (get_posts bluesky.py:39)
2026-09-08 11:06:33 [DEBUG]: Post created at: 2026-02-24 16:23:10 (get_posts bluesky.py:33)
2026-09-08 11:06:33 [INFO]: Post bafyreide2tzdyz3qhqvp6dvacl4lo2xhv6sr6gx3jq6ogve525scwql7mi posted outside time limit. (get_posts bluesky.py:39)
2026-09-08 11:06:33 [DEBUG]: Post created at: 2026-02-18 15:42:15 (get_posts bluesky.py:33)
2026-09-08 11:06:33 [INFO]: Post bafyreierb4dlpinmyb7vig7fxqcvt3jgwebafz4bjndrkfzydb5hago4py posted outside time limit. (get_posts bluesky.py:39)
2026-09-08 11:06:33 [DEBUG]: Post created at: 2026-02-13 13:50:14 (get_posts bluesky.py:33)
2026-09-08 11:06:33 [INFO]: Post bafyreiaig2my7kiizjlekleu7edp5chbzu4tonydswkd7j4xawrrklnpea posted outside time limit. (get_posts bluesky.py:39)
2026-09-08 11:06:33 [DEBUG]: Post created at: 2026-02-11 15:17:23 (get_posts bluesky.py:33)
2026-09-08 11:06:33 [INFO]: Post bafyreiaggywu7xfcr3hdbey7tqklccqal2ixepuh6oxtqkyabjhrfpey5y posted outside time limit. (get_posts bluesky.py:39)
2026-09-08 11:06:33 [DEBUG]: Post created at: 2026-02-09 20:47:56 (get_posts bluesky.py:33)
2026-09-08 11:06:33 [INFO]: Post bafyreiegxryprnsav7l5m2duvjrdpuxmd62pglm6dfhladwumo6hb7n73m posted outside time limit. (get_posts bluesky.py:39)
2026-09-08 11:06:33 [DEBUG]: Post created at: 2026-02-04 21:31:32 (get_posts bluesky.py:33)
2026-09-08 11:06:33 [INFO]: Post bafyreiauk2lyeyl7tomeltjaadmgz4auvla2j6itigb2wsu6n52sqbwndu posted outside time limit. (get_posts bluesky.py:39)
2026-09-08 11:06:33 [DEBUG]: Post created at: 2026-02-03 15:53:41 (get_posts bluesky.py:33)
2026-09-08 11:06:33 [INFO]: Post bafyreidbfzjy6zmupb6yp2zrp77ulb7ejvdfu2lawhjkdhg7ekkfoyfzke posted outside time limit. (get_posts bluesky.py:39)
2026-09-08 11:06:33 [DEBUG]: Post created at: 2026-02-02 14:12:40 (get_posts bluesky.py:33)
2026-09-08 11:06:33 [INFO]: Post bafyreibs77nvnmgxegsi2a3q34gvw6gvtffjrta3mgvjmmxq6dagrlaprq posted outside time limit. (get_posts bluesky.py:39)
2026-09-08 11:06:33 [DEBUG]: Post created at: 2026-01-31 17:16:33 (get_posts bluesky.py:33)
2026-09-08 11:06:33 [INFO]: Post bafyreidu7qm22ionzyatpqfiuqfyiio3royiaf4beodokuiwns6f6cl53i posted outside time limit. (get_posts bluesky.py:39)
2026-09-08 11:06:33 [DEBUG]: Post created at: 2026-01-28 13:09:15 (get_posts bluesky.py:33)
2026-09-08 11:06:33 [INFO]: Post bafyreiagqnn3nlo5ftumr3kbsm6zji76ga24ki2373uhb3xxl4o6orajka posted outside time limit. (get_posts bluesky.py:39)
2026-09-08 11:06:33 [DEBUG]: Post created at: 2026-01-27 12:33:02 (get_posts bluesky.py:33)
2026-09-08 11:06:33 [INFO]: Post bafyreifuscbokcel27xngzhkrzopzkb632pmpljpmmbbure5jn5hevtsgq posted outside time limit. (get_posts bluesky.py:39)
2026-09-08 11:06:33 [DEBUG]: Post created at: 2026-01-22 14:21:10 (get_posts bluesky.py:33)
2026-09-08 11:06:33 [INFO]: Post bafyreiagapzgbtv5j2rsn573qr7o7kz73t74l7ypk2eyfahtf6sc5fdjsi posted outside time limit. (get_posts bluesky.py:39)
2026-09-08 11:06:33 [DEBUG]: Post created at: 2026-01-21 13:15:06 (get_posts bluesky.py:33)
2026-09-08 11:06:33 [INFO]: Post bafyreie6wukbdijlqzvjkk4ifh26mdphsaajw26hlqdkohpqcwhuvinmyq posted outside time limit. (get_posts bluesky.py:39)
2026-09-08 11:06:33 [DEBUG]: Post created at: 2026-01-16 16:05:12 (get_posts bluesky.py:33)
2026-09-08 11:06:33 [INFO]: Post bafyreicxzwxqthabj7pnlubsgptgkrsy3x7oxqkp3xahy6tv4gg5yqf2ju posted outside time limit. (get_posts bluesky.py:39)
2026-09-08 11:06:33 [WARNING]: No posts found from input. (get_posts fetch.py:18)
2026-09-08 16:32:21 [INFO]: Reading local database (read_db_file db.py:36)
2026-09-08 16:32:21 [INFO]: Reading cache of recent posts. (read_cache db.py:159)
2026-09-08 16:32:21 [DEBUG]: Cache: {} (read_cache db.py:179)
2026-09-08 16:32:21 [DEBUG]: Deleted: [] (read_cache db.py:180)
2026-09-08 16:32:21 [INFO]: Connecting to Bluesky: None. (bsky_connect connections.py:58)
2026-09-08 16:32:21 [INFO]: Reading session cache (session_cache_read connections.py:111)
2026-09-08 16:32:21 [INFO]: Connecting to Bluesky using saved session. (bsky_connect connections.py:66)
2026-09-08 16:32:21 [INFO]: Session changed: (on_session_change connections.py:104)
2026-09-08 16:32:21 [INFO]: Session changed: (on_session_change connections.py:104)
2026-09-08 16:32:21 [INFO]: Saving changed session (on_session_change connections.py:106)
2026-09-08 16:32:21 [INFO]: Saving session cache (session_cache_write connections.py:120)
2026-09-08 16:32:21 [INFO]: Successfully logged in to Bluesky using saved session. (bsky_connect connections.py:68)
2026-09-08 16:32:21 [INFO]: Saving session cache (session_cache_write connections.py:120)
2026-09-08 16:32:21 [INFO]: Gathering posts from Bluesky (get_posts bluesky.py:18)
2026-09-08 16:32:21 [DEBUG]: Post created at: 2026-09-08 14:47:50 (get_posts bluesky.py:33)
2026-09-08 16:32:21 [INFO]: bafyreicanfj5k4v7deaaiorimn4zclcvgflpm7g7l4pu2evytzlqxw2ava not found in post list (posted db.py:70)
2026-09-08 16:32:21 [INFO]: Adding post to database (add db.py:100)
2026-09-08 16:32:21 [DEBUG]: post=PostView(author=ProfileViewBasic(did='did:plc:s4xzyzfwqcnl3jjbejehnzbg', handle='ashevilleforall.org', associated=ProfileAssociated(activity_subscription=ProfileAssociatedActivitySubscription(allow_subscriptions='followers', py_type='app.bsky.actor.defs#profileAssociatedActivitySubscription'), chat=ProfileAssociatedChat(allow_incoming='all', allow_group_invites=None, py_type='app.bsky.actor.defs#profileAssociatedChat'), feedgens=None, germ=None, labeler=None, lists=None, starter_packs=None, py_type='app.bsky.actor.defs#profileAssociated'), avatar='https://cdn.bsky.app/img/avatar/plain/did:plc:s4xzyzfwqcnl3jjbejehnzbg/bafkreia6eqyinixs5yaawndpbxbrmb3xtxu6dcsx3bkuwpnatelegesway', created_at='2024-10-28T12:30:56.811Z', debug=None, display_name='Asheville For All', labels=[], pronouns=None, status=None, verification=None, viewer=ViewerState(activity_subscription=None, blocked_by=False, blocking=None, blocking_by_list=None, followed_by=None, following=None, known_followers=None, muted=False, muted_by_list=None, py_type='app.bsky.actor.defs#viewerState', mutedOnlyReposts=False, mutedOnlyQuoteposts=False), py_type='app.bsky.actor.defs#profileViewBasic'), cid='bafyreicanfj5k4v7deaaiorimn4zclcvgflpm7g7l4pu2evytzlqxw2ava', indexed_at='2026-09-08T14:47:52.263Z', record=Record(created_at='2026-09-08T14:47:50.926Z', text='Join your pro-housing neighbors for informal discussion + learn how you can get involved!\n\nMore info + RSVP:\n\nashevilleforall.org/2026-09-24-m...', embed=Main(images=[Image(alt='Text reads: “Monthly Meetup / Thursday, September 24th / 6:00pm / Hi-Wire Brewing - RAD Beer Garden.” The Asheville For All logo is in the bottom corner.', image=BlobRef(mime_type='image/png', size=839093, ref=IpldLink(link='bafkreigg3ukaevigtdt5pxbsimyqxhpqqgp74an7x4nxg2tbk4dej4n7qy'), py_type='blob'), aspect_ratio=AspectRatio(height=1350, width=1080, py_type='app.bsky.embed.defs#aspectRatio'), py_type='app.bsky.embed.images#image')], py_type='app.bsky.embed.images'), entities=None, facets=[Main(features=[Link(uri='https://ashevilleforall.org/2026-09-24-meetup.html', py_type='app.bsky.richtext.facet#link')], index=ByteSlice(byte_end=145, byte_start=110, py_type='app.bsky.richtext.facet#byteSlice'), py_type='app.bsky.richtext.facet')], labels=None, langs=None, reply=None, tags=None, py_type='app.bsky.feed.post'), uri='at://did:plc:s4xzyzfwqcnl3jjbejehnzbg/app.bsky.feed.post/3muzbculdzu2q', bookmark_count=0, debug=None, embed=View(images=[ViewImage(alt='Text reads: “Monthly Meetup / Thursday, September 24th / 6:00pm / Hi-Wire Brewing - RAD Beer Garden.” The Asheville For All logo is in the bottom corner.', fullsize='https://cdn.bsky.app/img/feed_fullsize/plain/did:plc:s4xzyzfwqcnl3jjbejehnzbg/bafkreigg3ukaevigtdt5pxbsimyqxhpqqgp74an7x4nxg2tbk4dej4n7qy', thumb='https://cdn.bsky.app/img/feed_thumbnail/plain/did:plc:s4xzyzfwqcnl3jjbejehnzbg/bafkreigg3ukaevigtdt5pxbsimyqxhpqqgp74an7x4nxg2tbk4dej4n7qy', aspect_ratio=AspectRatio(height=1350, width=1080, py_type='app.bsky.embed.defs#aspectRatio'), py_type='app.bsky.embed.images#viewImage')], py_type='app.bsky.embed.images#view'), labels=[], like_count=0, quote_count=0, reply_count=0, repost_count=0, threadgate=None, viewer=ViewerState(bookmarked=False, embedding_disabled=False, like=None, pinned=None, reply_disabled=None, repost=None, thread_muted=False, py_type='app.bsky.feed.defs#viewerState'), py_type='app.bsky.feed.defs#postView') feed_context=None reason=None reply=None req_id=None py_type='app.bsky.feed.defs#feedViewPost' (get_posts bluesky.py:49)
2026-09-08 16:32:21 [DEBUG]: {'post_id': 'bafyreicanfj5k4v7deaaiorimn4zclcvgflpm7g7l4pu2evytzlqxw2ava', 'text': 'Join your pro-housing neighbors for informal discussion + learn how you can get involved!\n\nMore info + RSVP:\n\nhttps://ashevilleforall.org/2026-09-24-meetup.html', 'urls': ['https://ashevilleforall.org/2026-09-24-meetup.html'], 'tags': [], 'reply_id': '', 'quote_id': '', 'quote_url': '', 'media': {'type': 'image', 'items': [{'url': 'https://cdn.bsky.app/img/feed_fullsize/plain/did:plc:s4xzyzfwqcnl3jjbejehnzbg/bafkreigg3ukaevigtdt5pxbsimyqxhpqqgp74an7x4nxg2tbk4dej4n7qy', 'alt': 'Text reads: “Monthly Meetup / Thursday, September 24th / 6:00pm / Hi-Wire Brewing - RAD Beer Garden.” The Asheville For All logo is in the bottom corner.'}]}, 'sensitive': False, 'language': None, 'privacy': 'public', 'repost': False, 'created_at': <Arrow [2026-09-08T14:47:50.926000+00:00]>} (get_posts bluesky.py:167)
2026-09-08 16:32:21 [DEBUG]: Post created at: 2026-09-03 15:37:00 (get_posts bluesky.py:33)
2026-09-08 16:32:21 [INFO]: Post bafyreiehn22wcurw5npenw6v2t6h5lwaphz7xrytqmjhctunhlog56m5za posted outside time limit. (get_posts bluesky.py:39)
2026-09-08 16:32:21 [DEBUG]: Post created at: 2026-09-01 12:18:24 (get_posts bluesky.py:33)
2026-09-08 16:32:21 [INFO]: Post bafyreifcztcuxirehcso76aslxe6ls44yvyd65ynoz4ugtgeqrccqtz5ru posted outside time limit. (get_posts bluesky.py:39)
2026-09-08 16:32:21 [DEBUG]: Post created at: 2026-08-28 12:41:35 (get_posts bluesky.py:33)
2026-09-08 16:32:21 [INFO]: Post bafyreidfv7ws6pchpxfyj346zpkrykxpxpgww6vfsjjnpbjunxfoqwh3mq posted outside time limit. (get_posts bluesky.py:39)
2026-09-08 16:32:21 [DEBUG]: Post created at: 2026-08-19 17:08:43 (get_posts bluesky.py:33)
2026-09-08 16:32:21 [INFO]: Post bafyreiaoyoxdgjrdqbjwnwsqt7nhrjlyn24pmjsmuw7gj2vwkyg354uo24 posted outside time limit. (get_posts bluesky.py:39)
2026-09-08 16:32:21 [DEBUG]: Post created at: 2026-08-11 18:33:44 (get_posts bluesky.py:33)
2026-09-08 16:32:21 [INFO]: Post bafyreif6z4mshhjzw7nskbqsktlhq7d5i6vyhy2jxtmu3t2zgw4m2fhavq posted outside time limit. (get_posts bluesky.py:39)
2026-09-08 16:32:21 [DEBUG]: Post created at: 2026-08-06 12:27:25 (get_posts bluesky.py:33)
2026-09-08 16:32:21 [INFO]: Post bafyreibx2vnv3hheqm2susm6rhiultlk6eaptkwbnjmhajzicwe22gfbjm posted outside time limit. (get_posts bluesky.py:39)
2026-09-08 16:32:21 [DEBUG]: Post created at: 2026-08-05 13:39:02 (get_posts bluesky.py:33)
2026-09-08 16:32:21 [INFO]: Post bafyreihtizm7ymakkbho3vywrcve77otdl2txadgxgoyrni5hseaisrszy posted outside time limit. (get_posts bluesky.py:39)
2026-09-08 16:32:21 [DEBUG]: Post created at: 2026-07-23 15:16:51 (get_posts bluesky.py:33)
2026-09-08 16:32:21 [INFO]: Post bafyreif6f2ek3doxuknizkn2jatdtqesoby5hz3wipn4vbnlm6aof6titm posted outside time limit. (get_posts bluesky.py:39)
2026-09-08 16:32:21 [DEBUG]: Post created at: 2026-07-22 15:15:36 (get_posts bluesky.py:33)
2026-09-08 16:32:21 [INFO]: Post bafyreigbxvo544aahrqrrukb3i2h6nnnjv73bddkd5gewt73b2fqovobui posted outside time limit. (get_posts bluesky.py:39)
2026-09-08 16:32:21 [DEBUG]: Post created at: 2026-07-20 12:33:32 (get_posts bluesky.py:33)
2026-09-08 16:32:21 [INFO]: Post bafyreibrtm3v3ucg73br5shdear4zmw4w5f33w5q2ulxbcrf4suakyhmpq posted outside time limit. (get_posts bluesky.py:39)
2026-09-08 16:32:21 [DEBUG]: Post created at: 2026-07-17 11:35:56 (get_posts bluesky.py:33)
2026-09-08 16:32:21 [INFO]: Post bafyreidtxvowahst6h6tvquj5g3uo26gjcgmkvggwg3e44pchoyq4unb4i posted outside time limit. (get_posts bluesky.py:39)
2026-09-08 16:32:21 [DEBUG]: Post created at: 2026-07-06 14:05:46 (get_posts bluesky.py:33)
2026-09-08 16:32:21 [INFO]: Post bafyreiblrulfzvgmmsltp3nywyhksmj4dr257fkhuhoquhhh4vkwr4zzsu posted outside time limit. (get_posts bluesky.py:39)
2026-09-08 16:32:21 [DEBUG]: Post created at: 2026-06-30 16:37:16 (get_posts bluesky.py:33)
2026-09-08 16:32:21 [INFO]: Post bafyreib46tjmeeqwcvj6wiw75b24fza7oug4heiy2ciuww366uibqrqsbe posted outside time limit. (get_posts bluesky.py:39)
2026-09-08 16:32:21 [DEBUG]: Post created at: 2026-06-24 11:17:45 (get_posts bluesky.py:33)
2026-09-08 16:32:21 [INFO]: Post bafyreidt2ygeayems7i7paeb24ig5l2v7lcmtfhrdi4uhrxfjm4thubecq posted outside time limit. (get_posts bluesky.py:39)
2026-09-08 16:32:21 [DEBUG]: Post created at: 2026-06-17 13:46:03 (get_posts bluesky.py:33)
2026-09-08 16:32:21 [INFO]: Post bafyreieekpu7ys5y3dujnzaoq62fikjxndci6yr6qzasdfictup376i3lq posted outside time limit. (get_posts bluesky.py:39)
2026-09-08 16:32:21 [DEBUG]: Post created at: 2026-06-02 18:05:16 (get_posts bluesky.py:33)
2026-09-08 16:32:21 [INFO]: Post bafyreibwhlbkkwktshb56dytljna7wlvy45dkdd7vqawv5xpvqd3btb5tu posted outside time limit. (get_posts bluesky.py:39)
2026-09-08 16:32:21 [DEBUG]: Post created at: 2026-05-28 12:42:25 (get_posts bluesky.py:33)
2026-09-08 16:32:21 [INFO]: Post bafyreigew3jv7boj7icxdil3sho3r5u6qnvgmiwkfvx5yszmyzbwuz7pwu posted outside time limit. (get_posts bluesky.py:39)
2026-09-08 16:32:21 [DEBUG]: Post created at: 2026-05-27 18:13:32 (get_posts bluesky.py:33)
2026-09-08 16:32:21 [INFO]: Post bafyreicomu6cn7rxnkk4gmfp235wbntlseyony4hstbw3m5ipnxjqzma54 posted outside time limit. (get_posts bluesky.py:39)
2026-09-08 16:32:21 [DEBUG]: Post created at: 2026-05-21 16:52:19 (get_posts bluesky.py:33)
2026-09-08 16:32:21 [INFO]: Post bafyreifgxpvh535rsbgturdrvuix3yrkwwzdxxfvmcif3tgn5ae46i25ca posted outside time limit. (get_posts bluesky.py:39)
2026-09-08 16:32:21 [DEBUG]: Post created at: 2026-05-18 11:38:35 (get_posts bluesky.py:33)
2026-09-08 16:32:21 [INFO]: Post bafyreif3vacnffmfmavpf7x2gwtddexvcrqmcetogbnzbca52sfygsnl3i posted outside time limit. (get_posts bluesky.py:39)
2026-09-08 16:32:21 [DEBUG]: Post created at: 2026-05-12 12:15:04 (get_posts bluesky.py:33)
2026-09-08 16:32:21 [INFO]: Post bafyreigir5vldhynmmhee7b5scolawrc2twgukmpbfvlrc66aqji4vlbbu posted outside time limit. (get_posts bluesky.py:39)
2026-09-08 16:32:21 [DEBUG]: Post created at: 2026-05-07 13:44:19 (get_posts bluesky.py:33)
2026-09-08 16:32:21 [INFO]: Post bafyreibmmqchdd5ocewgcdwj2zawtqsn5jlx7jumuqdij7nn6f77t3tpri posted outside time limit. (get_posts bluesky.py:39)
2026-09-08 16:32:21 [DEBUG]: Post created at: 2026-05-04 12:46:03 (get_posts bluesky.py:33)
2026-09-08 16:32:21 [INFO]: Post bafyreicpdt7qhotsxspx6lo4xl5rwzxeeanscduabrvruycpppoonyz6tm posted outside time limit. (get_posts bluesky.py:39)
2026-09-08 16:32:21 [DEBUG]: Post created at: 2026-04-30 14:02:43 (get_posts bluesky.py:33)
2026-09-08 16:32:21 [INFO]: Post bafyreie2qsbv7gjgphjshteqeuzf4pe2dkr4cu3aty2a27kjai4swzebtq posted outside time limit. (get_posts bluesky.py:39)
2026-09-08 16:32:21 [DEBUG]: Post created at: 2026-04-22 14:53:48 (get_posts bluesky.py:33)
2026-09-08 16:32:21 [INFO]: Post bafyreicdui5gpvu6eri4oggsvvgxqb4rb3oy3l2ymmnmffpwz6t3oz2yne posted outside time limit. (get_posts bluesky.py:39)
2026-09-08 16:32:21 [DEBUG]: Post created at: 2026-04-15 13:40:00 (get_posts bluesky.py:33)
2026-09-08 16:32:21 [INFO]: Post bafyreidshdytdhy7f6q3a5yuchedy53verbugnulbbwvllnxofvzpze4re posted outside time limit. (get_posts bluesky.py:39)
2026-09-08 16:32:21 [DEBUG]: Post created at: 2026-04-13 16:38:02 (get_posts bluesky.py:33)
2026-09-08 16:32:21 [INFO]: Post bafyreiauh7o5v67ac256ngxkoqkqnio2e2kmdzdzzqt6vxq32td7gatkmy posted outside time limit. (get_posts bluesky.py:39)
2026-09-08 16:32:21 [DEBUG]: Post created at: 2026-04-10 13:14:36 (get_posts bluesky.py:33)
2026-09-08 16:32:21 [INFO]: Post bafyreifrh7fshwfax4ntkkzh4kal7hstv46kgxa4qlogxu7z7gjxr3ppgu posted outside time limit. (get_posts bluesky.py:39)
2026-09-08 16:32:21 [DEBUG]: Post created at: 2026-04-01 14:22:07 (get_posts bluesky.py:33)
2026-09-08 16:32:21 [INFO]: Post bafyreih2ht6th7xmwvmptcmfdfr5cbdgeavpps6jqyt6xysm37j34w6rge posted outside time limit. (get_posts bluesky.py:39)
2026-09-08 16:32:21 [DEBUG]: Post created at: 2026-03-26 14:42:37 (get_posts bluesky.py:33)
2026-09-08 16:32:21 [INFO]: Post bafyreicfxh453sypukedfr6mfj76tr6uz3osxwb3jfv5ywwecuvhbf267u posted outside time limit. (get_posts bluesky.py:39)
2026-09-08 16:32:21 [DEBUG]: Post created at: 2026-03-26 13:54:10 (get_posts bluesky.py:33)
2026-09-08 16:32:21 [INFO]: Post bafyreifuq22kydpi7ctnxtvy6zww2yzomvsrhq6x2dleqjas62m3p5zo3m posted outside time limit. (get_posts bluesky.py:39)
2026-09-08 16:32:21 [DEBUG]: Post created at: 2026-03-24 22:10:18 (get_posts bluesky.py:33)
2026-09-08 16:32:21 [INFO]: Post bafyreigv5zvvt4yc5xsxkjjliryumxazef75ib5hsmnhtibcncwxoxvnfm posted outside time limit. (get_posts bluesky.py:39)
2026-09-08 16:32:21 [DEBUG]: Post created at: 2026-03-19 14:44:04 (get_posts bluesky.py:33)
2026-09-08 16:32:21 [INFO]: Post bafyreif2f6qv2mgg6cd7amog5rhlfce6br7a6jwoygh7j5szpujkxbw7lq posted outside time limit. (get_posts bluesky.py:39)
2026-09-08 16:32:21 [DEBUG]: Post created at: 2026-03-11 15:06:56 (get_posts bluesky.py:33)
2026-09-08 16:32:21 [INFO]: Post bafyreicdvogziwifeeulpxdanjzw2hhz2x563zmhsulsol6cc2g4awgdzm posted outside time limit. (get_posts bluesky.py:39)
2026-09-08 16:32:21 [DEBUG]: Post created at: 2026-03-10 13:42:44 (get_posts bluesky.py:33)
2026-09-08 16:32:21 [INFO]: Post bafyreievqd6tqe2jmv27cfpq5qfipsop37wgy5tmnrxcgj5pg6c73ziqhe posted outside time limit. (get_posts bluesky.py:39)
2026-09-08 16:32:21 [DEBUG]: Post created at: 2026-02-27 13:14:55 (get_posts bluesky.py:33)
2026-09-08 16:32:21 [INFO]: Post bafyreihnhuuasms57pqkf7igt3c76hf6yngh75wdqpi2zsjqkyv33mn45e posted outside time limit. (get_posts bluesky.py:39)
2026-09-08 16:32:21 [DEBUG]: Post created at: 2026-02-24 16:23:10 (get_posts bluesky.py:33)
2026-09-08 16:32:21 [INFO]: Post bafyreide2tzdyz3qhqvp6dvacl4lo2xhv6sr6gx3jq6ogve525scwql7mi posted outside time limit. (get_posts bluesky.py:39)
2026-09-08 16:32:21 [DEBUG]: Post created at: 2026-02-18 15:42:15 (get_posts bluesky.py:33)
2026-09-08 16:32:21 [INFO]: Post bafyreierb4dlpinmyb7vig7fxqcvt3jgwebafz4bjndrkfzydb5hago4py posted outside time limit. (get_posts bluesky.py:39)
2026-09-08 16:32:21 [DEBUG]: Post created at: 2026-02-13 13:50:14 (get_posts bluesky.py:33)
2026-09-08 16:32:21 [INFO]: Post bafyreiaig2my7kiizjlekleu7edp5chbzu4tonydswkd7j4xawrrklnpea posted outside time limit. (get_posts bluesky.py:39)
2026-09-08 16:32:21 [DEBUG]: Post created at: 2026-02-11 15:17:23 (get_posts bluesky.py:33)
2026-09-08 16:32:21 [INFO]: Post bafyreiaggywu7xfcr3hdbey7tqklccqal2ixepuh6oxtqkyabjhrfpey5y posted outside time limit. (get_posts bluesky.py:39)
2026-09-08 16:32:21 [DEBUG]: Post created at: 2026-02-09 20:47:56 (get_posts bluesky.py:33)
2026-09-08 16:32:21 [INFO]: Post bafyreiegxryprnsav7l5m2duvjrdpuxmd62pglm6dfhladwumo6hb7n73m posted outside time limit. (get_posts bluesky.py:39)
2026-09-08 16:32:21 [DEBUG]: Post created at: 2026-02-04 21:31:32 (get_posts bluesky.py:33)
2026-09-08 16:32:21 [INFO]: Post bafyreiauk2lyeyl7tomeltjaadmgz4auvla2j6itigb2wsu6n52sqbwndu posted outside time limit. (get_posts bluesky.py:39)
2026-09-08 16:32:21 [DEBUG]: Post created at: 2026-02-03 15:53:41 (get_posts bluesky.py:33)
2026-09-08 16:32:21 [INFO]: Post bafyreidbfzjy6zmupb6yp2zrp77ulb7ejvdfu2lawhjkdhg7ekkfoyfzke posted outside time limit. (get_posts bluesky.py:39)
2026-09-08 16:32:21 [DEBUG]: Post created at: 2026-02-02 14:12:40 (get_posts bluesky.py:33)
2026-09-08 16:32:21 [INFO]: Post bafyreibs77nvnmgxegsi2a3q34gvw6gvtffjrta3mgvjmmxq6dagrlaprq posted outside time limit. (get_posts bluesky.py:39)
2026-09-08 16:32:21 [DEBUG]: Post created at: 2026-01-31 17:16:33 (get_posts bluesky.py:33)
2026-09-08 16:32:21 [INFO]: Post bafyreidu7qm22ionzyatpqfiuqfyiio3royiaf4beodokuiwns6f6cl53i posted outside time limit. (get_posts bluesky.py:39)
2026-09-08 16:32:21 [DEBUG]: Post created at: 2026-01-28 13:09:15 (get_posts bluesky.py:33)
2026-09-08 16:32:21 [INFO]: Post bafyreiagqnn3nlo5ftumr3kbsm6zji76ga24ki2373uhb3xxl4o6orajka posted outside time limit. (get_posts bluesky.py:39)
2026-09-08 16:32:21 [DEBUG]: Post created at: 2026-01-27 12:33:02 (get_posts bluesky.py:33)
2026-09-08 16:32:21 [INFO]: Post bafyreifuscbokcel27xngzhkrzopzkb632pmpljpmmbbure5jn5hevtsgq posted outside time limit. (get_posts bluesky.py:39)
2026-09-08 16:32:21 [DEBUG]: Post created at: 2026-01-22 14:21:10 (get_posts bluesky.py:33)
2026-09-08 16:32:21 [INFO]: Post bafyreiagapzgbtv5j2rsn573qr7o7kz73t74l7ypk2eyfahtf6sc5fdjsi posted outside time limit. (get_posts bluesky.py:39)
2026-09-08 16:32:21 [DEBUG]: Post created at: 2026-01-21 13:15:06 (get_posts bluesky.py:33)
2026-09-08 16:32:21 [INFO]: Post bafyreie6wukbdijlqzvjkk4ifh26mdphsaajw26hlqdkohpqcwhuvinmyq posted outside time limit. (get_posts bluesky.py:39)
2026-09-08 16:32:21 [DEBUG]: Generating post based on {'post_id': 'bafyreicanfj5k4v7deaaiorimn4zclcvgflpm7g7l4pu2evytzlqxw2ava', 'text': 'Join your pro-housing neighbors for informal discussion + learn how you can get involved!\n\nMore info + RSVP:\n\nhttps://ashevilleforall.org/2026-09-24-meetup.html', 'urls': ['https://ashevilleforall.org/2026-09-24-meetup.html'], 'tags': [], 'reply_id': '', 'quote_id': '', 'quote_url': '', 'media': {'type': 'image', 'items': [{'url': 'https://cdn.bsky.app/img/feed_fullsize/plain/did:plc:s4xzyzfwqcnl3jjbejehnzbg/bafkreigg3ukaevigtdt5pxbsimyqxhpqqgp74an7x4nxg2tbk4dej4n7qy', 'alt': 'Text reads: “Monthly Meetup / Thursday, September 24th / 6:00pm / Hi-Wire Brewing - RAD Beer Garden.” The Asheville For All logo is in the bottom corner.'}]}, 'sensitive': False, 'language': None, 'privacy': 'public', 'repost': False, 'created_at': <Arrow [2026-09-08T14:47:50.926000+00:00]>} (__init__ post.py:28)
2026-09-08 16:32:21 [INFO]: Checking if bafyreicanfj5k4v7deaaiorimn4zclcvgflpm7g7l4pu2evytzlqxw2ava has been posted to mastodon (posted db.py:77)
2026-09-08 16:32:21 [DEBUG]:  (posted db.py:78)
2026-09-08 16:32:21 [INFO]: bafyreicanfj5k4v7deaaiorimn4zclcvgflpm7g7l4pu2evytzlqxw2ava has not been posted to mastodon (get_posts fetch.py:40)
2026-09-08 16:32:21 [INFO]: Downloading image from https://cdn.bsky.app/img/feed_fullsize/plain/did:plc:s4xzyzfwqcnl3jjbejehnzbg/bafkreigg3ukaevigtdt5pxbsimyqxhpqqgp74an7x4nxg2tbk4dej4n7qy as ./images/kddeokhxye (get_images post.py:74)
2026-09-08 16:32:23 [DEBUG]: Found posts {'mastodon': [{'id': 'bafyreicanfj5k4v7deaaiorimn4zclcvgflpm7g7l4pu2evytzlqxw2ava', 'type': 'post', 'post': <main.post.Post object at 0x7fc66a4053a0>}]} (run run.py:18)
2026-09-08 16:32:23 [INFO]: Posting queue to Mastodon. (output mastodon.py:11)
2026-09-08 16:32:23 [INFO]: Connecting to Mastodon API. (mastodon_connect connections.py:16)
2026-09-08 16:32:23 [DEBUG]: Shortened urls: Join your pro-housing neighbors for informal discussion + learn how you can get involved!

More info + RSVP:

01_https://ashevillefor (shorten_urls post.py:141)
2026-09-08 16:32:23 [DEBUG]: "Join your pro-housing neighbors for informal discussion + learn how you can get involved!

More info + RSVP:

01_https://ashevillefor" will be viewed as 133 characters by mastodon. (check_length functions.py:204)
2026-09-08 16:32:23 [INFO]: Uploading media ./images/kddeokhxye with alt: Text reads: “Monthly Meetup / Thursday, September 24th / 6:00pm / Hi-Wire Brewing - RAD Beer Garden.” The Asheville For All logo is in the bottom corner. to mastodon (post mastodon.py:75)
2026-09-08 16:32:25 [INFO]: Posting "Join your pro-housing neighbors for informal discussion + learn how you can get involved!

More info + RSVP:

https://ashevilleforall.org/2026-09-24-meetup.html" to Mastodon (post mastodon.py:79)
2026-09-08 16:32:25 [DEBUG]: mastodon_client.status_post(Join your pro-housing neighbors for informal discussion + learn how you can get involved!

More info + RSVP:

https://ashevilleforall.org/2026-09-24-meetup.html, in_reply_to_id=None, media_ids=[117236376850530147], visibility=public, language=None), sensitive=False (post mastodon.py:83)
2026-09-08 16:32:25 [DEBUG]: Status({'id': 117236376907601990, 'uri': 'https://mastodon.online/users/ashevilleforall/statuses/117236376907601990', 'url': 'https://mastodon.online/@ashevilleforall/117236376907601990', 'account': Account({'id': 109263273845318667, 'username': 'ashevilleforall', 'acct': 'ashevilleforall', 'display_name': 'Asheville For All', 'discoverable': False, 'group': False, 'locked': False, 'created_at': datetime.datetime(2022, 10, 31, 0, 0, tzinfo=tzlocal()), 'following_count': 0, 'followers_count': 48, 'statuses_count': 227, 'note': '<p>WNC&#39;s chapter of YIMBY Action. We’re advocating for housing abundance, and diverse, affordable, and walkable communities in Asheville.</p>', 'url': 'https://mastodon.online/@ashevilleforall', 'uri': 'https://mastodon.online/users/ashevilleforall', 'avatar': 'https://files.mastodon.online/accounts/avatars/109/263/273/845/318/667/original/7ab5d880e7134a8b.png', 'header': 'https://mastodon.online/headers/original/missing.png', 'avatar_static': 'https://files.mastodon.online/accounts/avatars/109/263/273/845/318/667/original/7ab5d880e7134a8b.png', 'header_static': 'https://mastodon.online/headers/original/missing.png', 'moved_to_account': None, 'suspended': None, 'limited': None, 'bot': False, 'fields': [AccountField({'name': 'website', 'value': '<a href="https://ashevilleforall.org" target="_blank" rel="nofollow noopener me" translate="no"><span class="invisible">https://</span><span class="">ashevilleforall.org</span><span class="invisible"></span></a>', 'verified_at': None})], 'emojis': [], 'last_status_at': datetime.datetime(2026, 9, 8, 0, 0), 'noindex': False, 'roles': [], 'role': None, 'source': None, 'mute_expires_at': None, 'indexable': False, 'hide_collections': False, 'memorial': None, 'avatar_description': '', 'header_description': '', 'show_media': True, 'show_media_replies': True, 'show_featured': True, 'feature_approval': AttribAccessDict({'automatic': [], 'manual': [], 'current_user': 'denied'})}), 'in_reply_to_id': None, 'in_reply_to_account_id': None, 'reblog': None, 'content': '<p>Join your pro-housing neighbors for informal discussion + learn how you can get involved!</p><p>More info + RSVP:</p><p><a href="https://ashevilleforall.org/2026-09-24-meetup.html" target="_blank" rel="nofollow noopener" translate="no"><span class="invisible">https://</span><span class="ellipsis">ashevilleforall.org/2026-09-24</span><span class="invisible">-meetup.html</span></a></p>', 'created_at': datetime.datetime(2026, 9, 8, 16, 32, 25, 690000, tzinfo=tzlocal()), 'reblogs_count': 0, 'favourites_count': 0, 'reblogged': False, 'favourited': False, 'sensitive': False, 'spoiler_text': '', 'visibility': 'public', 'mentions': [], 'media_attachments': [MediaAttachment({'id': 117236376850530147, 'type': 'image', 'url': 'https://files.mastodon.online/media_attachments/files/117/236/376/850/530/147/original/56162bdfef380f74.webp', 'remote_url': None, 'preview_url': 'https://files.mastodon.online/media_attachments/files/117/236/376/850/530/147/small/56162bdfef380f74.webp', 'text_url': None, 'meta': MediaAttachmentMetadataContainer({'original': MediaAttachmentImageMetadata({'width': 583, 'height': 729, 'aspect': 0.7997256515775034, 'size': '583x729'}), 'small': MediaAttachmentImageMetadata({'width': 429, 'height': 536, 'aspect': 0.8003731343283582, 'size': '429x536'}), 'colors': None, 'focus': None}), 'blurhash': 'UMG+XAPAM{bH}GxuWUWBIURioya}MxRjofof', 'description': 'Text reads: “Monthly Meetup / Thursday, September 24th / 6:00pm / Hi-Wire Brewing - RAD Beer Garden.” The Asheville For All logo is in the bottom corner.', 'preview_remote_url': None})], 'emojis': [], 'tags': [], 'bookmarked': False, 'application': Application({'id': None, 'name': 'cross_poster', 'website': None, 'vapid_key': None, 'redirect_uri': None, 'redirect_uris': None, 'scopes': None}), 'language': 'en', 'muted': False, 'pinned': False, 'replies_count': 0, 'card': None, 'poll': None, 'edited_at': None, 'filtered': [], 'quotes_count': 0, 'tagged_collections': [], 'quote': None, 'quote_approval': AttribAccessDict({'automatic': ['public'], 'manual': [], 'current_user': 'automatic'})}) (post mastodon.py:85)
2026-09-08 16:32:25 [INFO]: Posted to mastodon (post mastodon.py:99)
2026-09-08 16:32:25 [INFO]: Saving database (save db.py:140)
2026-09-08 16:32:25 [INFO]: Saving cache. (save_cache db.py:184)
2026-09-08 16:32:25 [DEBUG]: {'bafyreicanfj5k4v7deaaiorimn4zclcvgflpm7g7l4pu2evytzlqxw2ava': <Arrow [2026-09-08T16:32:25.980170+00:00]>} (save_cache db.py:185)
2026-09-08 16:32:25 [INFO]: Saving post cache. (save_cache db.py:191)
2026-09-08 16:32:25 [INFO]: Deleting local images (cleanup functions.py:44)
