2026-08-23 01:52:44 [INFO]: Reading local database (read_db_file db.py:36)
2026-08-23 01:52:44 [INFO]: Reading cache of recent posts. (read_cache db.py:159)
2026-08-23 01:52:44 [DEBUG]: Cache: {} (read_cache db.py:179)
2026-08-23 01:52:44 [DEBUG]: Deleted: [] (read_cache db.py:180)
2026-08-23 01:52:44 [INFO]: Connecting to Bluesky: None. (bsky_connect connections.py:58)
2026-08-23 01:52:44 [INFO]: Reading session cache (session_cache_read connections.py:111)
2026-08-23 01:52:44 [INFO]: Connecting to Bluesky using saved session. (bsky_connect connections.py:66)
2026-08-23 01:52:44 [INFO]: Session changed: (on_session_change connections.py:104)
2026-08-23 01:52:45 [INFO]: Session changed: (on_session_change connections.py:104)
2026-08-23 01:52:45 [INFO]: Saving changed session (on_session_change connections.py:106)
2026-08-23 01:52:45 [INFO]: Saving session cache (session_cache_write connections.py:120)
2026-08-23 01:52:45 [INFO]: Successfully logged in to Bluesky using saved session. (bsky_connect connections.py:68)
2026-08-23 01:52:45 [INFO]: Saving session cache (session_cache_write connections.py:120)
2026-08-23 01:52:45 [INFO]: Gathering posts from Bluesky (get_posts bluesky.py:18)
2026-08-23 01:52:45 [DEBUG]: Post created at: 2026-08-19 17:08:43 (get_posts bluesky.py:33)
2026-08-23 01:52:45 [INFO]: Post bafyreiaoyoxdgjrdqbjwnwsqt7nhrjlyn24pmjsmuw7gj2vwkyg354uo24 posted outside time limit. (get_posts bluesky.py:39)
2026-08-23 01:52:45 [DEBUG]: Post created at: 2026-08-11 18:33:44 (get_posts bluesky.py:33)
2026-08-23 01:52:45 [INFO]: Post bafyreif6z4mshhjzw7nskbqsktlhq7d5i6vyhy2jxtmu3t2zgw4m2fhavq posted outside time limit. (get_posts bluesky.py:39)
2026-08-23 01:52:45 [DEBUG]: Post created at: 2026-08-06 12:27:25 (get_posts bluesky.py:33)
2026-08-23 01:52:45 [INFO]: Post bafyreibx2vnv3hheqm2susm6rhiultlk6eaptkwbnjmhajzicwe22gfbjm posted outside time limit. (get_posts bluesky.py:39)
2026-08-23 01:52:45 [DEBUG]: Post created at: 2026-08-05 13:39:02 (get_posts bluesky.py:33)
2026-08-23 01:52:45 [INFO]: Post bafyreihtizm7ymakkbho3vywrcve77otdl2txadgxgoyrni5hseaisrszy posted outside time limit. (get_posts bluesky.py:39)
2026-08-23 01:52:45 [DEBUG]: Post created at: 2026-07-23 15:16:51 (get_posts bluesky.py:33)
2026-08-23 01:52:45 [INFO]: Post bafyreif6f2ek3doxuknizkn2jatdtqesoby5hz3wipn4vbnlm6aof6titm posted outside time limit. (get_posts bluesky.py:39)
2026-08-23 01:52:45 [DEBUG]: Post created at: 2026-07-22 15:15:36 (get_posts bluesky.py:33)
2026-08-23 01:52:45 [INFO]: Post bafyreigbxvo544aahrqrrukb3i2h6nnnjv73bddkd5gewt73b2fqovobui posted outside time limit. (get_posts bluesky.py:39)
2026-08-23 01:52:45 [DEBUG]: Post created at: 2026-07-20 12:33:32 (get_posts bluesky.py:33)
2026-08-23 01:52:45 [INFO]: Post bafyreibrtm3v3ucg73br5shdear4zmw4w5f33w5q2ulxbcrf4suakyhmpq posted outside time limit. (get_posts bluesky.py:39)
2026-08-23 01:52:45 [DEBUG]: Post created at: 2026-07-17 11:35:56 (get_posts bluesky.py:33)
2026-08-23 01:52:45 [INFO]: Post bafyreidtxvowahst6h6tvquj5g3uo26gjcgmkvggwg3e44pchoyq4unb4i posted outside time limit. (get_posts bluesky.py:39)
2026-08-23 01:52:45 [DEBUG]: Post created at: 2026-07-06 14:05:46 (get_posts bluesky.py:33)
2026-08-23 01:52:45 [INFO]: Post bafyreiblrulfzvgmmsltp3nywyhksmj4dr257fkhuhoquhhh4vkwr4zzsu posted outside time limit. (get_posts bluesky.py:39)
2026-08-23 01:52:45 [DEBUG]: Post created at: 2026-06-30 16:37:16 (get_posts bluesky.py:33)
2026-08-23 01:52:45 [INFO]: Post bafyreib46tjmeeqwcvj6wiw75b24fza7oug4heiy2ciuww366uibqrqsbe posted outside time limit. (get_posts bluesky.py:39)
2026-08-23 01:52:45 [DEBUG]: Post created at: 2026-06-24 11:17:45 (get_posts bluesky.py:33)
2026-08-23 01:52:45 [INFO]: Post bafyreidt2ygeayems7i7paeb24ig5l2v7lcmtfhrdi4uhrxfjm4thubecq posted outside time limit. (get_posts bluesky.py:39)
2026-08-23 01:52:45 [DEBUG]: Post created at: 2026-06-17 13:46:03 (get_posts bluesky.py:33)
2026-08-23 01:52:45 [INFO]: Post bafyreieekpu7ys5y3dujnzaoq62fikjxndci6yr6qzasdfictup376i3lq posted outside time limit. (get_posts bluesky.py:39)
2026-08-23 01:52:45 [DEBUG]: Post created at: 2026-06-02 18:05:16 (get_posts bluesky.py:33)
2026-08-23 01:52:45 [INFO]: Post bafyreibwhlbkkwktshb56dytljna7wlvy45dkdd7vqawv5xpvqd3btb5tu posted outside time limit. (get_posts bluesky.py:39)
2026-08-23 01:52:45 [DEBUG]: Post created at: 2026-05-28 12:42:25 (get_posts bluesky.py:33)
2026-08-23 01:52:45 [INFO]: Post bafyreigew3jv7boj7icxdil3sho3r5u6qnvgmiwkfvx5yszmyzbwuz7pwu posted outside time limit. (get_posts bluesky.py:39)
2026-08-23 01:52:45 [DEBUG]: Post created at: 2026-05-27 18:13:32 (get_posts bluesky.py:33)
2026-08-23 01:52:45 [INFO]: Post bafyreicomu6cn7rxnkk4gmfp235wbntlseyony4hstbw3m5ipnxjqzma54 posted outside time limit. (get_posts bluesky.py:39)
2026-08-23 01:52:45 [DEBUG]: Post created at: 2026-05-21 16:52:19 (get_posts bluesky.py:33)
2026-08-23 01:52:45 [INFO]: Post bafyreifgxpvh535rsbgturdrvuix3yrkwwzdxxfvmcif3tgn5ae46i25ca posted outside time limit. (get_posts bluesky.py:39)
2026-08-23 01:52:45 [DEBUG]: Post created at: 2026-05-18 11:38:35 (get_posts bluesky.py:33)
2026-08-23 01:52:45 [INFO]: Post bafyreif3vacnffmfmavpf7x2gwtddexvcrqmcetogbnzbca52sfygsnl3i posted outside time limit. (get_posts bluesky.py:39)
2026-08-23 01:52:45 [DEBUG]: Post created at: 2026-05-12 12:15:04 (get_posts bluesky.py:33)
2026-08-23 01:52:45 [INFO]: Post bafyreigir5vldhynmmhee7b5scolawrc2twgukmpbfvlrc66aqji4vlbbu posted outside time limit. (get_posts bluesky.py:39)
2026-08-23 01:52:45 [DEBUG]: Post created at: 2026-05-07 13:44:19 (get_posts bluesky.py:33)
2026-08-23 01:52:45 [INFO]: Post bafyreibmmqchdd5ocewgcdwj2zawtqsn5jlx7jumuqdij7nn6f77t3tpri posted outside time limit. (get_posts bluesky.py:39)
2026-08-23 01:52:45 [DEBUG]: Post created at: 2026-05-04 12:46:03 (get_posts bluesky.py:33)
2026-08-23 01:52:45 [INFO]: Post bafyreicpdt7qhotsxspx6lo4xl5rwzxeeanscduabrvruycpppoonyz6tm posted outside time limit. (get_posts bluesky.py:39)
2026-08-23 01:52:45 [DEBUG]: Post created at: 2026-04-30 14:02:43 (get_posts bluesky.py:33)
2026-08-23 01:52:45 [INFO]: Post bafyreie2qsbv7gjgphjshteqeuzf4pe2dkr4cu3aty2a27kjai4swzebtq posted outside time limit. (get_posts bluesky.py:39)
2026-08-23 01:52:45 [DEBUG]: Post created at: 2026-04-22 14:53:48 (get_posts bluesky.py:33)
2026-08-23 01:52:45 [INFO]: Post bafyreicdui5gpvu6eri4oggsvvgxqb4rb3oy3l2ymmnmffpwz6t3oz2yne posted outside time limit. (get_posts bluesky.py:39)
2026-08-23 01:52:45 [DEBUG]: Post created at: 2026-04-15 13:40:00 (get_posts bluesky.py:33)
2026-08-23 01:52:45 [INFO]: Post bafyreidshdytdhy7f6q3a5yuchedy53verbugnulbbwvllnxofvzpze4re posted outside time limit. (get_posts bluesky.py:39)
2026-08-23 01:52:45 [DEBUG]: Post created at: 2026-04-13 16:38:02 (get_posts bluesky.py:33)
2026-08-23 01:52:45 [INFO]: Post bafyreiauh7o5v67ac256ngxkoqkqnio2e2kmdzdzzqt6vxq32td7gatkmy posted outside time limit. (get_posts bluesky.py:39)
2026-08-23 01:52:45 [DEBUG]: Post created at: 2026-04-10 13:14:36 (get_posts bluesky.py:33)
2026-08-23 01:52:45 [INFO]: Post bafyreifrh7fshwfax4ntkkzh4kal7hstv46kgxa4qlogxu7z7gjxr3ppgu posted outside time limit. (get_posts bluesky.py:39)
2026-08-23 01:52:45 [DEBUG]: Post created at: 2026-04-01 14:22:07 (get_posts bluesky.py:33)
2026-08-23 01:52:45 [INFO]: Post bafyreih2ht6th7xmwvmptcmfdfr5cbdgeavpps6jqyt6xysm37j34w6rge posted outside time limit. (get_posts bluesky.py:39)
2026-08-23 01:52:45 [DEBUG]: Post created at: 2026-03-26 14:42:37 (get_posts bluesky.py:33)
2026-08-23 01:52:45 [INFO]: Post bafyreicfxh453sypukedfr6mfj76tr6uz3osxwb3jfv5ywwecuvhbf267u posted outside time limit. (get_posts bluesky.py:39)
2026-08-23 01:52:45 [DEBUG]: Post created at: 2026-03-26 13:54:10 (get_posts bluesky.py:33)
2026-08-23 01:52:45 [INFO]: Post bafyreifuq22kydpi7ctnxtvy6zww2yzomvsrhq6x2dleqjas62m3p5zo3m posted outside time limit. (get_posts bluesky.py:39)
2026-08-23 01:52:45 [DEBUG]: Post created at: 2026-03-24 22:10:18 (get_posts bluesky.py:33)
2026-08-23 01:52:45 [INFO]: Post bafyreigv5zvvt4yc5xsxkjjliryumxazef75ib5hsmnhtibcncwxoxvnfm posted outside time limit. (get_posts bluesky.py:39)
2026-08-23 01:52:45 [DEBUG]: Post created at: 2026-03-19 14:44:04 (get_posts bluesky.py:33)
2026-08-23 01:52:45 [INFO]: Post bafyreif2f6qv2mgg6cd7amog5rhlfce6br7a6jwoygh7j5szpujkxbw7lq posted outside time limit. (get_posts bluesky.py:39)
2026-08-23 01:52:45 [DEBUG]: Post created at: 2026-03-11 15:06:56 (get_posts bluesky.py:33)
2026-08-23 01:52:45 [INFO]: Post bafyreicdvogziwifeeulpxdanjzw2hhz2x563zmhsulsol6cc2g4awgdzm posted outside time limit. (get_posts bluesky.py:39)
2026-08-23 01:52:45 [DEBUG]: Post created at: 2026-03-10 13:42:44 (get_posts bluesky.py:33)
2026-08-23 01:52:45 [INFO]: Post bafyreievqd6tqe2jmv27cfpq5qfipsop37wgy5tmnrxcgj5pg6c73ziqhe posted outside time limit. (get_posts bluesky.py:39)
2026-08-23 01:52:45 [DEBUG]: Post created at: 2026-02-27 13:14:55 (get_posts bluesky.py:33)
2026-08-23 01:52:45 [INFO]: Post bafyreihnhuuasms57pqkf7igt3c76hf6yngh75wdqpi2zsjqkyv33mn45e posted outside time limit. (get_posts bluesky.py:39)
2026-08-23 01:52:45 [DEBUG]: Post created at: 2026-02-24 16:23:10 (get_posts bluesky.py:33)
2026-08-23 01:52:45 [INFO]: Post bafyreide2tzdyz3qhqvp6dvacl4lo2xhv6sr6gx3jq6ogve525scwql7mi posted outside time limit. (get_posts bluesky.py:39)
2026-08-23 01:52:45 [DEBUG]: Post created at: 2026-02-18 15:42:15 (get_posts bluesky.py:33)
2026-08-23 01:52:45 [INFO]: Post bafyreierb4dlpinmyb7vig7fxqcvt3jgwebafz4bjndrkfzydb5hago4py posted outside time limit. (get_posts bluesky.py:39)
2026-08-23 01:52:45 [DEBUG]: Post created at: 2026-02-13 13:50:14 (get_posts bluesky.py:33)
2026-08-23 01:52:45 [INFO]: Post bafyreiaig2my7kiizjlekleu7edp5chbzu4tonydswkd7j4xawrrklnpea posted outside time limit. (get_posts bluesky.py:39)
2026-08-23 01:52:45 [DEBUG]: Post created at: 2026-02-11 15:17:23 (get_posts bluesky.py:33)
2026-08-23 01:52:45 [INFO]: Post bafyreiaggywu7xfcr3hdbey7tqklccqal2ixepuh6oxtqkyabjhrfpey5y posted outside time limit. (get_posts bluesky.py:39)
2026-08-23 01:52:45 [DEBUG]: Post created at: 2026-02-09 20:47:56 (get_posts bluesky.py:33)
2026-08-23 01:52:45 [INFO]: Post bafyreiegxryprnsav7l5m2duvjrdpuxmd62pglm6dfhladwumo6hb7n73m posted outside time limit. (get_posts bluesky.py:39)
2026-08-23 01:52:45 [DEBUG]: Post created at: 2026-02-04 21:31:32 (get_posts bluesky.py:33)
2026-08-23 01:52:45 [INFO]: Post bafyreiauk2lyeyl7tomeltjaadmgz4auvla2j6itigb2wsu6n52sqbwndu posted outside time limit. (get_posts bluesky.py:39)
2026-08-23 01:52:45 [DEBUG]: Post created at: 2026-02-03 15:53:41 (get_posts bluesky.py:33)
2026-08-23 01:52:45 [INFO]: Post bafyreidbfzjy6zmupb6yp2zrp77ulb7ejvdfu2lawhjkdhg7ekkfoyfzke posted outside time limit. (get_posts bluesky.py:39)
2026-08-23 01:52:45 [DEBUG]: Post created at: 2026-02-02 14:12:40 (get_posts bluesky.py:33)
2026-08-23 01:52:45 [INFO]: Post bafyreibs77nvnmgxegsi2a3q34gvw6gvtffjrta3mgvjmmxq6dagrlaprq posted outside time limit. (get_posts bluesky.py:39)
2026-08-23 01:52:45 [DEBUG]: Post created at: 2026-01-31 17:16:33 (get_posts bluesky.py:33)
2026-08-23 01:52:45 [INFO]: Post bafyreidu7qm22ionzyatpqfiuqfyiio3royiaf4beodokuiwns6f6cl53i posted outside time limit. (get_posts bluesky.py:39)
2026-08-23 01:52:45 [DEBUG]: Post created at: 2026-01-28 13:09:15 (get_posts bluesky.py:33)
2026-08-23 01:52:45 [INFO]: Post bafyreiagqnn3nlo5ftumr3kbsm6zji76ga24ki2373uhb3xxl4o6orajka posted outside time limit. (get_posts bluesky.py:39)
2026-08-23 01:52:45 [DEBUG]: Post created at: 2026-01-27 12:33:02 (get_posts bluesky.py:33)
2026-08-23 01:52:45 [INFO]: Post bafyreifuscbokcel27xngzhkrzopzkb632pmpljpmmbbure5jn5hevtsgq posted outside time limit. (get_posts bluesky.py:39)
2026-08-23 01:52:45 [DEBUG]: Post created at: 2026-01-22 14:21:10 (get_posts bluesky.py:33)
2026-08-23 01:52:45 [INFO]: Post bafyreiagapzgbtv5j2rsn573qr7o7kz73t74l7ypk2eyfahtf6sc5fdjsi posted outside time limit. (get_posts bluesky.py:39)
2026-08-23 01:52:45 [DEBUG]: Post created at: 2026-01-21 13:15:06 (get_posts bluesky.py:33)
2026-08-23 01:52:45 [INFO]: Post bafyreie6wukbdijlqzvjkk4ifh26mdphsaajw26hlqdkohpqcwhuvinmyq posted outside time limit. (get_posts bluesky.py:39)
2026-08-23 01:52:45 [DEBUG]: Post created at: 2026-01-16 16:05:12 (get_posts bluesky.py:33)
2026-08-23 01:52:45 [INFO]: Post bafyreicxzwxqthabj7pnlubsgptgkrsy3x7oxqkp3xahy6tv4gg5yqf2ju posted outside time limit. (get_posts bluesky.py:39)
2026-08-23 01:52:45 [DEBUG]: Post created at: 2026-01-12 13:15:19 (get_posts bluesky.py:33)
2026-08-23 01:52:45 [INFO]: Post bafyreibdn3xxyolwdpeqkewnnprrra2cgk5kbcxcbxywh4lkz3ulcilrqi posted outside time limit. (get_posts bluesky.py:39)
2026-08-23 01:52:45 [DEBUG]: Post created at: 2026-01-08 13:18:56 (get_posts bluesky.py:33)
2026-08-23 01:52:45 [INFO]: Post bafyreietgnh4gc7s4leq7bvqmrgmvznpshszycyy34rd4rnwavw5oghegy posted outside time limit. (get_posts bluesky.py:39)
2026-08-23 01:52:45 [DEBUG]: Post created at: 2025-12-29 13:08:03 (get_posts bluesky.py:33)
2026-08-23 01:52:45 [INFO]: Post bafyreid4dehmzir4jnany3gopw2xqocuxvcrs5fgjysjvzdyqst6gdaqdm posted outside time limit. (get_posts bluesky.py:39)
2026-08-23 01:52:45 [WARNING]: No posts found from input. (get_posts fetch.py:18)
2026-08-23 03:11:03 [INFO]: Reading local database (read_db_file db.py:36)
2026-08-23 03:11:03 [INFO]: Reading cache of recent posts. (read_cache db.py:159)
2026-08-23 03:11:03 [DEBUG]: Cache: {} (read_cache db.py:179)
2026-08-23 03:11:03 [DEBUG]: Deleted: [] (read_cache db.py:180)
2026-08-23 03:11:03 [INFO]: Connecting to Bluesky: None. (bsky_connect connections.py:58)
2026-08-23 03:11:03 [INFO]: Reading session cache (session_cache_read connections.py:111)
2026-08-23 03:11:03 [INFO]: Connecting to Bluesky using saved session. (bsky_connect connections.py:66)
2026-08-23 03:11:03 [INFO]: Session changed: (on_session_change connections.py:104)
2026-08-23 03:11:03 [INFO]: Successfully logged in to Bluesky using saved session. (bsky_connect connections.py:68)
2026-08-23 03:11:03 [INFO]: Saving session cache (session_cache_write connections.py:120)
2026-08-23 03:11:03 [INFO]: Gathering posts from Bluesky (get_posts bluesky.py:18)
2026-08-23 03:11:04 [DEBUG]: Post created at: 2026-08-19 17:08:43 (get_posts bluesky.py:33)
2026-08-23 03:11:04 [INFO]: Post bafyreiaoyoxdgjrdqbjwnwsqt7nhrjlyn24pmjsmuw7gj2vwkyg354uo24 posted outside time limit. (get_posts bluesky.py:39)
2026-08-23 03:11:04 [DEBUG]: Post created at: 2026-08-11 18:33:44 (get_posts bluesky.py:33)
2026-08-23 03:11:04 [INFO]: Post bafyreif6z4mshhjzw7nskbqsktlhq7d5i6vyhy2jxtmu3t2zgw4m2fhavq posted outside time limit. (get_posts bluesky.py:39)
2026-08-23 03:11:04 [DEBUG]: Post created at: 2026-08-06 12:27:25 (get_posts bluesky.py:33)
2026-08-23 03:11:04 [INFO]: Post bafyreibx2vnv3hheqm2susm6rhiultlk6eaptkwbnjmhajzicwe22gfbjm posted outside time limit. (get_posts bluesky.py:39)
2026-08-23 03:11:04 [DEBUG]: Post created at: 2026-08-05 13:39:02 (get_posts bluesky.py:33)
2026-08-23 03:11:04 [INFO]: Post bafyreihtizm7ymakkbho3vywrcve77otdl2txadgxgoyrni5hseaisrszy posted outside time limit. (get_posts bluesky.py:39)
2026-08-23 03:11:04 [DEBUG]: Post created at: 2026-07-23 15:16:51 (get_posts bluesky.py:33)
2026-08-23 03:11:04 [INFO]: Post bafyreif6f2ek3doxuknizkn2jatdtqesoby5hz3wipn4vbnlm6aof6titm posted outside time limit. (get_posts bluesky.py:39)
2026-08-23 03:11:04 [DEBUG]: Post created at: 2026-07-22 15:15:36 (get_posts bluesky.py:33)
2026-08-23 03:11:04 [INFO]: Post bafyreigbxvo544aahrqrrukb3i2h6nnnjv73bddkd5gewt73b2fqovobui posted outside time limit. (get_posts bluesky.py:39)
2026-08-23 03:11:04 [DEBUG]: Post created at: 2026-07-20 12:33:32 (get_posts bluesky.py:33)
2026-08-23 03:11:04 [INFO]: Post bafyreibrtm3v3ucg73br5shdear4zmw4w5f33w5q2ulxbcrf4suakyhmpq posted outside time limit. (get_posts bluesky.py:39)
2026-08-23 03:11:04 [DEBUG]: Post created at: 2026-07-17 11:35:56 (get_posts bluesky.py:33)
2026-08-23 03:11:04 [INFO]: Post bafyreidtxvowahst6h6tvquj5g3uo26gjcgmkvggwg3e44pchoyq4unb4i posted outside time limit. (get_posts bluesky.py:39)
2026-08-23 03:11:04 [DEBUG]: Post created at: 2026-07-06 14:05:46 (get_posts bluesky.py:33)
2026-08-23 03:11:04 [INFO]: Post bafyreiblrulfzvgmmsltp3nywyhksmj4dr257fkhuhoquhhh4vkwr4zzsu posted outside time limit. (get_posts bluesky.py:39)
2026-08-23 03:11:04 [DEBUG]: Post created at: 2026-06-30 16:37:16 (get_posts bluesky.py:33)
2026-08-23 03:11:04 [INFO]: Post bafyreib46tjmeeqwcvj6wiw75b24fza7oug4heiy2ciuww366uibqrqsbe posted outside time limit. (get_posts bluesky.py:39)
2026-08-23 03:11:04 [DEBUG]: Post created at: 2026-06-24 11:17:45 (get_posts bluesky.py:33)
2026-08-23 03:11:04 [INFO]: Post bafyreidt2ygeayems7i7paeb24ig5l2v7lcmtfhrdi4uhrxfjm4thubecq posted outside time limit. (get_posts bluesky.py:39)
2026-08-23 03:11:04 [DEBUG]: Post created at: 2026-06-17 13:46:03 (get_posts bluesky.py:33)
2026-08-23 03:11:04 [INFO]: Post bafyreieekpu7ys5y3dujnzaoq62fikjxndci6yr6qzasdfictup376i3lq posted outside time limit. (get_posts bluesky.py:39)
2026-08-23 03:11:04 [DEBUG]: Post created at: 2026-06-02 18:05:16 (get_posts bluesky.py:33)
2026-08-23 03:11:04 [INFO]: Post bafyreibwhlbkkwktshb56dytljna7wlvy45dkdd7vqawv5xpvqd3btb5tu posted outside time limit. (get_posts bluesky.py:39)
2026-08-23 03:11:04 [DEBUG]: Post created at: 2026-05-28 12:42:25 (get_posts bluesky.py:33)
2026-08-23 03:11:04 [INFO]: Post bafyreigew3jv7boj7icxdil3sho3r5u6qnvgmiwkfvx5yszmyzbwuz7pwu posted outside time limit. (get_posts bluesky.py:39)
2026-08-23 03:11:04 [DEBUG]: Post created at: 2026-05-27 18:13:32 (get_posts bluesky.py:33)
2026-08-23 03:11:04 [INFO]: Post bafyreicomu6cn7rxnkk4gmfp235wbntlseyony4hstbw3m5ipnxjqzma54 posted outside time limit. (get_posts bluesky.py:39)
2026-08-23 03:11:04 [DEBUG]: Post created at: 2026-05-21 16:52:19 (get_posts bluesky.py:33)
2026-08-23 03:11:04 [INFO]: Post bafyreifgxpvh535rsbgturdrvuix3yrkwwzdxxfvmcif3tgn5ae46i25ca posted outside time limit. (get_posts bluesky.py:39)
2026-08-23 03:11:04 [DEBUG]: Post created at: 2026-05-18 11:38:35 (get_posts bluesky.py:33)
2026-08-23 03:11:04 [INFO]: Post bafyreif3vacnffmfmavpf7x2gwtddexvcrqmcetogbnzbca52sfygsnl3i posted outside time limit. (get_posts bluesky.py:39)
2026-08-23 03:11:04 [DEBUG]: Post created at: 2026-05-12 12:15:04 (get_posts bluesky.py:33)
2026-08-23 03:11:04 [INFO]: Post bafyreigir5vldhynmmhee7b5scolawrc2twgukmpbfvlrc66aqji4vlbbu posted outside time limit. (get_posts bluesky.py:39)
2026-08-23 03:11:04 [DEBUG]: Post created at: 2026-05-07 13:44:19 (get_posts bluesky.py:33)
2026-08-23 03:11:04 [INFO]: Post bafyreibmmqchdd5ocewgcdwj2zawtqsn5jlx7jumuqdij7nn6f77t3tpri posted outside time limit. (get_posts bluesky.py:39)
2026-08-23 03:11:04 [DEBUG]: Post created at: 2026-05-04 12:46:03 (get_posts bluesky.py:33)
2026-08-23 03:11:04 [INFO]: Post bafyreicpdt7qhotsxspx6lo4xl5rwzxeeanscduabrvruycpppoonyz6tm posted outside time limit. (get_posts bluesky.py:39)
2026-08-23 03:11:04 [DEBUG]: Post created at: 2026-04-30 14:02:43 (get_posts bluesky.py:33)
2026-08-23 03:11:04 [INFO]: Post bafyreie2qsbv7gjgphjshteqeuzf4pe2dkr4cu3aty2a27kjai4swzebtq posted outside time limit. (get_posts bluesky.py:39)
2026-08-23 03:11:04 [DEBUG]: Post created at: 2026-04-22 14:53:48 (get_posts bluesky.py:33)
2026-08-23 03:11:04 [INFO]: Post bafyreicdui5gpvu6eri4oggsvvgxqb4rb3oy3l2ymmnmffpwz6t3oz2yne posted outside time limit. (get_posts bluesky.py:39)
2026-08-23 03:11:04 [DEBUG]: Post created at: 2026-04-15 13:40:00 (get_posts bluesky.py:33)
2026-08-23 03:11:04 [INFO]: Post bafyreidshdytdhy7f6q3a5yuchedy53verbugnulbbwvllnxofvzpze4re posted outside time limit. (get_posts bluesky.py:39)
2026-08-23 03:11:04 [DEBUG]: Post created at: 2026-04-13 16:38:02 (get_posts bluesky.py:33)
2026-08-23 03:11:04 [INFO]: Post bafyreiauh7o5v67ac256ngxkoqkqnio2e2kmdzdzzqt6vxq32td7gatkmy posted outside time limit. (get_posts bluesky.py:39)
2026-08-23 03:11:04 [DEBUG]: Post created at: 2026-04-10 13:14:36 (get_posts bluesky.py:33)
2026-08-23 03:11:04 [INFO]: Post bafyreifrh7fshwfax4ntkkzh4kal7hstv46kgxa4qlogxu7z7gjxr3ppgu posted outside time limit. (get_posts bluesky.py:39)
2026-08-23 03:11:04 [DEBUG]: Post created at: 2026-04-01 14:22:07 (get_posts bluesky.py:33)
2026-08-23 03:11:04 [INFO]: Post bafyreih2ht6th7xmwvmptcmfdfr5cbdgeavpps6jqyt6xysm37j34w6rge posted outside time limit. (get_posts bluesky.py:39)
2026-08-23 03:11:04 [DEBUG]: Post created at: 2026-03-26 14:42:37 (get_posts bluesky.py:33)
2026-08-23 03:11:04 [INFO]: Post bafyreicfxh453sypukedfr6mfj76tr6uz3osxwb3jfv5ywwecuvhbf267u posted outside time limit. (get_posts bluesky.py:39)
2026-08-23 03:11:04 [DEBUG]: Post created at: 2026-03-26 13:54:10 (get_posts bluesky.py:33)
2026-08-23 03:11:04 [INFO]: Post bafyreifuq22kydpi7ctnxtvy6zww2yzomvsrhq6x2dleqjas62m3p5zo3m posted outside time limit. (get_posts bluesky.py:39)
2026-08-23 03:11:04 [DEBUG]: Post created at: 2026-03-24 22:10:18 (get_posts bluesky.py:33)
2026-08-23 03:11:04 [INFO]: Post bafyreigv5zvvt4yc5xsxkjjliryumxazef75ib5hsmnhtibcncwxoxvnfm posted outside time limit. (get_posts bluesky.py:39)
2026-08-23 03:11:04 [DEBUG]: Post created at: 2026-03-19 14:44:04 (get_posts bluesky.py:33)
2026-08-23 03:11:04 [INFO]: Post bafyreif2f6qv2mgg6cd7amog5rhlfce6br7a6jwoygh7j5szpujkxbw7lq posted outside time limit. (get_posts bluesky.py:39)
2026-08-23 03:11:04 [DEBUG]: Post created at: 2026-03-11 15:06:56 (get_posts bluesky.py:33)
2026-08-23 03:11:04 [INFO]: Post bafyreicdvogziwifeeulpxdanjzw2hhz2x563zmhsulsol6cc2g4awgdzm posted outside time limit. (get_posts bluesky.py:39)
2026-08-23 03:11:04 [DEBUG]: Post created at: 2026-03-10 13:42:44 (get_posts bluesky.py:33)
2026-08-23 03:11:04 [INFO]: Post bafyreievqd6tqe2jmv27cfpq5qfipsop37wgy5tmnrxcgj5pg6c73ziqhe posted outside time limit. (get_posts bluesky.py:39)
2026-08-23 03:11:04 [DEBUG]: Post created at: 2026-02-27 13:14:55 (get_posts bluesky.py:33)
2026-08-23 03:11:04 [INFO]: Post bafyreihnhuuasms57pqkf7igt3c76hf6yngh75wdqpi2zsjqkyv33mn45e posted outside time limit. (get_posts bluesky.py:39)
2026-08-23 03:11:04 [DEBUG]: Post created at: 2026-02-24 16:23:10 (get_posts bluesky.py:33)
2026-08-23 03:11:04 [INFO]: Post bafyreide2tzdyz3qhqvp6dvacl4lo2xhv6sr6gx3jq6ogve525scwql7mi posted outside time limit. (get_posts bluesky.py:39)
2026-08-23 03:11:04 [DEBUG]: Post created at: 2026-02-18 15:42:15 (get_posts bluesky.py:33)
2026-08-23 03:11:04 [INFO]: Post bafyreierb4dlpinmyb7vig7fxqcvt3jgwebafz4bjndrkfzydb5hago4py posted outside time limit. (get_posts bluesky.py:39)
2026-08-23 03:11:04 [DEBUG]: Post created at: 2026-02-13 13:50:14 (get_posts bluesky.py:33)
2026-08-23 03:11:04 [INFO]: Post bafyreiaig2my7kiizjlekleu7edp5chbzu4tonydswkd7j4xawrrklnpea posted outside time limit. (get_posts bluesky.py:39)
2026-08-23 03:11:04 [DEBUG]: Post created at: 2026-02-11 15:17:23 (get_posts bluesky.py:33)
2026-08-23 03:11:04 [INFO]: Post bafyreiaggywu7xfcr3hdbey7tqklccqal2ixepuh6oxtqkyabjhrfpey5y posted outside time limit. (get_posts bluesky.py:39)
2026-08-23 03:11:04 [DEBUG]: Post created at: 2026-02-09 20:47:56 (get_posts bluesky.py:33)
2026-08-23 03:11:04 [INFO]: Post bafyreiegxryprnsav7l5m2duvjrdpuxmd62pglm6dfhladwumo6hb7n73m posted outside time limit. (get_posts bluesky.py:39)
2026-08-23 03:11:04 [DEBUG]: Post created at: 2026-02-04 21:31:32 (get_posts bluesky.py:33)
2026-08-23 03:11:04 [INFO]: Post bafyreiauk2lyeyl7tomeltjaadmgz4auvla2j6itigb2wsu6n52sqbwndu posted outside time limit. (get_posts bluesky.py:39)
2026-08-23 03:11:04 [DEBUG]: Post created at: 2026-02-03 15:53:41 (get_posts bluesky.py:33)
2026-08-23 03:11:04 [INFO]: Post bafyreidbfzjy6zmupb6yp2zrp77ulb7ejvdfu2lawhjkdhg7ekkfoyfzke posted outside time limit. (get_posts bluesky.py:39)
2026-08-23 03:11:04 [DEBUG]: Post created at: 2026-02-02 14:12:40 (get_posts bluesky.py:33)
2026-08-23 03:11:04 [INFO]: Post bafyreibs77nvnmgxegsi2a3q34gvw6gvtffjrta3mgvjmmxq6dagrlaprq posted outside time limit. (get_posts bluesky.py:39)
2026-08-23 03:11:04 [DEBUG]: Post created at: 2026-01-31 17:16:33 (get_posts bluesky.py:33)
2026-08-23 03:11:04 [INFO]: Post bafyreidu7qm22ionzyatpqfiuqfyiio3royiaf4beodokuiwns6f6cl53i posted outside time limit. (get_posts bluesky.py:39)
2026-08-23 03:11:04 [DEBUG]: Post created at: 2026-01-28 13:09:15 (get_posts bluesky.py:33)
2026-08-23 03:11:04 [INFO]: Post bafyreiagqnn3nlo5ftumr3kbsm6zji76ga24ki2373uhb3xxl4o6orajka posted outside time limit. (get_posts bluesky.py:39)
2026-08-23 03:11:04 [DEBUG]: Post created at: 2026-01-27 12:33:02 (get_posts bluesky.py:33)
2026-08-23 03:11:04 [INFO]: Post bafyreifuscbokcel27xngzhkrzopzkb632pmpljpmmbbure5jn5hevtsgq posted outside time limit. (get_posts bluesky.py:39)
2026-08-23 03:11:04 [DEBUG]: Post created at: 2026-01-22 14:21:10 (get_posts bluesky.py:33)
2026-08-23 03:11:04 [INFO]: Post bafyreiagapzgbtv5j2rsn573qr7o7kz73t74l7ypk2eyfahtf6sc5fdjsi posted outside time limit. (get_posts bluesky.py:39)
2026-08-23 03:11:04 [DEBUG]: Post created at: 2026-01-21 13:15:06 (get_posts bluesky.py:33)
2026-08-23 03:11:04 [INFO]: Post bafyreie6wukbdijlqzvjkk4ifh26mdphsaajw26hlqdkohpqcwhuvinmyq posted outside time limit. (get_posts bluesky.py:39)
2026-08-23 03:11:04 [DEBUG]: Post created at: 2026-01-16 16:05:12 (get_posts bluesky.py:33)
2026-08-23 03:11:04 [INFO]: Post bafyreicxzwxqthabj7pnlubsgptgkrsy3x7oxqkp3xahy6tv4gg5yqf2ju posted outside time limit. (get_posts bluesky.py:39)
2026-08-23 03:11:04 [DEBUG]: Post created at: 2026-01-12 13:15:19 (get_posts bluesky.py:33)
2026-08-23 03:11:04 [INFO]: Post bafyreibdn3xxyolwdpeqkewnnprrra2cgk5kbcxcbxywh4lkz3ulcilrqi posted outside time limit. (get_posts bluesky.py:39)
2026-08-23 03:11:04 [DEBUG]: Post created at: 2026-01-08 13:18:56 (get_posts bluesky.py:33)
2026-08-23 03:11:04 [INFO]: Post bafyreietgnh4gc7s4leq7bvqmrgmvznpshszycyy34rd4rnwavw5oghegy posted outside time limit. (get_posts bluesky.py:39)
2026-08-23 03:11:04 [DEBUG]: Post created at: 2025-12-29 13:08:03 (get_posts bluesky.py:33)
2026-08-23 03:11:04 [INFO]: Post bafyreid4dehmzir4jnany3gopw2xqocuxvcrs5fgjysjvzdyqst6gdaqdm posted outside time limit. (get_posts bluesky.py:39)
2026-08-23 03:11:04 [WARNING]: No posts found from input. (get_posts fetch.py:18)
2026-08-23 04:45:20 [INFO]: Reading local database (read_db_file db.py:36)
2026-08-23 04:45:20 [INFO]: Reading cache of recent posts. (read_cache db.py:159)
2026-08-23 04:45:20 [DEBUG]: Cache: {} (read_cache db.py:179)
2026-08-23 04:45:20 [DEBUG]: Deleted: [] (read_cache db.py:180)
2026-08-23 04:45:20 [INFO]: Connecting to Bluesky: None. (bsky_connect connections.py:58)
2026-08-23 04:45:20 [INFO]: Reading session cache (session_cache_read connections.py:111)
2026-08-23 04:45:20 [INFO]: Connecting to Bluesky using saved session. (bsky_connect connections.py:66)
2026-08-23 04:45:20 [INFO]: Session changed: (on_session_change connections.py:104)
2026-08-23 04:45:20 [INFO]: Session changed: (on_session_change connections.py:104)
2026-08-23 04:45:20 [INFO]: Saving changed session (on_session_change connections.py:106)
2026-08-23 04:45:20 [INFO]: Saving session cache (session_cache_write connections.py:120)
2026-08-23 04:45:20 [INFO]: Successfully logged in to Bluesky using saved session. (bsky_connect connections.py:68)
2026-08-23 04:45:20 [INFO]: Saving session cache (session_cache_write connections.py:120)
2026-08-23 04:45:20 [INFO]: Gathering posts from Bluesky (get_posts bluesky.py:18)
2026-08-23 04:45:21 [DEBUG]: Post created at: 2026-08-19 17:08:43 (get_posts bluesky.py:33)
2026-08-23 04:45:21 [INFO]: Post bafyreiaoyoxdgjrdqbjwnwsqt7nhrjlyn24pmjsmuw7gj2vwkyg354uo24 posted outside time limit. (get_posts bluesky.py:39)
2026-08-23 04:45:21 [DEBUG]: Post created at: 2026-08-11 18:33:44 (get_posts bluesky.py:33)
2026-08-23 04:45:21 [INFO]: Post bafyreif6z4mshhjzw7nskbqsktlhq7d5i6vyhy2jxtmu3t2zgw4m2fhavq posted outside time limit. (get_posts bluesky.py:39)
2026-08-23 04:45:21 [DEBUG]: Post created at: 2026-08-06 12:27:25 (get_posts bluesky.py:33)
2026-08-23 04:45:21 [INFO]: Post bafyreibx2vnv3hheqm2susm6rhiultlk6eaptkwbnjmhajzicwe22gfbjm posted outside time limit. (get_posts bluesky.py:39)
2026-08-23 04:45:21 [DEBUG]: Post created at: 2026-08-05 13:39:02 (get_posts bluesky.py:33)
2026-08-23 04:45:21 [INFO]: Post bafyreihtizm7ymakkbho3vywrcve77otdl2txadgxgoyrni5hseaisrszy posted outside time limit. (get_posts bluesky.py:39)
2026-08-23 04:45:21 [DEBUG]: Post created at: 2026-07-23 15:16:51 (get_posts bluesky.py:33)
2026-08-23 04:45:21 [INFO]: Post bafyreif6f2ek3doxuknizkn2jatdtqesoby5hz3wipn4vbnlm6aof6titm posted outside time limit. (get_posts bluesky.py:39)
2026-08-23 04:45:21 [DEBUG]: Post created at: 2026-07-22 15:15:36 (get_posts bluesky.py:33)
2026-08-23 04:45:21 [INFO]: Post bafyreigbxvo544aahrqrrukb3i2h6nnnjv73bddkd5gewt73b2fqovobui posted outside time limit. (get_posts bluesky.py:39)
2026-08-23 04:45:21 [DEBUG]: Post created at: 2026-07-20 12:33:32 (get_posts bluesky.py:33)
2026-08-23 04:45:21 [INFO]: Post bafyreibrtm3v3ucg73br5shdear4zmw4w5f33w5q2ulxbcrf4suakyhmpq posted outside time limit. (get_posts bluesky.py:39)
2026-08-23 04:45:21 [DEBUG]: Post created at: 2026-07-17 11:35:56 (get_posts bluesky.py:33)
2026-08-23 04:45:21 [INFO]: Post bafyreidtxvowahst6h6tvquj5g3uo26gjcgmkvggwg3e44pchoyq4unb4i posted outside time limit. (get_posts bluesky.py:39)
2026-08-23 04:45:21 [DEBUG]: Post created at: 2026-07-06 14:05:46 (get_posts bluesky.py:33)
2026-08-23 04:45:21 [INFO]: Post bafyreiblrulfzvgmmsltp3nywyhksmj4dr257fkhuhoquhhh4vkwr4zzsu posted outside time limit. (get_posts bluesky.py:39)
2026-08-23 04:45:21 [DEBUG]: Post created at: 2026-06-30 16:37:16 (get_posts bluesky.py:33)
2026-08-23 04:45:21 [INFO]: Post bafyreib46tjmeeqwcvj6wiw75b24fza7oug4heiy2ciuww366uibqrqsbe posted outside time limit. (get_posts bluesky.py:39)
2026-08-23 04:45:21 [DEBUG]: Post created at: 2026-06-24 11:17:45 (get_posts bluesky.py:33)
2026-08-23 04:45:21 [INFO]: Post bafyreidt2ygeayems7i7paeb24ig5l2v7lcmtfhrdi4uhrxfjm4thubecq posted outside time limit. (get_posts bluesky.py:39)
2026-08-23 04:45:21 [DEBUG]: Post created at: 2026-06-17 13:46:03 (get_posts bluesky.py:33)
2026-08-23 04:45:21 [INFO]: Post bafyreieekpu7ys5y3dujnzaoq62fikjxndci6yr6qzasdfictup376i3lq posted outside time limit. (get_posts bluesky.py:39)
2026-08-23 04:45:21 [DEBUG]: Post created at: 2026-06-02 18:05:16 (get_posts bluesky.py:33)
2026-08-23 04:45:21 [INFO]: Post bafyreibwhlbkkwktshb56dytljna7wlvy45dkdd7vqawv5xpvqd3btb5tu posted outside time limit. (get_posts bluesky.py:39)
2026-08-23 04:45:21 [DEBUG]: Post created at: 2026-05-28 12:42:25 (get_posts bluesky.py:33)
2026-08-23 04:45:21 [INFO]: Post bafyreigew3jv7boj7icxdil3sho3r5u6qnvgmiwkfvx5yszmyzbwuz7pwu posted outside time limit. (get_posts bluesky.py:39)
2026-08-23 04:45:21 [DEBUG]: Post created at: 2026-05-27 18:13:32 (get_posts bluesky.py:33)
2026-08-23 04:45:21 [INFO]: Post bafyreicomu6cn7rxnkk4gmfp235wbntlseyony4hstbw3m5ipnxjqzma54 posted outside time limit. (get_posts bluesky.py:39)
2026-08-23 04:45:21 [DEBUG]: Post created at: 2026-05-21 16:52:19 (get_posts bluesky.py:33)
2026-08-23 04:45:21 [INFO]: Post bafyreifgxpvh535rsbgturdrvuix3yrkwwzdxxfvmcif3tgn5ae46i25ca posted outside time limit. (get_posts bluesky.py:39)
2026-08-23 04:45:21 [DEBUG]: Post created at: 2026-05-18 11:38:35 (get_posts bluesky.py:33)
2026-08-23 04:45:21 [INFO]: Post bafyreif3vacnffmfmavpf7x2gwtddexvcrqmcetogbnzbca52sfygsnl3i posted outside time limit. (get_posts bluesky.py:39)
2026-08-23 04:45:21 [DEBUG]: Post created at: 2026-05-12 12:15:04 (get_posts bluesky.py:33)
2026-08-23 04:45:21 [INFO]: Post bafyreigir5vldhynmmhee7b5scolawrc2twgukmpbfvlrc66aqji4vlbbu posted outside time limit. (get_posts bluesky.py:39)
2026-08-23 04:45:21 [DEBUG]: Post created at: 2026-05-07 13:44:19 (get_posts bluesky.py:33)
2026-08-23 04:45:21 [INFO]: Post bafyreibmmqchdd5ocewgcdwj2zawtqsn5jlx7jumuqdij7nn6f77t3tpri posted outside time limit. (get_posts bluesky.py:39)
2026-08-23 04:45:21 [DEBUG]: Post created at: 2026-05-04 12:46:03 (get_posts bluesky.py:33)
2026-08-23 04:45:21 [INFO]: Post bafyreicpdt7qhotsxspx6lo4xl5rwzxeeanscduabrvruycpppoonyz6tm posted outside time limit. (get_posts bluesky.py:39)
2026-08-23 04:45:21 [DEBUG]: Post created at: 2026-04-30 14:02:43 (get_posts bluesky.py:33)
2026-08-23 04:45:21 [INFO]: Post bafyreie2qsbv7gjgphjshteqeuzf4pe2dkr4cu3aty2a27kjai4swzebtq posted outside time limit. (get_posts bluesky.py:39)
2026-08-23 04:45:21 [DEBUG]: Post created at: 2026-04-22 14:53:48 (get_posts bluesky.py:33)
2026-08-23 04:45:21 [INFO]: Post bafyreicdui5gpvu6eri4oggsvvgxqb4rb3oy3l2ymmnmffpwz6t3oz2yne posted outside time limit. (get_posts bluesky.py:39)
2026-08-23 04:45:21 [DEBUG]: Post created at: 2026-04-15 13:40:00 (get_posts bluesky.py:33)
2026-08-23 04:45:21 [INFO]: Post bafyreidshdytdhy7f6q3a5yuchedy53verbugnulbbwvllnxofvzpze4re posted outside time limit. (get_posts bluesky.py:39)
2026-08-23 04:45:21 [DEBUG]: Post created at: 2026-04-13 16:38:02 (get_posts bluesky.py:33)
2026-08-23 04:45:21 [INFO]: Post bafyreiauh7o5v67ac256ngxkoqkqnio2e2kmdzdzzqt6vxq32td7gatkmy posted outside time limit. (get_posts bluesky.py:39)
2026-08-23 04:45:21 [DEBUG]: Post created at: 2026-04-10 13:14:36 (get_posts bluesky.py:33)
2026-08-23 04:45:21 [INFO]: Post bafyreifrh7fshwfax4ntkkzh4kal7hstv46kgxa4qlogxu7z7gjxr3ppgu posted outside time limit. (get_posts bluesky.py:39)
2026-08-23 04:45:21 [DEBUG]: Post created at: 2026-04-01 14:22:07 (get_posts bluesky.py:33)
2026-08-23 04:45:21 [INFO]: Post bafyreih2ht6th7xmwvmptcmfdfr5cbdgeavpps6jqyt6xysm37j34w6rge posted outside time limit. (get_posts bluesky.py:39)
2026-08-23 04:45:21 [DEBUG]: Post created at: 2026-03-26 14:42:37 (get_posts bluesky.py:33)
2026-08-23 04:45:21 [INFO]: Post bafyreicfxh453sypukedfr6mfj76tr6uz3osxwb3jfv5ywwecuvhbf267u posted outside time limit. (get_posts bluesky.py:39)
2026-08-23 04:45:21 [DEBUG]: Post created at: 2026-03-26 13:54:10 (get_posts bluesky.py:33)
2026-08-23 04:45:21 [INFO]: Post bafyreifuq22kydpi7ctnxtvy6zww2yzomvsrhq6x2dleqjas62m3p5zo3m posted outside time limit. (get_posts bluesky.py:39)
2026-08-23 04:45:21 [DEBUG]: Post created at: 2026-03-24 22:10:18 (get_posts bluesky.py:33)
2026-08-23 04:45:21 [INFO]: Post bafyreigv5zvvt4yc5xsxkjjliryumxazef75ib5hsmnhtibcncwxoxvnfm posted outside time limit. (get_posts bluesky.py:39)
2026-08-23 04:45:21 [DEBUG]: Post created at: 2026-03-19 14:44:04 (get_posts bluesky.py:33)
2026-08-23 04:45:21 [INFO]: Post bafyreif2f6qv2mgg6cd7amog5rhlfce6br7a6jwoygh7j5szpujkxbw7lq posted outside time limit. (get_posts bluesky.py:39)
2026-08-23 04:45:21 [DEBUG]: Post created at: 2026-03-11 15:06:56 (get_posts bluesky.py:33)
2026-08-23 04:45:21 [INFO]: Post bafyreicdvogziwifeeulpxdanjzw2hhz2x563zmhsulsol6cc2g4awgdzm posted outside time limit. (get_posts bluesky.py:39)
2026-08-23 04:45:21 [DEBUG]: Post created at: 2026-03-10 13:42:44 (get_posts bluesky.py:33)
2026-08-23 04:45:21 [INFO]: Post bafyreievqd6tqe2jmv27cfpq5qfipsop37wgy5tmnrxcgj5pg6c73ziqhe posted outside time limit. (get_posts bluesky.py:39)
2026-08-23 04:45:21 [DEBUG]: Post created at: 2026-02-27 13:14:55 (get_posts bluesky.py:33)
2026-08-23 04:45:21 [INFO]: Post bafyreihnhuuasms57pqkf7igt3c76hf6yngh75wdqpi2zsjqkyv33mn45e posted outside time limit. (get_posts bluesky.py:39)
2026-08-23 04:45:21 [DEBUG]: Post created at: 2026-02-24 16:23:10 (get_posts bluesky.py:33)
2026-08-23 04:45:21 [INFO]: Post bafyreide2tzdyz3qhqvp6dvacl4lo2xhv6sr6gx3jq6ogve525scwql7mi posted outside time limit. (get_posts bluesky.py:39)
2026-08-23 04:45:21 [DEBUG]: Post created at: 2026-02-18 15:42:15 (get_posts bluesky.py:33)
2026-08-23 04:45:21 [INFO]: Post bafyreierb4dlpinmyb7vig7fxqcvt3jgwebafz4bjndrkfzydb5hago4py posted outside time limit. (get_posts bluesky.py:39)
2026-08-23 04:45:21 [DEBUG]: Post created at: 2026-02-13 13:50:14 (get_posts bluesky.py:33)
2026-08-23 04:45:21 [INFO]: Post bafyreiaig2my7kiizjlekleu7edp5chbzu4tonydswkd7j4xawrrklnpea posted outside time limit. (get_posts bluesky.py:39)
2026-08-23 04:45:21 [DEBUG]: Post created at: 2026-02-11 15:17:23 (get_posts bluesky.py:33)
2026-08-23 04:45:21 [INFO]: Post bafyreiaggywu7xfcr3hdbey7tqklccqal2ixepuh6oxtqkyabjhrfpey5y posted outside time limit. (get_posts bluesky.py:39)
2026-08-23 04:45:21 [DEBUG]: Post created at: 2026-02-09 20:47:56 (get_posts bluesky.py:33)
2026-08-23 04:45:21 [INFO]: Post bafyreiegxryprnsav7l5m2duvjrdpuxmd62pglm6dfhladwumo6hb7n73m posted outside time limit. (get_posts bluesky.py:39)
2026-08-23 04:45:21 [DEBUG]: Post created at: 2026-02-04 21:31:32 (get_posts bluesky.py:33)
2026-08-23 04:45:21 [INFO]: Post bafyreiauk2lyeyl7tomeltjaadmgz4auvla2j6itigb2wsu6n52sqbwndu posted outside time limit. (get_posts bluesky.py:39)
2026-08-23 04:45:21 [DEBUG]: Post created at: 2026-02-03 15:53:41 (get_posts bluesky.py:33)
2026-08-23 04:45:21 [INFO]: Post bafyreidbfzjy6zmupb6yp2zrp77ulb7ejvdfu2lawhjkdhg7ekkfoyfzke posted outside time limit. (get_posts bluesky.py:39)
2026-08-23 04:45:21 [DEBUG]: Post created at: 2026-02-02 14:12:40 (get_posts bluesky.py:33)
2026-08-23 04:45:21 [INFO]: Post bafyreibs77nvnmgxegsi2a3q34gvw6gvtffjrta3mgvjmmxq6dagrlaprq posted outside time limit. (get_posts bluesky.py:39)
2026-08-23 04:45:21 [DEBUG]: Post created at: 2026-01-31 17:16:33 (get_posts bluesky.py:33)
2026-08-23 04:45:21 [INFO]: Post bafyreidu7qm22ionzyatpqfiuqfyiio3royiaf4beodokuiwns6f6cl53i posted outside time limit. (get_posts bluesky.py:39)
2026-08-23 04:45:21 [DEBUG]: Post created at: 2026-01-28 13:09:15 (get_posts bluesky.py:33)
2026-08-23 04:45:21 [INFO]: Post bafyreiagqnn3nlo5ftumr3kbsm6zji76ga24ki2373uhb3xxl4o6orajka posted outside time limit. (get_posts bluesky.py:39)
2026-08-23 04:45:21 [DEBUG]: Post created at: 2026-01-27 12:33:02 (get_posts bluesky.py:33)
2026-08-23 04:45:21 [INFO]: Post bafyreifuscbokcel27xngzhkrzopzkb632pmpljpmmbbure5jn5hevtsgq posted outside time limit. (get_posts bluesky.py:39)
2026-08-23 04:45:21 [DEBUG]: Post created at: 2026-01-22 14:21:10 (get_posts bluesky.py:33)
2026-08-23 04:45:21 [INFO]: Post bafyreiagapzgbtv5j2rsn573qr7o7kz73t74l7ypk2eyfahtf6sc5fdjsi posted outside time limit. (get_posts bluesky.py:39)
2026-08-23 04:45:21 [DEBUG]: Post created at: 2026-01-21 13:15:06 (get_posts bluesky.py:33)
2026-08-23 04:45:21 [INFO]: Post bafyreie6wukbdijlqzvjkk4ifh26mdphsaajw26hlqdkohpqcwhuvinmyq posted outside time limit. (get_posts bluesky.py:39)
2026-08-23 04:45:21 [DEBUG]: Post created at: 2026-01-16 16:05:12 (get_posts bluesky.py:33)
2026-08-23 04:45:21 [INFO]: Post bafyreicxzwxqthabj7pnlubsgptgkrsy3x7oxqkp3xahy6tv4gg5yqf2ju posted outside time limit. (get_posts bluesky.py:39)
2026-08-23 04:45:21 [DEBUG]: Post created at: 2026-01-12 13:15:19 (get_posts bluesky.py:33)
2026-08-23 04:45:21 [INFO]: Post bafyreibdn3xxyolwdpeqkewnnprrra2cgk5kbcxcbxywh4lkz3ulcilrqi posted outside time limit. (get_posts bluesky.py:39)
2026-08-23 04:45:21 [DEBUG]: Post created at: 2026-01-08 13:18:56 (get_posts bluesky.py:33)
2026-08-23 04:45:21 [INFO]: Post bafyreietgnh4gc7s4leq7bvqmrgmvznpshszycyy34rd4rnwavw5oghegy posted outside time limit. (get_posts bluesky.py:39)
2026-08-23 04:45:21 [DEBUG]: Post created at: 2025-12-29 13:08:03 (get_posts bluesky.py:33)
2026-08-23 04:45:21 [INFO]: Post bafyreid4dehmzir4jnany3gopw2xqocuxvcrs5fgjysjvzdyqst6gdaqdm posted outside time limit. (get_posts bluesky.py:39)
2026-08-23 04:45:21 [WARNING]: No posts found from input. (get_posts fetch.py:18)
2026-08-23 06:53:39 [INFO]: Reading local database (read_db_file db.py:36)
2026-08-23 06:53:39 [INFO]: Reading cache of recent posts. (read_cache db.py:159)
2026-08-23 06:53:39 [DEBUG]: Cache: {} (read_cache db.py:179)
2026-08-23 06:53:39 [DEBUG]: Deleted: [] (read_cache db.py:180)
2026-08-23 06:53:39 [INFO]: Connecting to Bluesky: None. (bsky_connect connections.py:58)
2026-08-23 06:53:39 [INFO]: Reading session cache (session_cache_read connections.py:111)
2026-08-23 06:53:39 [INFO]: Connecting to Bluesky using saved session. (bsky_connect connections.py:66)
2026-08-23 06:53:39 [INFO]: Session changed: (on_session_change connections.py:104)
2026-08-23 06:53:39 [INFO]: Session changed: (on_session_change connections.py:104)
2026-08-23 06:53:39 [INFO]: Saving changed session (on_session_change connections.py:106)
2026-08-23 06:53:39 [INFO]: Saving session cache (session_cache_write connections.py:120)
2026-08-23 06:53:40 [INFO]: Successfully logged in to Bluesky using saved session. (bsky_connect connections.py:68)
2026-08-23 06:53:40 [INFO]: Saving session cache (session_cache_write connections.py:120)
2026-08-23 06:53:40 [INFO]: Gathering posts from Bluesky (get_posts bluesky.py:18)
2026-08-23 06:53:40 [DEBUG]: Post created at: 2026-08-19 17:08:43 (get_posts bluesky.py:33)
2026-08-23 06:53:40 [INFO]: Post bafyreiaoyoxdgjrdqbjwnwsqt7nhrjlyn24pmjsmuw7gj2vwkyg354uo24 posted outside time limit. (get_posts bluesky.py:39)
2026-08-23 06:53:40 [DEBUG]: Post created at: 2026-08-11 18:33:44 (get_posts bluesky.py:33)
2026-08-23 06:53:40 [INFO]: Post bafyreif6z4mshhjzw7nskbqsktlhq7d5i6vyhy2jxtmu3t2zgw4m2fhavq posted outside time limit. (get_posts bluesky.py:39)
2026-08-23 06:53:40 [DEBUG]: Post created at: 2026-08-06 12:27:25 (get_posts bluesky.py:33)
2026-08-23 06:53:40 [INFO]: Post bafyreibx2vnv3hheqm2susm6rhiultlk6eaptkwbnjmhajzicwe22gfbjm posted outside time limit. (get_posts bluesky.py:39)
2026-08-23 06:53:40 [DEBUG]: Post created at: 2026-08-05 13:39:02 (get_posts bluesky.py:33)
2026-08-23 06:53:40 [INFO]: Post bafyreihtizm7ymakkbho3vywrcve77otdl2txadgxgoyrni5hseaisrszy posted outside time limit. (get_posts bluesky.py:39)
2026-08-23 06:53:40 [DEBUG]: Post created at: 2026-07-23 15:16:51 (get_posts bluesky.py:33)
2026-08-23 06:53:40 [INFO]: Post bafyreif6f2ek3doxuknizkn2jatdtqesoby5hz3wipn4vbnlm6aof6titm posted outside time limit. (get_posts bluesky.py:39)
2026-08-23 06:53:40 [DEBUG]: Post created at: 2026-07-22 15:15:36 (get_posts bluesky.py:33)
2026-08-23 06:53:40 [INFO]: Post bafyreigbxvo544aahrqrrukb3i2h6nnnjv73bddkd5gewt73b2fqovobui posted outside time limit. (get_posts bluesky.py:39)
2026-08-23 06:53:40 [DEBUG]: Post created at: 2026-07-20 12:33:32 (get_posts bluesky.py:33)
2026-08-23 06:53:40 [INFO]: Post bafyreibrtm3v3ucg73br5shdear4zmw4w5f33w5q2ulxbcrf4suakyhmpq posted outside time limit. (get_posts bluesky.py:39)
2026-08-23 06:53:40 [DEBUG]: Post created at: 2026-07-17 11:35:56 (get_posts bluesky.py:33)
2026-08-23 06:53:40 [INFO]: Post bafyreidtxvowahst6h6tvquj5g3uo26gjcgmkvggwg3e44pchoyq4unb4i posted outside time limit. (get_posts bluesky.py:39)
2026-08-23 06:53:40 [DEBUG]: Post created at: 2026-07-06 14:05:46 (get_posts bluesky.py:33)
2026-08-23 06:53:40 [INFO]: Post bafyreiblrulfzvgmmsltp3nywyhksmj4dr257fkhuhoquhhh4vkwr4zzsu posted outside time limit. (get_posts bluesky.py:39)
2026-08-23 06:53:40 [DEBUG]: Post created at: 2026-06-30 16:37:16 (get_posts bluesky.py:33)
2026-08-23 06:53:40 [INFO]: Post bafyreib46tjmeeqwcvj6wiw75b24fza7oug4heiy2ciuww366uibqrqsbe posted outside time limit. (get_posts bluesky.py:39)
2026-08-23 06:53:40 [DEBUG]: Post created at: 2026-06-24 11:17:45 (get_posts bluesky.py:33)
2026-08-23 06:53:40 [INFO]: Post bafyreidt2ygeayems7i7paeb24ig5l2v7lcmtfhrdi4uhrxfjm4thubecq posted outside time limit. (get_posts bluesky.py:39)
2026-08-23 06:53:40 [DEBUG]: Post created at: 2026-06-17 13:46:03 (get_posts bluesky.py:33)
2026-08-23 06:53:40 [INFO]: Post bafyreieekpu7ys5y3dujnzaoq62fikjxndci6yr6qzasdfictup376i3lq posted outside time limit. (get_posts bluesky.py:39)
2026-08-23 06:53:40 [DEBUG]: Post created at: 2026-06-02 18:05:16 (get_posts bluesky.py:33)
2026-08-23 06:53:40 [INFO]: Post bafyreibwhlbkkwktshb56dytljna7wlvy45dkdd7vqawv5xpvqd3btb5tu posted outside time limit. (get_posts bluesky.py:39)
2026-08-23 06:53:40 [DEBUG]: Post created at: 2026-05-28 12:42:25 (get_posts bluesky.py:33)
2026-08-23 06:53:40 [INFO]: Post bafyreigew3jv7boj7icxdil3sho3r5u6qnvgmiwkfvx5yszmyzbwuz7pwu posted outside time limit. (get_posts bluesky.py:39)
2026-08-23 06:53:40 [DEBUG]: Post created at: 2026-05-27 18:13:32 (get_posts bluesky.py:33)
2026-08-23 06:53:40 [INFO]: Post bafyreicomu6cn7rxnkk4gmfp235wbntlseyony4hstbw3m5ipnxjqzma54 posted outside time limit. (get_posts bluesky.py:39)
2026-08-23 06:53:40 [DEBUG]: Post created at: 2026-05-21 16:52:19 (get_posts bluesky.py:33)
2026-08-23 06:53:40 [INFO]: Post bafyreifgxpvh535rsbgturdrvuix3yrkwwzdxxfvmcif3tgn5ae46i25ca posted outside time limit. (get_posts bluesky.py:39)
2026-08-23 06:53:40 [DEBUG]: Post created at: 2026-05-18 11:38:35 (get_posts bluesky.py:33)
2026-08-23 06:53:40 [INFO]: Post bafyreif3vacnffmfmavpf7x2gwtddexvcrqmcetogbnzbca52sfygsnl3i posted outside time limit. (get_posts bluesky.py:39)
2026-08-23 06:53:40 [DEBUG]: Post created at: 2026-05-12 12:15:04 (get_posts bluesky.py:33)
2026-08-23 06:53:40 [INFO]: Post bafyreigir5vldhynmmhee7b5scolawrc2twgukmpbfvlrc66aqji4vlbbu posted outside time limit. (get_posts bluesky.py:39)
2026-08-23 06:53:40 [DEBUG]: Post created at: 2026-05-07 13:44:19 (get_posts bluesky.py:33)
2026-08-23 06:53:40 [INFO]: Post bafyreibmmqchdd5ocewgcdwj2zawtqsn5jlx7jumuqdij7nn6f77t3tpri posted outside time limit. (get_posts bluesky.py:39)
2026-08-23 06:53:40 [DEBUG]: Post created at: 2026-05-04 12:46:03 (get_posts bluesky.py:33)
2026-08-23 06:53:40 [INFO]: Post bafyreicpdt7qhotsxspx6lo4xl5rwzxeeanscduabrvruycpppoonyz6tm posted outside time limit. (get_posts bluesky.py:39)
2026-08-23 06:53:40 [DEBUG]: Post created at: 2026-04-30 14:02:43 (get_posts bluesky.py:33)
2026-08-23 06:53:40 [INFO]: Post bafyreie2qsbv7gjgphjshteqeuzf4pe2dkr4cu3aty2a27kjai4swzebtq posted outside time limit. (get_posts bluesky.py:39)
2026-08-23 06:53:40 [DEBUG]: Post created at: 2026-04-22 14:53:48 (get_posts bluesky.py:33)
2026-08-23 06:53:40 [INFO]: Post bafyreicdui5gpvu6eri4oggsvvgxqb4rb3oy3l2ymmnmffpwz6t3oz2yne posted outside time limit. (get_posts bluesky.py:39)
2026-08-23 06:53:40 [DEBUG]: Post created at: 2026-04-15 13:40:00 (get_posts bluesky.py:33)
2026-08-23 06:53:40 [INFO]: Post bafyreidshdytdhy7f6q3a5yuchedy53verbugnulbbwvllnxofvzpze4re posted outside time limit. (get_posts bluesky.py:39)
2026-08-23 06:53:40 [DEBUG]: Post created at: 2026-04-13 16:38:02 (get_posts bluesky.py:33)
2026-08-23 06:53:40 [INFO]: Post bafyreiauh7o5v67ac256ngxkoqkqnio2e2kmdzdzzqt6vxq32td7gatkmy posted outside time limit. (get_posts bluesky.py:39)
2026-08-23 06:53:40 [DEBUG]: Post created at: 2026-04-10 13:14:36 (get_posts bluesky.py:33)
2026-08-23 06:53:40 [INFO]: Post bafyreifrh7fshwfax4ntkkzh4kal7hstv46kgxa4qlogxu7z7gjxr3ppgu posted outside time limit. (get_posts bluesky.py:39)
2026-08-23 06:53:40 [DEBUG]: Post created at: 2026-04-01 14:22:07 (get_posts bluesky.py:33)
2026-08-23 06:53:40 [INFO]: Post bafyreih2ht6th7xmwvmptcmfdfr5cbdgeavpps6jqyt6xysm37j34w6rge posted outside time limit. (get_posts bluesky.py:39)
2026-08-23 06:53:40 [DEBUG]: Post created at: 2026-03-26 14:42:37 (get_posts bluesky.py:33)
2026-08-23 06:53:40 [INFO]: Post bafyreicfxh453sypukedfr6mfj76tr6uz3osxwb3jfv5ywwecuvhbf267u posted outside time limit. (get_posts bluesky.py:39)
2026-08-23 06:53:40 [DEBUG]: Post created at: 2026-03-26 13:54:10 (get_posts bluesky.py:33)
2026-08-23 06:53:40 [INFO]: Post bafyreifuq22kydpi7ctnxtvy6zww2yzomvsrhq6x2dleqjas62m3p5zo3m posted outside time limit. (get_posts bluesky.py:39)
2026-08-23 06:53:40 [DEBUG]: Post created at: 2026-03-24 22:10:18 (get_posts bluesky.py:33)
2026-08-23 06:53:40 [INFO]: Post bafyreigv5zvvt4yc5xsxkjjliryumxazef75ib5hsmnhtibcncwxoxvnfm posted outside time limit. (get_posts bluesky.py:39)
2026-08-23 06:53:40 [DEBUG]: Post created at: 2026-03-19 14:44:04 (get_posts bluesky.py:33)
2026-08-23 06:53:40 [INFO]: Post bafyreif2f6qv2mgg6cd7amog5rhlfce6br7a6jwoygh7j5szpujkxbw7lq posted outside time limit. (get_posts bluesky.py:39)
2026-08-23 06:53:40 [DEBUG]: Post created at: 2026-03-11 15:06:56 (get_posts bluesky.py:33)
2026-08-23 06:53:40 [INFO]: Post bafyreicdvogziwifeeulpxdanjzw2hhz2x563zmhsulsol6cc2g4awgdzm posted outside time limit. (get_posts bluesky.py:39)
2026-08-23 06:53:40 [DEBUG]: Post created at: 2026-03-10 13:42:44 (get_posts bluesky.py:33)
2026-08-23 06:53:40 [INFO]: Post bafyreievqd6tqe2jmv27cfpq5qfipsop37wgy5tmnrxcgj5pg6c73ziqhe posted outside time limit. (get_posts bluesky.py:39)
2026-08-23 06:53:40 [DEBUG]: Post created at: 2026-02-27 13:14:55 (get_posts bluesky.py:33)
2026-08-23 06:53:40 [INFO]: Post bafyreihnhuuasms57pqkf7igt3c76hf6yngh75wdqpi2zsjqkyv33mn45e posted outside time limit. (get_posts bluesky.py:39)
2026-08-23 06:53:40 [DEBUG]: Post created at: 2026-02-24 16:23:10 (get_posts bluesky.py:33)
2026-08-23 06:53:40 [INFO]: Post bafyreide2tzdyz3qhqvp6dvacl4lo2xhv6sr6gx3jq6ogve525scwql7mi posted outside time limit. (get_posts bluesky.py:39)
2026-08-23 06:53:40 [DEBUG]: Post created at: 2026-02-18 15:42:15 (get_posts bluesky.py:33)
2026-08-23 06:53:40 [INFO]: Post bafyreierb4dlpinmyb7vig7fxqcvt3jgwebafz4bjndrkfzydb5hago4py posted outside time limit. (get_posts bluesky.py:39)
2026-08-23 06:53:40 [DEBUG]: Post created at: 2026-02-13 13:50:14 (get_posts bluesky.py:33)
2026-08-23 06:53:40 [INFO]: Post bafyreiaig2my7kiizjlekleu7edp5chbzu4tonydswkd7j4xawrrklnpea posted outside time limit. (get_posts bluesky.py:39)
2026-08-23 06:53:40 [DEBUG]: Post created at: 2026-02-11 15:17:23 (get_posts bluesky.py:33)
2026-08-23 06:53:40 [INFO]: Post bafyreiaggywu7xfcr3hdbey7tqklccqal2ixepuh6oxtqkyabjhrfpey5y posted outside time limit. (get_posts bluesky.py:39)
2026-08-23 06:53:40 [DEBUG]: Post created at: 2026-02-09 20:47:56 (get_posts bluesky.py:33)
2026-08-23 06:53:40 [INFO]: Post bafyreiegxryprnsav7l5m2duvjrdpuxmd62pglm6dfhladwumo6hb7n73m posted outside time limit. (get_posts bluesky.py:39)
2026-08-23 06:53:40 [DEBUG]: Post created at: 2026-02-04 21:31:32 (get_posts bluesky.py:33)
2026-08-23 06:53:40 [INFO]: Post bafyreiauk2lyeyl7tomeltjaadmgz4auvla2j6itigb2wsu6n52sqbwndu posted outside time limit. (get_posts bluesky.py:39)
2026-08-23 06:53:40 [DEBUG]: Post created at: 2026-02-03 15:53:41 (get_posts bluesky.py:33)
2026-08-23 06:53:40 [INFO]: Post bafyreidbfzjy6zmupb6yp2zrp77ulb7ejvdfu2lawhjkdhg7ekkfoyfzke posted outside time limit. (get_posts bluesky.py:39)
2026-08-23 06:53:40 [DEBUG]: Post created at: 2026-02-02 14:12:40 (get_posts bluesky.py:33)
2026-08-23 06:53:40 [INFO]: Post bafyreibs77nvnmgxegsi2a3q34gvw6gvtffjrta3mgvjmmxq6dagrlaprq posted outside time limit. (get_posts bluesky.py:39)
2026-08-23 06:53:40 [DEBUG]: Post created at: 2026-01-31 17:16:33 (get_posts bluesky.py:33)
2026-08-23 06:53:40 [INFO]: Post bafyreidu7qm22ionzyatpqfiuqfyiio3royiaf4beodokuiwns6f6cl53i posted outside time limit. (get_posts bluesky.py:39)
2026-08-23 06:53:40 [DEBUG]: Post created at: 2026-01-28 13:09:15 (get_posts bluesky.py:33)
2026-08-23 06:53:40 [INFO]: Post bafyreiagqnn3nlo5ftumr3kbsm6zji76ga24ki2373uhb3xxl4o6orajka posted outside time limit. (get_posts bluesky.py:39)
2026-08-23 06:53:40 [DEBUG]: Post created at: 2026-01-27 12:33:02 (get_posts bluesky.py:33)
2026-08-23 06:53:40 [INFO]: Post bafyreifuscbokcel27xngzhkrzopzkb632pmpljpmmbbure5jn5hevtsgq posted outside time limit. (get_posts bluesky.py:39)
2026-08-23 06:53:40 [DEBUG]: Post created at: 2026-01-22 14:21:10 (get_posts bluesky.py:33)
2026-08-23 06:53:40 [INFO]: Post bafyreiagapzgbtv5j2rsn573qr7o7kz73t74l7ypk2eyfahtf6sc5fdjsi posted outside time limit. (get_posts bluesky.py:39)
2026-08-23 06:53:40 [DEBUG]: Post created at: 2026-01-21 13:15:06 (get_posts bluesky.py:33)
2026-08-23 06:53:40 [INFO]: Post bafyreie6wukbdijlqzvjkk4ifh26mdphsaajw26hlqdkohpqcwhuvinmyq posted outside time limit. (get_posts bluesky.py:39)
2026-08-23 06:53:40 [DEBUG]: Post created at: 2026-01-16 16:05:12 (get_posts bluesky.py:33)
2026-08-23 06:53:40 [INFO]: Post bafyreicxzwxqthabj7pnlubsgptgkrsy3x7oxqkp3xahy6tv4gg5yqf2ju posted outside time limit. (get_posts bluesky.py:39)
2026-08-23 06:53:40 [DEBUG]: Post created at: 2026-01-12 13:15:19 (get_posts bluesky.py:33)
2026-08-23 06:53:40 [INFO]: Post bafyreibdn3xxyolwdpeqkewnnprrra2cgk5kbcxcbxywh4lkz3ulcilrqi posted outside time limit. (get_posts bluesky.py:39)
2026-08-23 06:53:40 [DEBUG]: Post created at: 2026-01-08 13:18:56 (get_posts bluesky.py:33)
2026-08-23 06:53:40 [INFO]: Post bafyreietgnh4gc7s4leq7bvqmrgmvznpshszycyy34rd4rnwavw5oghegy posted outside time limit. (get_posts bluesky.py:39)
2026-08-23 06:53:40 [DEBUG]: Post created at: 2025-12-29 13:08:03 (get_posts bluesky.py:33)
2026-08-23 06:53:40 [INFO]: Post bafyreid4dehmzir4jnany3gopw2xqocuxvcrs5fgjysjvzdyqst6gdaqdm posted outside time limit. (get_posts bluesky.py:39)
2026-08-23 06:53:40 [WARNING]: No posts found from input. (get_posts fetch.py:18)
